emcc (Emscripten gcc/clang-like replacement + linker emulating GNU ld) 4.0.8 (70404efec4458b60b953bc8f1529f2fa112cdfd1)
COMPILING (small)
/bin/sh: 1: pkg-config: not found
/bin/sh: 1: pkg-config: not found
/bin/sh: 1: pkg-config: not found
/bin/sh: 1: pkg-config: not found
/bin/sh: 1: pkg-config: not found
/bin/sh: 1: pkg-config: not found
/bin/sh: 1: pkg-config: not found
/bin/sh: 1: pkg-config: not found
/bin/sh: 1: pkg-config: not found
/bin/sh: 1: pkg-config: not found
/bin/sh: 1: pkg-config: not found
/bin/sh: 1: pkg-config: not found
/bin/sh: 1: pkg-config: not found
/bin/sh: 1: pkg-config: not found
/bin/sh: 1: pkg-config: not found
/bin/sh: 1: pkg-config: not found
    CC build/wasm/small/source/fitz/archive.o
    CC build/wasm/small/source/fitz/barcode.o
    CC build/wasm/small/source/fitz/bbox-device.o
    CC build/wasm/small/source/fitz/bidi-std.o
    CC build/wasm/small/source/fitz/bidi.o
    CC build/wasm/small/source/fitz/bitmap.o
    CC build/wasm/small/source/fitz/brotli.o
    CC build/wasm/small/source/fitz/buffer.o
    CC build/wasm/small/source/fitz/color-fast.o
    CC build/wasm/small/source/fitz/color-icc-create.o
    CC build/wasm/small/source/fitz/color-lcms.o
    CC build/wasm/small/source/fitz/colorspace.o
    CC build/wasm/small/source/fitz/compress.o
    CC build/wasm/small/source/fitz/compressed-buffer.o
    CC build/wasm/small/source/fitz/context.o
    CC build/wasm/small/source/fitz/crypt-aes.o
    CC build/wasm/small/source/fitz/crypt-arc4.o
    CC build/wasm/small/source/fitz/crypt-md5.o
    CC build/wasm/small/source/fitz/crypt-sha2.o
    CC build/wasm/small/source/fitz/cull-device.o
    CC build/wasm/small/source/fitz/deskew.o
    CC build/wasm/small/source/fitz/device.o
    CC build/wasm/small/source/fitz/directory.o
    CC build/wasm/small/source/fitz/document-all.o
    CC build/wasm/small/source/fitz/document.o
    CC build/wasm/small/source/fitz/draw-affine.o
    CC build/wasm/small/source/fitz/draw-blend.o
    CC build/wasm/small/source/fitz/draw-device.o
    CC build/wasm/small/source/fitz/draw-edge.o
    CC build/wasm/small/source/fitz/draw-edgebuffer.o
    CC build/wasm/small/source/fitz/draw-glyph.o
    CC build/wasm/small/source/fitz/draw-mesh.o
    CC build/wasm/small/source/fitz/draw-paint.o
    CC build/wasm/small/source/fitz/draw-path.o
    CC build/wasm/small/source/fitz/draw-rasterize.o
    CC build/wasm/small/source/fitz/draw-scale-simple.o
    CC build/wasm/small/source/fitz/draw-unpack.o
    CC build/wasm/small/source/fitz/encode-basic.o
    CC build/wasm/small/source/fitz/encode-fax.o
    CC build/wasm/small/source/fitz/encode-jpx.o
    CC build/wasm/small/source/fitz/encodings.o
    CC build/wasm/small/source/fitz/error.o
    CC build/wasm/small/source/fitz/filter-basic.o
    CC build/wasm/small/source/fitz/filter-brotli.o
    CC build/wasm/small/source/fitz/filter-dct.o
    CC build/wasm/small/source/fitz/filter-fax.o
    CC build/wasm/small/source/fitz/filter-flate.o
    CC build/wasm/small/source/fitz/filter-jbig2.o
    CC build/wasm/small/source/fitz/filter-leech.o
    CC build/wasm/small/source/fitz/filter-lzw.o
    CC build/wasm/small/source/fitz/filter-predict.o
    CC build/wasm/small/source/fitz/filter-sgi.o
    CC build/wasm/small/source/fitz/filter-thunder.o
    CC build/wasm/small/source/fitz/font.o
    CC build/wasm/small/source/fitz/ftoa.o
    CC build/wasm/small/source/fitz/geometry.o
    CC build/wasm/small/source/fitz/getopt.o
    CC build/wasm/small/source/fitz/glyph.o
    CC build/wasm/small/source/fitz/glyphbox.o
    CC build/wasm/small/source/fitz/gz-doc.o
    CC build/wasm/small/source/fitz/halftone.o
    CC build/wasm/small/source/fitz/harfbuzz.o
    CC build/wasm/small/source/fitz/hash.o
    CC build/wasm/small/source/fitz/heap.o
    CC build/wasm/small/source/fitz/hyphen.o
    CC build/wasm/small/source/fitz/image.o
    CC build/wasm/small/source/fitz/jmemcust.o
    CC build/wasm/small/source/fitz/json.o
    CC build/wasm/small/source/fitz/leptonica-wrap.o
    CC build/wasm/small/source/fitz/link.o
    CC build/wasm/small/source/fitz/list-device.o
    CC build/wasm/small/source/fitz/load-bmp.o
    CC build/wasm/small/source/fitz/load-gif.o
    CC build/wasm/small/source/fitz/load-jbig2.o
    CC build/wasm/small/source/fitz/load-jpeg.o
    CC build/wasm/small/source/fitz/load-jpx.o
    CC build/wasm/small/source/fitz/load-jxr.o
    CC build/wasm/small/source/fitz/load-png.o
    CC build/wasm/small/source/fitz/load-pnm.o
    CC build/wasm/small/source/fitz/load-psd.o
    CC build/wasm/small/source/fitz/load-tiff.o
    CC build/wasm/small/source/fitz/log.o
    CC build/wasm/small/source/fitz/memento.o
    CC build/wasm/small/source/fitz/memory.o
    CC build/wasm/small/source/fitz/noto.o
    CC build/wasm/small/source/fitz/ocr-device.o
    CC build/wasm/small/source/fitz/options.o
    CC build/wasm/small/source/fitz/outline.o
    CC build/wasm/small/source/fitz/output-cbz.o
    CC build/wasm/small/source/fitz/output-csv.o
    CC build/wasm/small/source/fitz/output-docx.o
    CC build/wasm/small/source/fitz/output-jpeg.o
    CC build/wasm/small/source/fitz/output-pcl.o
    CC build/wasm/small/source/fitz/output-pclm.o
    CC build/wasm/small/source/fitz/output-pdfocr.o
    CC build/wasm/small/source/fitz/output-png.o
    CC build/wasm/small/source/fitz/output-pnm.o
    CC build/wasm/small/source/fitz/output-ps.o
    CC build/wasm/small/source/fitz/output-psd.o
    CC build/wasm/small/source/fitz/output-pwg.o
    CC build/wasm/small/source/fitz/output-svg.o
    CC build/wasm/small/source/fitz/output.o
    CC build/wasm/small/source/fitz/path.o
    CC build/wasm/small/source/fitz/pixmap.o
    CC build/wasm/small/source/fitz/pool.o
    CC build/wasm/small/source/fitz/printf.o
    CC build/wasm/small/source/fitz/random.o
    CC build/wasm/small/source/fitz/regexp.o
    CC build/wasm/small/source/fitz/separation.o
    CC build/wasm/small/source/fitz/shade.o
    CC build/wasm/small/source/fitz/skew.o
    CC build/wasm/small/source/fitz/stext-boxer.o
    CC build/wasm/small/source/fitz/stext-classify.o
    CC build/wasm/small/source/fitz/stext-device.o
    CC build/wasm/small/source/fitz/stext-iterator.o
    CC build/wasm/small/source/fitz/stext-output.o
    CC build/wasm/small/source/fitz/stext-para.o
    CC build/wasm/small/source/fitz/stext-raft.o
    CC build/wasm/small/source/fitz/stext-search.o
    CC build/wasm/small/source/fitz/stext-table.o
    CC build/wasm/small/source/fitz/store.o
    CC build/wasm/small/source/fitz/stream-open.o
    CC build/wasm/small/source/fitz/stream-read.o
    CC build/wasm/small/source/fitz/string.o
    CC build/wasm/small/source/fitz/strtof.o
    CC build/wasm/small/source/fitz/subset-cff.o
    CC build/wasm/small/source/fitz/subset-ttf.o
    CC build/wasm/small/source/fitz/svg-device.o
    CC build/wasm/small/source/fitz/test-device.o
    CC build/wasm/small/source/fitz/text-decoder.o
    CC build/wasm/small/source/fitz/text.o
    CC build/wasm/small/source/fitz/time.o
    CC build/wasm/small/source/fitz/trace-device.o
    CC build/wasm/small/source/fitz/track-usage.o
    CC build/wasm/small/source/fitz/transition.o
    CC build/wasm/small/source/fitz/tree.o
    CC build/wasm/small/source/fitz/ucdn.o
    CC build/wasm/small/source/fitz/uncfb.o
    CC build/wasm/small/source/fitz/unlibarchive.o
    CC build/wasm/small/source/fitz/untar.o
    CC build/wasm/small/source/fitz/unzip.o
    CC build/wasm/small/source/fitz/util.o
    CC build/wasm/small/source/fitz/warp.o
    CC build/wasm/small/source/fitz/writer.o
    CC build/wasm/small/source/fitz/xml-write.o
    CC build/wasm/small/source/fitz/xml.o
    CC build/wasm/small/source/fitz/xmltext-device.o
    CC build/wasm/small/source/fitz/zip.o
    CXX build/wasm/small/source/fitz/tessocr.o
    CXX build/wasm/small/source/fitz/zxingbarcode.o
    CC build/wasm/small/source/pdf/pdf-af.o
    CC build/wasm/small/source/pdf/pdf-annot.o
    CC build/wasm/small/source/pdf/pdf-appearance.o
    CC build/wasm/small/source/pdf/pdf-clean-file.o
    CC build/wasm/small/source/pdf/pdf-clean.o
    CC build/wasm/small/source/pdf/pdf-cmap-load.o
    CC build/wasm/small/source/pdf/pdf-cmap-parse.o
    CC build/wasm/small/source/pdf/pdf-cmap.o
    CC build/wasm/small/source/pdf/pdf-colorspace.o
    CC build/wasm/small/source/pdf/pdf-crypt.o
    CC build/wasm/small/source/pdf/pdf-device.o
    CC build/wasm/small/source/pdf/pdf-event.o
    CC build/wasm/small/source/pdf/pdf-font-add.o
    CC build/wasm/small/source/pdf/pdf-font.o
    CC build/wasm/small/source/pdf/pdf-form.o
    CC build/wasm/small/source/pdf/pdf-function.o
    CC build/wasm/small/source/pdf/pdf-graft.o
    CC build/wasm/small/source/pdf/pdf-image-rewriter.o
    CC build/wasm/small/source/pdf/pdf-image.o
    CC build/wasm/small/source/pdf/pdf-interpret.o
    CC build/wasm/small/source/pdf/pdf-js.o
    CC build/wasm/small/source/pdf/pdf-label.o
    CC build/wasm/small/source/pdf/pdf-layer.o
    CC build/wasm/small/source/pdf/pdf-layout.o
    CC build/wasm/small/source/pdf/pdf-lex.o
    CC build/wasm/small/source/pdf/pdf-link.o
    CC build/wasm/small/source/pdf/pdf-metrics.o
    CC build/wasm/small/source/pdf/pdf-nametree.o
    CC build/wasm/small/source/pdf/pdf-object.o
source/pdf/pdf-object.c:250:47: warning: format specifies type 'long' but the argument has type 'int64_t' (aka 'long long') [-Wformat]
  250 |                 fz_warn(ctx, "invalid object number (%ld)", num);
      |                                                      ~~~    ^~~
      |                                                      %lld
    CC build/wasm/small/source/pdf/pdf-op-buffer.o
1 warning generated.
    CC build/wasm/small/source/pdf/pdf-op-color.o
    CC build/wasm/small/source/pdf/pdf-op-filter.o
    CC build/wasm/small/source/pdf/pdf-op-run.o
    CC build/wasm/small/source/pdf/pdf-op-vectorize.o
    CC build/wasm/small/source/pdf/pdf-outline.o
    CC build/wasm/small/source/pdf/pdf-page.o
    CC build/wasm/small/source/pdf/pdf-parse.o
    CC build/wasm/small/source/pdf/pdf-pattern.o
    CC build/wasm/small/source/pdf/pdf-recolor.o
    CC build/wasm/small/source/pdf/pdf-repair.o
    CC build/wasm/small/source/pdf/pdf-resources.o
    CC build/wasm/small/source/pdf/pdf-run.o
    CC build/wasm/small/source/pdf/pdf-shade-recolor.o
    CC build/wasm/small/source/pdf/pdf-shade.o
    CC build/wasm/small/source/pdf/pdf-signature.o
    CC build/wasm/small/source/pdf/pdf-store.o
    CC build/wasm/small/source/pdf/pdf-stream.o
    CC build/wasm/small/source/pdf/pdf-struct.o
    CC build/wasm/small/source/pdf/pdf-subset.o
    CC build/wasm/small/source/pdf/pdf-type3.o
    CC build/wasm/small/source/pdf/pdf-unicode.o
    CC build/wasm/small/source/pdf/pdf-util.o
    CC build/wasm/small/source/pdf/pdf-write.o
    CC build/wasm/small/source/pdf/pdf-xobject.o
    CC build/wasm/small/source/pdf/pdf-xref.o
    CC build/wasm/small/source/pdf/pdf-zugferd.o
    CC build/wasm/small/source/html/css-apply.o
    CC build/wasm/small/source/html/css-parse.o
    CC build/wasm/small/source/html/epub-doc.o
    CC build/wasm/small/source/html/html-doc.o
    CC build/wasm/small/source/html/html-font.o
    CC build/wasm/small/source/html/html-layout.o
    CC build/wasm/small/source/html/html-outline.o
    CC build/wasm/small/source/html/html-parse.o
    CC build/wasm/small/source/html/md.o
    CC build/wasm/small/source/html/mobi.o
    CC build/wasm/small/source/html/office.o
    CC build/wasm/small/source/html/story-writer.o
    CC build/wasm/small/source/html/txt.o
    CC build/wasm/small/source/html/xml-dom.o
    CC build/wasm/small/source/reflow/reflow-doc.o
    CC build/wasm/small/source/cbz/mucbz.o
    CC build/wasm/small/source/cbz/muimg.o
    CC build/wasm/small/generated/resources/fonts/urw/Dingbats.cff.o
    CC build/wasm/small/generated/resources/fonts/urw/NimbusBoxes-Regular.cff.o
    CC build/wasm/small/generated/resources/fonts/urw/NimbusMonoPS-Bold.cff.o
    CC build/wasm/small/generated/resources/fonts/urw/NimbusMonoPS-BoldItalic.cff.o
    CC build/wasm/small/generated/resources/fonts/urw/NimbusMonoPS-Italic.cff.o
    CC build/wasm/small/generated/resources/fonts/urw/NimbusMonoPS-Regular.cff.o
    CC build/wasm/small/generated/resources/fonts/urw/NimbusRoman-Bold.cff.o
    CC build/wasm/small/generated/resources/fonts/urw/NimbusRoman-BoldItalic.cff.o
    CC build/wasm/small/generated/resources/fonts/urw/NimbusRoman-Italic.cff.o
    CC build/wasm/small/generated/resources/fonts/urw/NimbusRoman-Regular.cff.o
    CC build/wasm/small/generated/resources/fonts/urw/NimbusSans-Bold.cff.o
    CC build/wasm/small/generated/resources/fonts/urw/NimbusSans-BoldItalic.cff.o
    CC build/wasm/small/generated/resources/fonts/urw/NimbusSans-Italic.cff.o
    CC build/wasm/small/generated/resources/fonts/urw/NimbusSans-Regular.cff.o
    CC build/wasm/small/generated/resources/fonts/urw/StandardSymbolsPS.cff.o
    GEN generated/resources/fonts/droid/DroidSansFallback.ttf.c
    CC build/wasm/small/thirdparty/cmark-gfm/src/arena.o
    CC build/wasm/small/thirdparty/cmark-gfm/src/blocks.o
    CC build/wasm/small/thirdparty/cmark-gfm/src/buffer.o
    CC build/wasm/small/thirdparty/cmark-gfm/src/cmark.o
    CC build/wasm/small/thirdparty/cmark-gfm/src/cmark_ctype.o
    CC build/wasm/small/thirdparty/cmark-gfm/src/footnotes.o
    CC build/wasm/small/thirdparty/cmark-gfm/src/houdini_href_e.o
    CC build/wasm/small/thirdparty/cmark-gfm/src/houdini_html_e.o
    CC build/wasm/small/thirdparty/cmark-gfm/src/houdini_html_u.o
    CC build/wasm/small/thirdparty/cmark-gfm/src/html.o
    CC build/wasm/small/thirdparty/cmark-gfm/src/inlines.o
    CC build/wasm/small/thirdparty/cmark-gfm/src/iterator.o
    CC build/wasm/small/thirdparty/cmark-gfm/src/linked_list.o
    CC build/wasm/small/thirdparty/cmark-gfm/src/map.o
    CC build/wasm/small/thirdparty/cmark-gfm/src/node.o
    CC build/wasm/small/thirdparty/cmark-gfm/src/plugin.o
    CC build/wasm/small/thirdparty/cmark-gfm/src/references.o
    CC build/wasm/small/thirdparty/cmark-gfm/src/registry.o
    CC build/wasm/small/thirdparty/cmark-gfm/src/scanners.o
    CC build/wasm/small/thirdparty/cmark-gfm/src/syntax_extension.o
    CC build/wasm/small/thirdparty/cmark-gfm/src/utf8.o
    CC build/wasm/small/thirdparty/cmark-gfm/extensions/autolink.o
    CC build/wasm/small/thirdparty/cmark-gfm/extensions/core-extensions.o
    CC build/wasm/small/thirdparty/cmark-gfm/extensions/ext_scanners.o
    CC build/wasm/small/thirdparty/cmark-gfm/extensions/strikethrough.o
    CC build/wasm/small/thirdparty/cmark-gfm/extensions/table.o
    CC build/wasm/small/thirdparty/cmark-gfm/extensions/tagfilter.o
    CC build/wasm/small/thirdparty/cmark-gfm/extensions/tasklist.o
    CC build/wasm/small/thirdparty/cmark-gfm/extensions/autoheaderid.o
    CC build/wasm/small/thirdparty/freetype/src/base/ftbase.o
    CC build/wasm/small/thirdparty/freetype/src/base/ftbbox.o
    CC build/wasm/small/thirdparty/freetype/src/base/ftbitmap.o
    CC build/wasm/small/thirdparty/freetype/src/base/ftdebug.o
    CC build/wasm/small/thirdparty/freetype/src/base/ftfstype.o
    CC build/wasm/small/thirdparty/freetype/src/base/ftgasp.o
    CC build/wasm/small/thirdparty/freetype/src/base/ftglyph.o
    CC build/wasm/small/thirdparty/freetype/src/base/ftinit.o
    CC build/wasm/small/thirdparty/freetype/src/base/ftstroke.o
    CC build/wasm/small/thirdparty/freetype/src/base/ftsynth.o
    CC build/wasm/small/thirdparty/freetype/src/base/ftsystem.o
    CC build/wasm/small/thirdparty/freetype/src/base/fttype1.o
    CC build/wasm/small/thirdparty/freetype/src/cff/cff.o
    CC build/wasm/small/thirdparty/freetype/src/cid/type1cid.o
    CC build/wasm/small/thirdparty/freetype/src/psaux/psaux.o
    CC build/wasm/small/thirdparty/freetype/src/pshinter/pshinter.o
    CC build/wasm/small/thirdparty/freetype/src/psnames/psnames.o
    CC build/wasm/small/thirdparty/freetype/src/raster/raster.o
    CC build/wasm/small/thirdparty/freetype/src/sfnt/sfnt.o
    CC build/wasm/small/thirdparty/freetype/src/smooth/smooth.o
    CC build/wasm/small/thirdparty/freetype/src/truetype/truetype.o
    CC build/wasm/small/thirdparty/freetype/src/type1/type1.o
    CC build/wasm/small/thirdparty/gumbo-parser/src/attribute.o
    CC build/wasm/small/thirdparty/gumbo-parser/src/char_ref.o
    CC build/wasm/small/thirdparty/gumbo-parser/src/error.o
    CC build/wasm/small/thirdparty/gumbo-parser/src/parser.o
    CC build/wasm/small/thirdparty/gumbo-parser/src/string_buffer.o
    CC build/wasm/small/thirdparty/gumbo-parser/src/string_piece.o
    CC build/wasm/small/thirdparty/gumbo-parser/src/tag.o
    CC build/wasm/small/thirdparty/gumbo-parser/src/tokenizer.o
    CC build/wasm/small/thirdparty/gumbo-parser/src/utf8.o
    CC build/wasm/small/thirdparty/gumbo-parser/src/util.o
    CC build/wasm/small/thirdparty/gumbo-parser/src/vector.o
    CXX build/wasm/small/thirdparty/harfbuzz/src/graph/gsubgpos-context.o
    CXX build/wasm/small/thirdparty/harfbuzz/src/hb-aat-layout.o
    CXX build/wasm/small/thirdparty/harfbuzz/src/hb-aat-map.o
    CXX build/wasm/small/thirdparty/harfbuzz/src/hb-blob.o
    CXX build/wasm/small/thirdparty/harfbuzz/src/hb-buffer.o
    CXX build/wasm/small/thirdparty/harfbuzz/src/hb-buffer-verify.o
    CXX build/wasm/small/thirdparty/harfbuzz/src/hb-buffer-serialize.o
    CXX build/wasm/small/thirdparty/harfbuzz/src/hb-common.o
    CXX build/wasm/small/thirdparty/harfbuzz/src/hb-draw.o
    CXX build/wasm/small/thirdparty/harfbuzz/src/hb-face.o
    CXX build/wasm/small/thirdparty/harfbuzz/src/hb-face-builder.o
    CXX build/wasm/small/thirdparty/harfbuzz/src/hb-fallback-shape.o
    CXX build/wasm/small/thirdparty/harfbuzz/src/hb-font.o
    CXX build/wasm/small/thirdparty/harfbuzz/src/hb-ft.o
    CXX build/wasm/small/thirdparty/harfbuzz/src/hb-map.o
    CXX build/wasm/small/thirdparty/harfbuzz/src/hb-number.o
    CXX build/wasm/small/thirdparty/harfbuzz/src/hb-ot-cff1-table.o
    CXX build/wasm/small/thirdparty/harfbuzz/src/hb-ot-cff2-table.o
    CXX build/wasm/small/thirdparty/harfbuzz/src/hb-ot-color.o
    CXX build/wasm/small/thirdparty/harfbuzz/src/hb-ot-face.o
    CXX build/wasm/small/thirdparty/harfbuzz/src/hb-ot-font.o
    CXX build/wasm/small/thirdparty/harfbuzz/src/hb-ot-layout.o
    CXX build/wasm/small/thirdparty/harfbuzz/src/hb-ot-map.o
    CXX build/wasm/small/thirdparty/harfbuzz/src/hb-ot-math.o
    CXX build/wasm/small/thirdparty/harfbuzz/src/hb-ot-meta.o
    CXX build/wasm/small/thirdparty/harfbuzz/src/hb-ot-metrics.o
    CXX build/wasm/small/thirdparty/harfbuzz/src/hb-ot-name.o
    CXX build/wasm/small/thirdparty/harfbuzz/src/hb-ot-shape.o
    CXX build/wasm/small/thirdparty/harfbuzz/src/hb-ot-shape-fallback.o
    CXX build/wasm/small/thirdparty/harfbuzz/src/hb-ot-shape-normalize.o
    CXX build/wasm/small/thirdparty/harfbuzz/src/hb-ot-shaper-arabic.o
    CXX build/wasm/small/thirdparty/harfbuzz/src/hb-ot-shaper-default.o
    CXX build/wasm/small/thirdparty/harfbuzz/src/hb-ot-shaper-hangul.o
    CXX build/wasm/small/thirdparty/harfbuzz/src/hb-ot-shaper-hebrew.o
    CXX build/wasm/small/thirdparty/harfbuzz/src/hb-ot-shaper-indic.o
    CXX build/wasm/small/thirdparty/harfbuzz/src/hb-ot-shaper-indic-table.o
    CXX build/wasm/small/thirdparty/harfbuzz/src/hb-ot-shaper-khmer.o
    CXX build/wasm/small/thirdparty/harfbuzz/src/hb-ot-shaper-myanmar.o
    CXX build/wasm/small/thirdparty/harfbuzz/src/hb-ot-shaper-syllabic.o
    CXX build/wasm/small/thirdparty/harfbuzz/src/hb-ot-shaper-thai.o
    CXX build/wasm/small/thirdparty/harfbuzz/src/hb-ot-shaper-use.o
    CXX build/wasm/small/thirdparty/harfbuzz/src/hb-ot-shaper-vowel-constraints.o
    CXX build/wasm/small/thirdparty/harfbuzz/src/hb-ot-tag.o
    CXX build/wasm/small/thirdparty/harfbuzz/src/hb-ot-var.o
    CXX build/wasm/small/thirdparty/harfbuzz/src/hb-outline.o
    CXX build/wasm/small/thirdparty/harfbuzz/src/hb-paint.o
    CXX build/wasm/small/thirdparty/harfbuzz/src/hb-paint-bounded.o
    CXX build/wasm/small/thirdparty/harfbuzz/src/hb-paint-extents.o
    CXX build/wasm/small/thirdparty/harfbuzz/src/hb-set.o
    CXX build/wasm/small/thirdparty/harfbuzz/src/hb-shape.o
    CXX build/wasm/small/thirdparty/harfbuzz/src/hb-shape-plan.o
    CXX build/wasm/small/thirdparty/harfbuzz/src/hb-shaper.o
    CXX build/wasm/small/thirdparty/harfbuzz/src/hb-static.o
    CXX build/wasm/small/thirdparty/harfbuzz/src/hb-subset.o
    CXX build/wasm/small/thirdparty/harfbuzz/src/hb-subset-cff1.o
    CXX build/wasm/small/thirdparty/harfbuzz/src/hb-subset-cff2.o
    CXX build/wasm/small/thirdparty/harfbuzz/src/hb-subset-cff-common.o
    CXX build/wasm/small/thirdparty/harfbuzz/src/hb-subset-input.o
    CXX build/wasm/small/thirdparty/harfbuzz/src/hb-subset-instancer-iup.o
    CXX build/wasm/small/thirdparty/harfbuzz/src/hb-subset-instancer-solver.o
    CXX build/wasm/small/thirdparty/harfbuzz/src/hb-subset-plan.o
    CXX build/wasm/small/thirdparty/harfbuzz/src/hb-subset-plan-layout.o
    CXX build/wasm/small/thirdparty/harfbuzz/src/hb-subset-plan-var.o
    CXX build/wasm/small/thirdparty/harfbuzz/src/hb-subset-table-cff.o
    CXX build/wasm/small/thirdparty/harfbuzz/src/hb-subset-table-color.o
    CXX build/wasm/small/thirdparty/harfbuzz/src/hb-subset-table-layout.o
    CXX build/wasm/small/thirdparty/harfbuzz/src/hb-subset-table-other.o
    CXX build/wasm/small/thirdparty/harfbuzz/src/hb-subset-table-var.o
    CXX build/wasm/small/thirdparty/harfbuzz/src/hb-ucd.o
    CXX build/wasm/small/thirdparty/harfbuzz/src/hb-unicode.o
    CXX build/wasm/small/thirdparty/harfbuzz/src/OT/Var/VARC/VARC.o
    CC build/wasm/small/thirdparty/libjpeg/jaricom.o
    CC build/wasm/small/thirdparty/libjpeg/jcapimin.o
    CC build/wasm/small/thirdparty/libjpeg/jcapistd.o
    CC build/wasm/small/thirdparty/libjpeg/jcarith.o
    CC build/wasm/small/thirdparty/libjpeg/jccoefct.o
    CC build/wasm/small/thirdparty/libjpeg/jccolor.o
    CC build/wasm/small/thirdparty/libjpeg/jcdctmgr.o
    CC build/wasm/small/thirdparty/libjpeg/jchuff.o
    CC build/wasm/small/thirdparty/libjpeg/jcinit.o
    CC build/wasm/small/thirdparty/libjpeg/jcmainct.o
    CC build/wasm/small/thirdparty/libjpeg/jcmarker.o
    CC build/wasm/small/thirdparty/libjpeg/jcmaster.o
    CC build/wasm/small/thirdparty/libjpeg/jcomapi.o
    CC build/wasm/small/thirdparty/libjpeg/jcparam.o
    CC build/wasm/small/thirdparty/libjpeg/jcprepct.o
    CC build/wasm/small/thirdparty/libjpeg/jcsample.o
    CC build/wasm/small/thirdparty/libjpeg/jdapimin.o
    CC build/wasm/small/thirdparty/libjpeg/jdapistd.o
    CC build/wasm/small/thirdparty/libjpeg/jdarith.o
    CC build/wasm/small/thirdparty/libjpeg/jdatadst.o
    CC build/wasm/small/thirdparty/libjpeg/jdatasrc.o
    CC build/wasm/small/thirdparty/libjpeg/jdcoefct.o
    CC build/wasm/small/thirdparty/libjpeg/jdcolor.o
    CC build/wasm/small/thirdparty/libjpeg/jddctmgr.o
    CC build/wasm/small/thirdparty/libjpeg/jdhuff.o
    CC build/wasm/small/thirdparty/libjpeg/jdinput.o
    CC build/wasm/small/thirdparty/libjpeg/jdmainct.o
    CC build/wasm/small/thirdparty/libjpeg/jdmarker.o
    CC build/wasm/small/thirdparty/libjpeg/jdmaster.o
    CC build/wasm/small/thirdparty/libjpeg/jdmerge.o
    CC build/wasm/small/thirdparty/libjpeg/jdpostct.o
    CC build/wasm/small/thirdparty/libjpeg/jdsample.o
    CC build/wasm/small/thirdparty/libjpeg/jdtrans.o
    CC build/wasm/small/thirdparty/libjpeg/jerror.o
    CC build/wasm/small/thirdparty/libjpeg/jfdctflt.o
    CC build/wasm/small/thirdparty/libjpeg/jfdctfst.o
    CC build/wasm/small/thirdparty/libjpeg/jfdctint.o
    CC build/wasm/small/thirdparty/libjpeg/jidctflt.o
    CC build/wasm/small/thirdparty/libjpeg/jidctfst.o
    CC build/wasm/small/thirdparty/libjpeg/jidctint.o
    CC build/wasm/small/thirdparty/libjpeg/jmemmgr.o
    CC build/wasm/small/thirdparty/libjpeg/jquant1.o
    CC build/wasm/small/thirdparty/libjpeg/jquant2.o
    CC build/wasm/small/thirdparty/libjpeg/jutils.o
    CC build/wasm/small/thirdparty/lcms2/src/cmsalpha.o
    CC build/wasm/small/thirdparty/lcms2/src/cmscam02.o
    CC build/wasm/small/thirdparty/lcms2/src/cmscgats.o
    CC build/wasm/small/thirdparty/lcms2/src/cmscnvrt.o
    CC build/wasm/small/thirdparty/lcms2/src/cmserr.o
    CC build/wasm/small/thirdparty/lcms2/src/cmsgamma.o
    CC build/wasm/small/thirdparty/lcms2/src/cmsgmt.o
    CC build/wasm/small/thirdparty/lcms2/src/cmshalf.o
    CC build/wasm/small/thirdparty/lcms2/src/cmsintrp.o
    CC build/wasm/small/thirdparty/lcms2/src/cmsio0.o
    CC build/wasm/small/thirdparty/lcms2/src/cmsio1.o
    CC build/wasm/small/thirdparty/lcms2/src/cmslut.o
    CC build/wasm/small/thirdparty/lcms2/src/cmsmd5.o
    CC build/wasm/small/thirdparty/lcms2/src/cmsmtrx.o
    CC build/wasm/small/thirdparty/lcms2/src/cmsnamed.o
    CC build/wasm/small/thirdparty/lcms2/src/cmsopt.o
    CC build/wasm/small/thirdparty/lcms2/src/cmspack.o
    CC build/wasm/small/thirdparty/lcms2/src/cmspcs.o
    CC build/wasm/small/thirdparty/lcms2/src/cmsplugin.o
    CC build/wasm/small/thirdparty/lcms2/src/cmsps2.o
    CC build/wasm/small/thirdparty/lcms2/src/cmssamp.o
    CC build/wasm/small/thirdparty/lcms2/src/cmssm.o
    CC build/wasm/small/thirdparty/lcms2/src/cmstypes.o
    CC build/wasm/small/thirdparty/lcms2/src/cmsvirt.o
    CC build/wasm/small/thirdparty/lcms2/src/cmswtpnt.o
    CC build/wasm/small/thirdparty/lcms2/src/cmsxform.o
    CC build/wasm/small/thirdparty/zlib/adler32.o
    CC build/wasm/small/thirdparty/zlib/compress.o
    CC build/wasm/small/thirdparty/zlib/crc32.o
    CC build/wasm/small/thirdparty/zlib/deflate.o
    CC build/wasm/small/thirdparty/zlib/inffast.o
    CC build/wasm/small/thirdparty/zlib/inflate.o
    CC build/wasm/small/thirdparty/zlib/inftrees.o
    CC build/wasm/small/thirdparty/zlib/trees.o
    CC build/wasm/small/thirdparty/zlib/uncompr.o
    CC build/wasm/small/thirdparty/zlib/zutil.o
    CC build/wasm/small/thirdparty/jbig2dec/jbig2.o
    CC build/wasm/small/thirdparty/jbig2dec/jbig2_arith.o
    CC build/wasm/small/thirdparty/jbig2dec/jbig2_arith_iaid.o
    CC build/wasm/small/thirdparty/jbig2dec/jbig2_arith_int.o
    CC build/wasm/small/thirdparty/jbig2dec/jbig2_generic.o
    CC build/wasm/small/thirdparty/jbig2dec/jbig2_halftone.o
    CC build/wasm/small/thirdparty/jbig2dec/jbig2_huffman.o
    CC build/wasm/small/thirdparty/jbig2dec/jbig2_hufftab.o
    CC build/wasm/small/thirdparty/jbig2dec/jbig2_image.o
    CC build/wasm/small/thirdparty/jbig2dec/jbig2_mmr.o
    CC build/wasm/small/thirdparty/jbig2dec/jbig2_page.o
    CC build/wasm/small/thirdparty/jbig2dec/jbig2_refinement.o
    CC build/wasm/small/thirdparty/jbig2dec/jbig2_segment.o
    CC build/wasm/small/thirdparty/jbig2dec/jbig2_symbol_dict.o
    CC build/wasm/small/thirdparty/jbig2dec/jbig2_text.o
    CC build/wasm/small/thirdparty/openjpeg/src/lib/openjp2/bio.o
    CC build/wasm/small/thirdparty/openjpeg/src/lib/openjp2/cio.o
    CC build/wasm/small/thirdparty/openjpeg/src/lib/openjp2/dwt.o
    CC build/wasm/small/thirdparty/openjpeg/src/lib/openjp2/event.o
    CC build/wasm/small/thirdparty/openjpeg/src/lib/openjp2/function_list.o
    CC build/wasm/small/thirdparty/openjpeg/src/lib/openjp2/ht_dec.o
    CC build/wasm/small/thirdparty/openjpeg/src/lib/openjp2/image.o
    CC build/wasm/small/thirdparty/openjpeg/src/lib/openjp2/invert.o
    CC build/wasm/small/thirdparty/openjpeg/src/lib/openjp2/j2k.o
    CC build/wasm/small/thirdparty/openjpeg/src/lib/openjp2/jp2.o
    CC build/wasm/small/thirdparty/openjpeg/src/lib/openjp2/mct.o
    CC build/wasm/small/thirdparty/openjpeg/src/lib/openjp2/mqc.o
    CC build/wasm/small/thirdparty/openjpeg/src/lib/openjp2/openjpeg.o
    CC build/wasm/small/thirdparty/openjpeg/src/lib/openjp2/pi.o
    CC build/wasm/small/thirdparty/openjpeg/src/lib/openjp2/sparse_array.o
    CC build/wasm/small/thirdparty/openjpeg/src/lib/openjp2/t1.o
    CC build/wasm/small/thirdparty/openjpeg/src/lib/openjp2/t2.o
    CC build/wasm/small/thirdparty/openjpeg/src/lib/openjp2/tcd.o
    CC build/wasm/small/thirdparty/openjpeg/src/lib/openjp2/tgt.o
    CC build/wasm/small/thirdparty/openjpeg/src/lib/openjp2/thread.o
    CC build/wasm/small/generated/resources/fonts/droid/DroidSansFallback.ttf.o
    AR build/wasm/small/libmupdf-third.a
    AR build/wasm/small/libmupdf.a
LINKING
