#0 building with "default" instance using docker driver

#1 [internal] load build definition from Dockerfile
#1 transferring dockerfile: 209B done
#1 DONE 0.0s

#2 [internal] load .dockerignore
#2 transferring context: 2B done
#2 DONE 0.0s

#3 [internal] load build context
#3 transferring context: 478.60MB 2.8s done
#3 DONE 3.0s

#4 [1/1] COPY . /engines/
#4 DONE 1.3s

#5 exporting to image
#5 exporting layers
#5 exporting layers 10.9s done
#5 exporting manifest sha256:1df890c4c8ce129e01108d2b5b3bb612f232fec0f1c7dc5f3d57cba51f749550
#5 exporting manifest sha256:1df890c4c8ce129e01108d2b5b3bb612f232fec0f1c7dc5f3d57cba51f749550 0.0s done
#5 exporting config sha256:73ccf1eb9cd0633b93148af839f7f4535576ce3cf71085b37c91177ceb1528cc 0.0s done
#5 exporting attestation manifest sha256:c6630a397b0c7238f3f0bccb4befbc6d9cc7d63491bf7adff32ba4ce263b2cbf 0.0s done
#5 exporting manifest list sha256:db07bf25ceca1fd640371372f03b6d2a946f58faff830fce25511b4b07d20146
#5 exporting manifest list sha256:db07bf25ceca1fd640371372f03b6d2a946f58faff830fce25511b4b07d20146 0.0s done
#5 naming to docker.io/library/z8-engine-validation:45601a6a-b27b-4a3e-b080-046a03ec7ff5 done
#5 unpacking to docker.io/library/z8-engine-validation:45601a6a-b27b-4a3e-b080-046a03ec7ff5
#5 unpacking to docker.io/library/z8-engine-validation:45601a6a-b27b-4a3e-b080-046a03ec7ff5 2.5s done
#5 DONE 13.6s
