✔ audio acceptance rejects incomplete routes, wrong codecs, lost tones and altered samples (17.02132ms)
✔ AIFF aliases get audio previews and new output preferences survive restart (0.46259ms)
✔ CI targets all six native OS/architecture combinations without substituting emulation (18.924722ms)
✔ diagnostic preview preserves exact reviewed bytes (0.867971ms)
✔ diagnostic preview rejects malformed ids schemas and oversized UTF-8 (0.333713ms)
✔ diagnostic action advice is bilingual and does not expose raw errors (0.140835ms)
✔ document gate rejects missing routes, coercion, unsafe resources and failed controls (11.9925ms)
✔ native fault evidence requires actual bounded injection, recovery, cleanup and platform (0.797886ms)
✔ every native architecture audits a fingerprinted complete package rather than an application-only archive (7.89386ms)
✔ frontend readiness uses reviewed routes and rejects unknown inputs even when all engines are ready (3.333839ms)
✔ inventory preserves read/write direction, excludes pseudo formats from product summary and never treats an unavailable probe as absence (0.615842ms)
✔ Windows ImageMagick inventory without module column is parsed (0.075918ms)
✔ new output preferences survive validation and old preferences remain valid (0.552632ms)
✔ image expansion gate rejects a partial or duplicate route report (9.173628ms)
✔ image expansion evidence rejects untyped decode and byte fields (10.188559ms)
✔ impact uses saved image snapshots, offsets growth and resets on clear (2.522327ms)
✔ duplicate delivery, retries and stale saved results never accumulate (0.374172ms)
✔ zero upload capability fails closed for missing backend or unknown routes (0.132668ms)
✔ desktop scenario reuses the web model and source allowlist matches (6.77997ms)
✔ result notes translate application copy without echoing unknown logs (0.508841ms)
✔ source receipt detects fixture/config/addition/deletion drift and excludes ignored secrets (378.277024ms)
✔ macOS deployment gate rejects iOS, missing metadata, incompatible minimum OS and malformed commands (1.232226ms)
✔ Mach-O embedded loader environment is rejected (0.147086ms)
✔ macOS assembler creates a checked inventory without executing foreign code and refuses overwrite (110.096451ms)
✔ Mach-O parser rejects unsupported CPU, fat, truncated and malformed load commands (0.627593ms)
✔ dyld closure rejects builder paths, rpath ambiguity and escaping loader paths (0.23992ms)
✔ macOS bundle checks every code resource and refuses missing, changed and linked dependencies (44.306243ms)
✔ Mach-O recognizes Intel without treating it as ARM64 (0.166794ms)
✔ MSIX native execution refuses Wine, Linux and Windows ARM emulation (1.287726ms)
✔ Windows registration must match identity, version, architecture and actual install folder (7.039265ms)
✔ MSIX receipt rejects null fingerprints, alias paths and missing executable (1.207476ms)
✔ MSIX default preflight never signs, installs or claims runtime acceptance (0.626592ms)
✔ successful installed workflow rechecks payload then removes its owned registration (0.361797ms)
✔ MSIX verifyInput failure remains observable and respects cleanup ownership (0.150627ms)
✔ MSIX preflight failure remains observable and respects cleanup ownership (0.096168ms)
✔ MSIX sign failure remains observable and respects cleanup ownership (0.090792ms)
✔ MSIX checkSigned failure remains observable and respects cleanup ownership (0.340255ms)
✔ MSIX install failure remains observable and respects cleanup ownership (0.355505ms)
✔ MSIX checkInstalled failure remains observable and respects cleanup ownership (0.44559ms)
✔ MSIX runtime failure remains observable and respects cleanup ownership (0.14196ms)
✔ MSIX uninstall failure remains observable and respects cleanup ownership (0.137752ms)
✔ MSIX verifyOriginal failure remains observable and respects cleanup ownership (0.183002ms)
✔ runtime and cleanup failures are both preserved (0.131585ms)
✔ an incomplete runtime report cannot pass even when the subprocess adapter resolves (0.135294ms)
✔ missing WebView2 keeps native acceptance blocked after conversions and cleanup (0.068209ms)
✔ non-Windows execute request stops before any signing or installation (0.053125ms)
✔ MSIX development configuration cannot silently become a store package (9.767261ms)
✔ MSIX manifest escapes display text and uses the explicit full-trust desktop entry (1.052181ms)
✔ MSIX icons contain real PNG headers at each required base size (7.126516ms)
✔ independent MSIX archive verification rejects corruption and unsafe archives (72.352009ms)
✔ ARM64 development MSIX declares Windows 11 for x64 subprocess compatibility (0.636176ms)
✔ supplementary notices preserve exact upstream bytes and immutable source revisions (41.720331ms)
✔ artifact matrix keeps store targets separate from local ARM evidence (3.874304ms)
✔ package validator rejects another architecture and malformed ELF (0.406381ms)
✔ acceptance cannot borrow an older candidate or count not-run checks as passed (1.639231ms)
✔ candidate build gate rejects development, debug, updater and mismatched version (0.627717ms)
✔ Windows candidate requires the compiled job-close strategy (0.811594ms)
✔ desktop preferences reject file grants, future schemas and invalid options (0.921554ms)
✔ system language uses primary preference, explicit selection wins (0.181211ms)
✔ initialization never writes defaults or overwrites a slow read (0.6128ms)
✔ failed save retains unsaved choice, revision and explicit retry (0.367339ms)
✔ ambiguous saved reply requires reload before stale retry can overwrite (0.522632ms)
✔ unreadable preferences never enable writes, can recover on explicit reload (0.137835ms)
✔ dispose suppresses late load responses and concurrent calls are ignored (4.271727ms)
✔ reactive proxy preferences are normalized into detached IPC data (0.141418ms)
✔ preview contract bounds payload, dimensions and explicit preview routes (0.802303ms)
✔ only one preview URL is retained and every switch or dispose releases it (0.495715ms)
✔ removal and disposal suppress late responses without creating a blob URL (0.109501ms)
✔ duplicate preview starts do not allocate parallel native work; failure can retry (0.137044ms)
✔ PDF first-page previews share the image byte budget (0.288212ms)
✔ media previews classify frames and covers without admitting playlists or invalid sizes (0.105793ms)
✔ candidate quality gate rejects old scope, omitted checks, duplicates and bad pixels (56.326494ms)
✔ PDF color gate checks pixels, fixed limits, all formats and negative control (1.706232ms)
✔ subscribes before snapshot and catches a completion during the first read (3.694968ms)
✔ late subscription is released after unmount (0.162669ms)
✔ old snapshots cannot replace a newer task state (0.522299ms)
✔ unmount while reading does not update the UI (1.388769ms)
✔ a failed request can recover on the next refresh (0.494424ms)
✔ contract rejects incompatible schema, duplicate tasks and malformed results (0.553466ms)
✔ reads the same contract fixture as Rust (4.922444ms)
✔ conversion settings reject unsupported DPI and unknown quality (0.163128ms)
✔ partial page contract rejects duplicate and out-of-range pages (7.360144ms)
✔ import reports are bounded and optional for older queue snapshots (0.273004ms)
✔ readiness isolates slow and failed engines while saving needs none (0.656509ms)
✔ public failure copy is bilingual and never echoes raw engine logs (0.202503ms)
✔ progress snapshot rejects stale attempts, completion percentages and log payloads (7.30481ms)
✔ failure vocabulary matches the shared Rust fixture (2.898999ms)
✔ queue schema 3 supports saving without granting input permission or claiming saved output (3.913221ms)
✔ save retry requests bind attempt and settings while normal retry stays a conversion (1.454187ms)
✔ frozen desktop scope matches UI formats, languages and artifact identities (3.663885ms)
✔ desktop CI covers every receipt input and uses the pinned Rust toolchain (19.06114ms)
✔ final Snap byte inspection stays distinct from runtime and installation acceptance (105.487138ms)
✔ final Snap inspection rejects changed engines, missing helpers and non-executable applications (172.804825ms)
✔ strict preflight rejects the real ARM/partial class of host, root and mismatched kernel (0.97393ms)
✔ installed revision must be active strict, never devmode, try or an unsafe path (0.380131ms)
✔ connections require exact GNOME, GPU, theme providers and home/display access (0.47384ms)
✔ installed mount rejects extracted directories, writable and duplicate mounts (0.179211ms)
✔ probe receipts require enforced app profile, seccomp and exact per-run nonce (0.19342ms)
✔ probe script quotes hostile-looking filenames without executing substitutions (15.408798ms)
✔ snapd uses bounded read-only Unix HTTP and validates the response envelope (10.36402ms)
▶ snapd rejects HTTP errors, malformed JSON, oversized and continuously trickling responses
  ✔ status (3.561592ms)
  ✔ json (1.460062ms)
  ✔ size (2.265698ms)
  ✔ timeout (102.322593ms)
✔ snapd rejects HTTP errors, malformed JSON, oversized and continuously trickling responses (110.556541ms)
✔ finite runner preserves split UTF-8 and rejects errors, missing commands and output overflow (67.435273ms)
✔ deadline kills detached command descendants, not just the parent (505.332044ms)
✔ installed conversion validation rejects borrowed architecture, duplicate routes and unchecked results (4.554563ms)
✔ SIGTERM stops an active finite process and releases signal listeners (43.197894ms)
✔ privileged cache digest can only read the fixed z8-work revision path (0.426089ms)
✔ Snap recipe targets core24 amd64 with explicit local file permissions (10.28806ms)
✔ Snap metadata rejects aliases, duplicate fields and oversized documents (1.863068ms)
✔ Snap metadata refuses widened permissions, services, wrong base and version (19.660191ms)
✔ Snap payload rejects Debian bundles and GTK dialogs even when architecture matches (1.376478ms)
✔ expanded Snap permits only the reviewed GNOME command chain and font hook (2.44591ms)
✔ assembly combines exact verified cache and supplement without changing originals (71.812834ms)
✔ assembly rejects a corrupt source rather than trusting a verified report (39.05667ms)
✔ assembly rejects foreign manifests and outputs inside immutable source caches (55.083143ms)
✔ snapshot metadata binds the precise source/epoch and official archive (1.064682ms)
✔ snapshot metadata rejects unsafe paths, ambiguous identities and oversized files (0.265212ms)
✔ download verifies both hashes and reuses a complete file without network (13.334103ms)
✔ real HTTP range response resumes retained prefix (22.083266ms)
✔ server ignoring Range restarts rather than appending a whole response (5.133321ms)
✔ wrong ranges, encoding and length never publish a final file (2.23649ms)
✔ truncated response is retained and a subsequent run resumes it (2.005737ms)
✔ corrupt cached prefix fails full checksum and can be downloaded cleanly next time (2.039654ms)
✔ SHA-1 alone cannot override descriptor SHA-256 and existing files are not replaced (1.450729ms)
✔ failure falls back to official historical URL; arbitrary URLs are rejected (2.214614ms)
✔ symlinks and deadline cancellation do not modify outside files or publish completion (1.491479ms)
✔ CLI rejects stale resume binding and releases the workspace lock (30.676719ms)
✔ historical aliases use the exact filename named by the source descriptor (4.253934ms)
✔ hard-linked partial files cannot be truncated by a resume (1.23135ms)
✔ a stalled HTTP response is aborted by the overall deadline (105.361094ms)
✔ metadata retries network failures once and does not retry a missing version (2.204864ms)
✔ CLI refuses a workspace held by another collector (24.545717ms)
✔ SIGTERM produces a failed checkpoint and releases the collector lock (39.065795ms)
✔ Debian source identity preserves epoch and binNMU distinction (1.303018ms)
✔ control parser handles signed CRLF and rejects duplicate fields (0.129461ms)
✔ both static source declaration fields require exact versions (0.196711ms)
✔ bundle audit checks every byte and rejects unlisted or changed files (18.651427ms)
✔ package-relative files reject traversal and symbolic links (1.802359ms)
✔ exact Debian content resolves extracted resources and preserves static source requirements (9.881472ms)
✔ wrong or ambiguous Debian content cannot certify package ownership (4.656107ms)
✔ source descriptor requires exact hashes, lengths and the Debian patch archive (3.687801ms)
✔ another source version cannot satisfy a matching package name (3.699427ms)
✔ source descriptor refuses path escapes and missing declared files (1.796191ms)
✔ Debian catalog reads real archive content without installing or extracting it (54.126587ms)
✔ installed metadata must match the recorded binary and source versions (7.554438ms)
✔ missing notices are distinguished from unmapped runtime files (4.127057ms)
✔ an arbitrary transformation cannot bypass origin integrity (7.858317ms)
✔ audit refuses output inside the original engine bundle (25.006432ms)
✔ storage diagnostics distinguish locations and round capacity conservatively (13.186392ms)
✔ u64 storage diagnostics are handled without unsafe number coercion (0.170419ms)
✔ file-entry exhaustion and permission errors offer actionable localized recovery (0.259504ms)
✔ unrelated or malformed errors pass through as text (0.110585ms)
✔ current store drafts retain all unresolved acceptance and account gates (3.936471ms)
✔ listing languages, supported text and store field limits are checked (1.357269ms)
✔ privacy/support pages escape text, work without scripts and match checked-in output (2.468285ms)
✔ PNG validation rejects truncation, forged dimensions and corrupt image bytes (14.219448ms)
✔ hashed references reject stale files and paths outside the dossier workspace (11.757164ms)
✔ synthetic complete metadata reaches human review, not store approval (17.956209ms)
✔ a passed string without a hashed check report cannot release a candidate (14.034571ms)
✔ another platform's screenshot and a stale public policy stay blocked (13.317103ms)
✔ candidate swap invalidates every previous acceptance report (3.370172ms)
✔ an explicit incomplete redistribution review blocks even passing check reports (22.434355ms)
✔ package validation streams candidates larger than the JSON evidence limit (38.916417ms)
✔ one acceptance report cannot stand in for a different check (12.959556ms)
✔ foreign, emulated, stale-source and unsupported check reports remain blocked (85.287522ms)
✔ missing fault or performance acceptance blocks an otherwise complete dossier (25.056391ms)
✔ raw evidence must exist and retain its reviewed bytes (21.851429ms)
✔ standalone candidate gate also verifies concrete report references (55.794028ms)
✔ desktop app, channels and synthetic upgrade versions agree (12.455507ms)
✔ version mappings reject downgrade, overflow, ambiguous numbers and guessed Store versions (0.454923ms)
✔ lifecycle validation requires exactly one real successful test (1.703815ms)
✔ runtime readiness distinguishes stable, prerelease and absent WebView2 (0.187919ms)
✔ handoff verification rejects changed, missing and unlisted files (23.617163ms)
✔ handoff rejects case aliases and unsafe manifest paths before reading them (5.251073ms)
✔ reports cannot mutate input directories through direct or symlink paths (3.336672ms)
✔ Windows source lock is pinned and rejects unsafe paths, collisions and incomplete inputs (6.114251ms)
✔ assembler creates a schema 2 bundle with exact copied hashes and no host fallback (27.667969ms)
✔ assembler rejects corrupted archives before extraction (2.384867ms)
✔ assembler rejects tampered extracted resources even with a valid archive receipt (2.719997ms)
✔ assembler detects wrong PE architecture independently of file hashes (11.884374ms)
✔ Windows matrix validation keeps Linux default and requires all decoded routes (1.323519ms)
✔ engine CLI records static checks and blocks execution on the wrong host (114.124466ms)
✔ resources-only assembly is explicit and preserves pinned engine validation (11.174781ms)
✔ PE parser extracts normal and delay DLL imports, kind and resources (1.660564ms)
✔ PE parser rejects truncation, wrong architecture and malformed tables (0.652092ms)
✔ PE import descriptors require bounded terminators and safe module names (0.531049ms)
✔ PE rejects ambiguous sections and invalid certificate file offsets (0.194211ms)
✔ VC runtime and WebView2 loader are private dependencies (0.181878ms)
✔ tree resolves private DLLs recursively and exposes missing delay imports (13.844985ms)
✔ tree refuses engine DLL lookup through unrelated directories (1.822609ms)
✔ tree refuses DLL shadowing, wrong kind and symlinks (2.955624ms)
✔ tree rejects case-colliding package names on case-sensitive hosts (1.796942ms)
✔ CLI records static-only success, blocks foreign runtime and never overwrites (97.163687ms)
✔ source receipts cover working-tree files and reject changed or overwritten evidence (367.801377ms)
✔ ARM64 PE inspection is explicit and does not relax the default x64 gate (0.252462ms)
✔ Mixed-process architecture inspection rejects cross-architecture private DLL loading (1.058307ms)
ℹ tests 199
ℹ suites 0
ℹ pass 199
ℹ fail 0
ℹ cancelled 0
ℹ skipped 0
ℹ todo 0
ℹ duration_ms 938.549333
