✔ CI targets all six native OS/architecture combinations without substituting emulation (16.047328ms)
✔ diagnostic preview preserves exact reviewed bytes (0.829802ms)
✔ diagnostic preview rejects malformed ids schemas and oversized UTF-8 (0.279754ms)
✔ diagnostic action advice is bilingual and does not expose raw errors (0.137377ms)
✔ native fault evidence requires actual bounded injection, recovery, cleanup and platform (0.840094ms)
✔ every native architecture audits a fingerprinted complete package rather than an application-only archive (7.108507ms)
✔ frontend readiness uses reviewed routes and rejects unknown inputs even when all engines are ready (0.684592ms)
✔ inventory preserves read/write direction, excludes pseudo formats from product summary and never treats an unavailable probe as absence (0.493839ms)
✔ Windows ImageMagick inventory without module column is parsed (0.168544ms)
✔ new output preferences survive validation and old preferences remain valid (1.187016ms)
✔ image expansion gate rejects a partial or duplicate route report (7.486303ms)
✔ image expansion evidence rejects untyped decode and byte fields (7.815599ms)
✔ impact uses saved image snapshots, offsets growth and resets on clear (0.96222ms)
✔ duplicate delivery, retries and stale saved results never accumulate (0.116251ms)
✔ zero upload capability fails closed for missing backend or unknown routes (0.083001ms)
✔ desktop scenario reuses the web model and source allowlist matches (4.362055ms)
✔ result notes translate application copy without echoing unknown logs (0.605299ms)
✔ source receipt detects fixture/config/addition/deletion drift and excludes ignored secrets (359.783425ms)
✔ macOS deployment gate rejects iOS, missing metadata, incompatible minimum OS and malformed commands (1.237474ms)
✔ Mach-O embedded loader environment is rejected (0.249128ms)
✔ macOS assembler creates a checked inventory without executing foreign code and refuses overwrite (88.074572ms)
✔ Mach-O parser rejects unsupported CPU, fat, truncated and malformed load commands (0.721134ms)
✔ dyld closure rejects builder paths, rpath ambiguity and escaping loader paths (0.212961ms)
✔ macOS bundle checks every code resource and refuses missing, changed and linked dependencies (15.220693ms)
✔ Mach-O recognizes Intel without treating it as ARM64 (0.136418ms)
✔ MSIX native execution refuses Wine, Linux and Windows ARM emulation (0.693759ms)
✔ Windows registration must match identity, version, architecture and actual install folder (3.831215ms)
✔ MSIX receipt rejects null fingerprints, alias paths and missing executable (0.862928ms)
✔ MSIX default preflight never signs, installs or claims runtime acceptance (0.697467ms)
✔ successful installed workflow rechecks payload then removes its owned registration (0.147877ms)
✔ MSIX verifyInput failure remains observable and respects cleanup ownership (0.176044ms)
✔ MSIX preflight failure remains observable and respects cleanup ownership (0.06025ms)
✔ MSIX sign failure remains observable and respects cleanup ownership (0.064668ms)
✔ MSIX checkSigned failure remains observable and respects cleanup ownership (0.077209ms)
✔ MSIX install failure remains observable and respects cleanup ownership (0.166336ms)
✔ MSIX checkInstalled failure remains observable and respects cleanup ownership (0.298921ms)
✔ MSIX runtime failure remains observable and respects cleanup ownership (0.077335ms)
✔ MSIX uninstall failure remains observable and respects cleanup ownership (0.12721ms)
✔ MSIX verifyOriginal failure remains observable and respects cleanup ownership (0.079043ms)
✔ runtime and cleanup failures are both preserved (0.100376ms)
✔ an incomplete runtime report cannot pass even when the subprocess adapter resolves (0.091209ms)
✔ missing WebView2 keeps native acceptance blocked after conversions and cleanup (0.081959ms)
✔ non-Windows execute request stops before any signing or installation (0.054584ms)
✔ MSIX development configuration cannot silently become a store package (5.871658ms)
✔ MSIX manifest escapes display text and uses the explicit full-trust desktop entry (1.736813ms)
✔ MSIX icons contain real PNG headers at each required base size (1.208015ms)
✔ independent MSIX archive verification rejects corruption and unsafe archives (57.449768ms)
✔ ARM64 development MSIX declares Windows 11 for x64 subprocess compatibility (0.756385ms)
✔ supplementary notices preserve exact upstream bytes and immutable source revisions (13.896926ms)
✔ artifact matrix keeps store targets separate from local ARM evidence (4.872354ms)
✔ package validator rejects another architecture and malformed ELF (0.458131ms)
✔ acceptance cannot borrow an older candidate or count not-run checks as passed (2.146986ms)
✔ candidate build gate rejects development, debug, updater and mismatched version (0.686551ms)
✔ Windows candidate requires the compiled job-close strategy (0.784718ms)
✔ desktop preferences reject file grants, future schemas and invalid options (1.036638ms)
✔ system language uses primary preference, explicit selection wins (0.153794ms)
✔ initialization never writes defaults or overwrites a slow read (0.27342ms)
✔ failed save retains unsaved choice, revision and explicit retry (0.247504ms)
✔ ambiguous saved reply requires reload before stale retry can overwrite (0.207086ms)
✔ unreadable preferences never enable writes, can recover on explicit reload (0.13271ms)
✔ dispose suppresses late load responses and concurrent calls are ignored (2.241237ms)
✔ reactive proxy preferences are normalized into detached IPC data (0.114085ms)
✔ preview contract bounds payload, dimensions and explicit preview routes (1.022346ms)
✔ only one preview URL is retained and every switch or dispose releases it (0.525382ms)
✔ removal and disposal suppress late responses without creating a blob URL (0.169502ms)
✔ duplicate preview starts do not allocate parallel native work; failure can retry (0.153002ms)
✔ PDF first-page previews share the image byte budget (0.072251ms)
✔ media previews classify frames and covers without admitting playlists or invalid sizes (0.102085ms)
✔ candidate quality gate rejects old scope, omitted checks, duplicates and bad pixels (22.680829ms)
✔ PDF color gate checks pixels, fixed limits, all formats and negative control (1.653562ms)
✔ subscribes before snapshot and catches a completion during the first read (4.373555ms)
✔ late subscription is released after unmount (0.152377ms)
✔ old snapshots cannot replace a newer task state (0.423006ms)
✔ unmount while reading does not update the UI (1.18514ms)
✔ a failed request can recover on the next refresh (0.834385ms)
✔ contract rejects incompatible schema, duplicate tasks and malformed results (0.180502ms)
✔ reads the same contract fixture as Rust (3.880924ms)
✔ conversion settings reject unsupported DPI and unknown quality (0.127126ms)
✔ partial page contract rejects duplicate and out-of-range pages (1.417893ms)
✔ import reports are bounded and optional for older queue snapshots (0.516382ms)
✔ readiness isolates slow and failed engines while saving needs none (0.476298ms)
✔ public failure copy is bilingual and never echoes raw engine logs (0.197586ms)
✔ progress snapshot rejects stale attempts, completion percentages and log payloads (4.035093ms)
✔ failure vocabulary matches the shared Rust fixture (1.244349ms)
✔ queue schema 3 supports saving without granting input permission or claiming saved output (4.058551ms)
✔ save retry requests bind attempt and settings while normal retry stays a conversion (1.659605ms)
✔ frozen desktop scope matches UI formats, languages and artifact identities (4.678893ms)
✔ desktop CI covers every receipt input and uses the pinned Rust toolchain (17.323553ms)
✔ final Snap byte inspection stays distinct from runtime and installation acceptance (77.435604ms)
✔ final Snap inspection rejects changed engines, missing helpers and non-executable applications (157.860246ms)
✔ strict preflight rejects the real ARM/partial class of host, root and mismatched kernel (0.833552ms)
✔ installed revision must be active strict, never devmode, try or an unsafe path (0.249544ms)
✔ connections require exact GNOME, GPU, theme providers and home/display access (0.406963ms)
✔ installed mount rejects extracted directories, writable and duplicate mounts (0.193252ms)
✔ probe receipts require enforced app profile, seccomp and exact per-run nonce (0.170044ms)
✔ probe script quotes hostile-looking filenames without executing substitutions (12.862954ms)
✔ snapd uses bounded read-only Unix HTTP and validates the response envelope (9.443536ms)
▶ snapd rejects HTTP errors, malformed JSON, oversized and continuously trickling responses
  ✔ status (3.529962ms)
  ✔ json (1.449268ms)
  ✔ size (1.060639ms)
  ✔ timeout (105.555126ms)
✔ snapd rejects HTTP errors, malformed JSON, oversized and continuously trickling responses (112.274419ms)
✔ finite runner preserves split UTF-8 and rejects errors, missing commands and output overflow (63.726306ms)
✔ deadline kills detached command descendants, not just the parent (513.639828ms)
✔ installed conversion validation rejects borrowed architecture, duplicate routes and unchecked results (4.65035ms)
✔ SIGTERM stops an active finite process and releases signal listeners (46.691008ms)
✔ privileged cache digest can only read the fixed z8-work revision path (0.259879ms)
✔ Snap recipe targets core24 amd64 with explicit local file permissions (9.119157ms)
✔ Snap metadata rejects aliases, duplicate fields and oversized documents (1.664021ms)
✔ Snap metadata refuses widened permissions, services, wrong base and version (16.628877ms)
✔ Snap payload rejects Debian bundles and GTK dialogs even when architecture matches (1.178973ms)
✔ expanded Snap permits only the reviewed GNOME command chain and font hook (2.256237ms)
✔ assembly combines exact verified cache and supplement without changing originals (69.702215ms)
✔ assembly rejects a corrupt source rather than trusting a verified report (30.916474ms)
✔ assembly rejects foreign manifests and outputs inside immutable source caches (49.536002ms)
✔ snapshot metadata binds the precise source/epoch and official archive (1.245683ms)
✔ snapshot metadata rejects unsafe paths, ambiguous identities and oversized files (0.210336ms)
✔ download verifies both hashes and reuses a complete file without network (10.103878ms)
✔ real HTTP range response resumes retained prefix (16.575459ms)
✔ server ignoring Range restarts rather than appending a whole response (6.152453ms)
✔ wrong ranges, encoding and length never publish a final file (2.412905ms)
✔ truncated response is retained and a subsequent run resumes it (1.740189ms)
✔ corrupt cached prefix fails full checksum and can be downloaded cleanly next time (2.163153ms)
✔ SHA-1 alone cannot override descriptor SHA-256 and existing files are not replaced (1.846315ms)
✔ failure falls back to official historical URL; arbitrary URLs are rejected (2.09511ms)
✔ symlinks and deadline cancellation do not modify outside files or publish completion (1.168265ms)
✔ CLI rejects stale resume binding and releases the workspace lock (30.150256ms)
✔ historical aliases use the exact filename named by the source descriptor (3.262249ms)
✔ hard-linked partial files cannot be truncated by a resume (0.672717ms)
✔ a stalled HTTP response is aborted by the overall deadline (105.569876ms)
✔ metadata retries network failures once and does not retry a missing version (2.464323ms)
✔ CLI refuses a workspace held by another collector (23.589423ms)
✔ SIGTERM produces a failed checkpoint and releases the collector lock (32.319575ms)
✔ Debian source identity preserves epoch and binNMU distinction (1.172765ms)
✔ control parser handles signed CRLF and rejects duplicate fields (0.130502ms)
✔ both static source declaration fields require exact versions (0.195836ms)
✔ bundle audit checks every byte and rejects unlisted or changed files (22.980374ms)
✔ package-relative files reject traversal and symbolic links (1.727481ms)
✔ exact Debian content resolves extracted resources and preserves static source requirements (9.620163ms)
✔ wrong or ambiguous Debian content cannot certify package ownership (4.724685ms)
✔ source descriptor requires exact hashes, lengths and the Debian patch archive (3.551754ms)
✔ another source version cannot satisfy a matching package name (3.688838ms)
✔ source descriptor refuses path escapes and missing declared files (1.902482ms)
✔ Debian catalog reads real archive content without installing or extracting it (43.518842ms)
✔ installed metadata must match the recorded binary and source versions (5.009147ms)
✔ missing notices are distinguished from unmapped runtime files (3.195749ms)
✔ an arbitrary transformation cannot bypass origin integrity (5.554987ms)
✔ audit refuses output inside the original engine bundle (29.776085ms)
✔ storage diagnostics distinguish locations and round capacity conservatively (12.321781ms)
✔ u64 storage diagnostics are handled without unsafe number coercion (0.130877ms)
✔ file-entry exhaustion and permission errors offer actionable localized recovery (0.224211ms)
✔ unrelated or malformed errors pass through as text (0.084459ms)
✔ current store drafts retain all unresolved acceptance and account gates (4.776519ms)
✔ listing languages, supported text and store field limits are checked (1.354225ms)
✔ privacy/support pages escape text, work without scripts and match checked-in output (1.908316ms)
✔ PNG validation rejects truncation, forged dimensions and corrupt image bytes (11.449895ms)
✔ hashed references reject stale files and paths outside the dossier workspace (7.261758ms)
✔ synthetic complete metadata reaches human review, not store approval (15.997411ms)
✔ a passed string without a hashed check report cannot release a candidate (17.732266ms)
✔ another platform's screenshot and a stale public policy stay blocked (15.857951ms)
✔ candidate swap invalidates every previous acceptance report (7.726265ms)
✔ an explicit incomplete redistribution review blocks even passing check reports (12.987872ms)
✔ package validation streams candidates larger than the JSON evidence limit (38.956867ms)
✔ one acceptance report cannot stand in for a different check (11.542937ms)
✔ foreign, emulated, stale-source and unsupported check reports remain blocked (91.464949ms)
✔ missing fault or performance acceptance blocks an otherwise complete dossier (21.643024ms)
✔ raw evidence must exist and retain its reviewed bytes (26.186707ms)
✔ standalone candidate gate also verifies concrete report references (50.1348ms)
✔ desktop app, channels and synthetic upgrade versions agree (9.681915ms)
✔ version mappings reject downgrade, overflow, ambiguous numbers and guessed Store versions (0.36613ms)
✔ lifecycle validation requires exactly one real successful test (1.656395ms)
✔ runtime readiness distinguishes stable, prerelease and absent WebView2 (0.715009ms)
✔ handoff verification rejects changed, missing and unlisted files (11.32281ms)
✔ handoff rejects case aliases and unsafe manifest paths before reading them (2.648451ms)
✔ reports cannot mutate input directories through direct or symlink paths (2.953954ms)
✔ Windows source lock is pinned and rejects unsafe paths, collisions and incomplete inputs (5.83124ms)
✔ assembler creates a schema 2 bundle with exact copied hashes and no host fallback (23.569631ms)
✔ assembler rejects corrupted archives before extraction (2.345863ms)
✔ assembler rejects tampered extracted resources even with a valid archive receipt (2.375488ms)
✔ assembler detects wrong PE architecture independently of file hashes (7.111965ms)
✔ Windows matrix validation keeps Linux default and requires all decoded routes (1.215724ms)
✔ engine CLI records static checks and blocks execution on the wrong host (105.964923ms)
✔ resources-only assembly is explicit and preserves pinned engine validation (8.912612ms)
✔ PE parser extracts normal and delay DLL imports, kind and resources (1.456019ms)
✔ PE parser rejects truncation, wrong architecture and malformed tables (4.897937ms)
✔ PE import descriptors require bounded terminators and safe module names (0.37813ms)
✔ PE rejects ambiguous sections and invalid certificate file offsets (0.158543ms)
✔ VC runtime and WebView2 loader are private dependencies (0.165002ms)
✔ tree resolves private DLLs recursively and exposes missing delay imports (15.413029ms)
✔ tree refuses engine DLL lookup through unrelated directories (1.720939ms)
✔ tree refuses DLL shadowing, wrong kind and symlinks (3.673546ms)
✔ tree rejects case-colliding package names on case-sensitive hosts (1.837898ms)
✔ CLI records static-only success, blocks foreign runtime and never overwrites (98.57533ms)
✔ source receipts cover working-tree files and reject changed or overwritten evidence (273.593001ms)
✔ ARM64 PE inspection is explicit and does not relax the default x64 gate (0.313004ms)
✔ Mixed-process architecture inspection rejects cross-architecture private DLL loading (1.144014ms)
ℹ tests 196
ℹ suites 0
ℹ pass 196
ℹ fail 0
ℹ cancelled 0
ℹ skipped 0
ℹ todo 0
ℹ duration_ms 889.313579
