#0 building with "default" instance using docker driver

#1 [internal] load build definition from Dockerfile.quality
#1 transferring dockerfile: 221B done
#1 DONE 0.0s

#2 [internal] load .dockerignore
#2 transferring context: 2B done
#2 DONE 0.0s

#3 [internal] load build context
#3 transferring context: 512.25MB 1.0s done
#3 DONE 1.0s

#4 [1/1] COPY . /engines/
#4 DONE 0.9s

#5 exporting to image
#5 exporting layers
#5 exporting layers 10.9s done
#5 exporting manifest sha256:24eb3352716d2ff2cb09139b95411018bc110b4e5b4b62ab577350c38fd1d757 0.0s done
#5 exporting config sha256:3e041391369b3811f38d6e35fb2456488027991de18db7b6e9c05f38d03dea21 0.0s done
#5 exporting attestation manifest sha256:3d4282b46bffaaa8298302c0c4f4d8399b1a7c792a38e9c3818ef115f396224c 0.0s done
#5 exporting manifest list sha256:de918abb7dcd56f3ce960b159b2be9614eee642cb9e48a3870857791180bb5d1
#5 exporting manifest list sha256:de918abb7dcd56f3ce960b159b2be9614eee642cb9e48a3870857791180bb5d1 0.0s done
#5 naming to docker.io/library/z8-core24-icc-quality:local done
#5 DONE 11.0s
