#0 building with "default" instance using docker driver

#1 [internal] load build definition from Dockerfile
#1 transferring dockerfile: 67B done
#1 DONE 0.1s

#2 [internal] load .dockerignore
#2 transferring context:
#2 transferring context: 2B done
#2 DONE 0.0s

#3 [internal] load build context
#3 transferring context: 83.48kB 0.0s done
#3 DONE 0.1s

#4 [1/1] COPY . /engines/
#4 CACHED

#5 exporting to image
#5 exporting layers done
#5 exporting manifest sha256:8cb786fd9058eb94fa59994d0207d656ca4719f320dd4b9f7d5abe8bfd994cd0 0.0s done
#5 exporting config sha256:6c2167dada67b98dcf322245cbd7b4872a483bb5836d6abe520004fbae6c77f3
#5 exporting config sha256:6c2167dada67b98dcf322245cbd7b4872a483bb5836d6abe520004fbae6c77f3 0.0s done
#5 exporting attestation manifest sha256:e37feb047cc1abcfdbd5dfbe1963d69dc4a95a6cdf8c2dae105a413b1dc2ed57 0.0s done
#5 exporting manifest list sha256:e39e07429fb8f68969f6344bccecdaaa4f3362ec2deb8f70142927cb386f46c1 0.0s done
#5 naming to docker.io/library/z8-faults:a6584d9f-0826-4d21-bbcd-677e3332b993
#5 naming to docker.io/library/z8-faults:a6584d9f-0826-4d21-bbcd-677e3332b993 done
#5 unpacking to docker.io/library/z8-faults:a6584d9f-0826-4d21-bbcd-677e3332b993
#5 unpacking to docker.io/library/z8-faults:a6584d9f-0826-4d21-bbcd-677e3332b993 4.0s done
#5 DONE 4.2s
