#0 building with "default" instance using docker driver

#1 [internal] load build definition from Dockerfile
#1 transferring dockerfile: 67B done
#1 DONE 0.0s

#2 [internal] load .dockerignore
#2 transferring context: 2B done
#2 DONE 0.0s

#3 [internal] load build context
#3 transferring context: 83.48kB 0.0s done
#3 DONE 0.1s

#4 [1/1] COPY . /engines/
#4 CACHED

#5 exporting to image
#5 exporting layers done
#5 exporting manifest sha256:8cb786fd9058eb94fa59994d0207d656ca4719f320dd4b9f7d5abe8bfd994cd0 0.0s done
#5 exporting config sha256:6c2167dada67b98dcf322245cbd7b4872a483bb5836d6abe520004fbae6c77f3 0.0s done
#5 exporting attestation manifest sha256:5529af1d19ca99f017cebc6c4c287e45cb276da08105ddfa3d0c2f37d9e54857
#5 exporting attestation manifest sha256:5529af1d19ca99f017cebc6c4c287e45cb276da08105ddfa3d0c2f37d9e54857 0.1s done
#5 exporting manifest list sha256:1d29bd8b12eabf0c0a2d0dc7d2471466778a352432c4e9b0806a4ad4555b641b 0.0s done
#5 naming to docker.io/library/z8-faults:82062741-456c-445a-8812-cd2790f71fdd done
#5 unpacking to docker.io/library/z8-faults:82062741-456c-445a-8812-cd2790f71fdd
#5 unpacking to docker.io/library/z8-faults:82062741-456c-445a-8812-cd2790f71fdd 3.8s done
#5 DONE 4.0s
