✔ diagnostic preview preserves exact reviewed bytes (1.493928ms)
✔ diagnostic preview rejects malformed ids schemas and oversized UTF-8 (0.853715ms)
✔ diagnostic action advice is bilingual and does not expose raw errors (0.715713ms)
✔ native fault evidence requires actual bounded injection, recovery, cleanup and platform (1.525387ms)
✔ impact uses saved image snapshots, offsets growth and resets on clear (1.288385ms)
✔ duplicate delivery, retries and stale saved results never accumulate (0.138376ms)
✔ zero upload capability fails closed for missing backend or unknown routes (0.131751ms)
✔ desktop scenario reuses the web model and source allowlist matches (12.100548ms)
✔ result notes translate application copy without echoing unknown logs (0.838298ms)
✔ source receipt detects fixture/config/addition/deletion drift and excludes ignored secrets (849.060114ms)
✔ macOS deployment gate rejects iOS, missing metadata, incompatible minimum OS and malformed commands (1.651845ms)
✔ Mach-O embedded loader environment is rejected (0.19271ms)
✔ macOS assembler creates a checked inventory without executing foreign code and refuses overwrite (247.945781ms)
✔ Mach-O parser rejects x64, fat, truncated and malformed load commands (0.861714ms)
✔ dyld closure rejects builder paths, rpath ambiguity and escaping loader paths (0.294544ms)
✔ macOS bundle checks every code resource and refuses missing, changed and linked dependencies (22.915169ms)
✔ MSIX native execution refuses Wine, Linux and Windows ARM emulation (5.002703ms)
✔ Windows registration must match identity, version, architecture and actual install folder (6.005419ms)
✔ MSIX receipt rejects null fingerprints, alias paths and missing executable (6.33263ms)
✔ MSIX default preflight never signs, installs or claims runtime acceptance (0.955048ms)
✔ successful installed workflow rechecks payload then removes its owned registration (0.169668ms)
✔ MSIX verifyInput failure remains observable and respects cleanup ownership (3.796944ms)
✔ MSIX preflight failure remains observable and respects cleanup ownership (0.134542ms)
✔ MSIX sign failure remains observable and respects cleanup ownership (0.104251ms)
✔ MSIX checkSigned failure remains observable and respects cleanup ownership (0.115334ms)
✔ MSIX install failure remains observable and respects cleanup ownership (0.189918ms)
✔ MSIX checkInstalled failure remains observable and respects cleanup ownership (0.118376ms)
✔ MSIX runtime failure remains observable and respects cleanup ownership (0.162668ms)
✔ MSIX uninstall failure remains observable and respects cleanup ownership (0.175501ms)
✔ MSIX verifyOriginal failure remains observable and respects cleanup ownership (0.091918ms)
✔ runtime and cleanup failures are both preserved (0.113584ms)
✔ an incomplete runtime report cannot pass even when the subprocess adapter resolves (0.115667ms)
✔ missing WebView2 keeps native acceptance blocked after conversions and cleanup (0.094668ms)
✔ non-Windows execute request stops before any signing or installation (0.065001ms)
✔ MSIX development configuration cannot silently become a store package (12.614968ms)
✔ MSIX manifest escapes display text and uses the explicit full-trust desktop entry (1.583595ms)
✔ MSIX icons contain real PNG headers at each required base size (6.691216ms)
✔ independent MSIX archive verification rejects corruption and unsafe archives (202.415612ms)
✔ supplementary notices preserve exact upstream bytes and immutable source revisions (35.478136ms)
✔ artifact matrix keeps store targets separate from local ARM evidence (8.812606ms)
✔ package validator rejects another architecture and malformed ELF (1.649096ms)
✔ acceptance cannot borrow an older candidate or count not-run checks as passed (2.125183ms)
✔ candidate build gate rejects development, debug, updater and mismatched version (1.533678ms)
✔ Windows candidate requires the compiled job-close strategy (1.418885ms)
✔ desktop preferences reject file grants, future schemas and invalid options (11.772378ms)
✔ system language uses primary preference, explicit selection wins (0.651255ms)
✔ initialization never writes defaults or overwrites a slow read (0.307919ms)
✔ failed save retains unsaved choice, revision and explicit retry (13.902019ms)
✔ ambiguous saved reply requires reload before stale retry can overwrite (0.421086ms)
✔ unreadable preferences never enable writes, can recover on explicit reload (0.19946ms)
✔ dispose suppresses late load responses and concurrent calls are ignored (12.777052ms)
✔ reactive proxy preferences are normalized into detached IPC data (0.196459ms)
✔ preview contract bounds payload, dimensions and explicit preview routes (1.605304ms)
✔ only one preview URL is retained and every switch or dispose releases it (0.686421ms)
✔ removal and disposal suppress late responses without creating a blob URL (0.194834ms)
✔ duplicate preview starts do not allocate parallel native work; failure can retry (0.679047ms)
✔ PDF first-page previews share the image byte budget (0.118001ms)
✔ media previews classify frames and covers without admitting playlists or invalid sizes (0.255335ms)
✔ candidate quality gate rejects old scope, omitted checks, duplicates and bad pixels (25.067142ms)
✔ subscribes before snapshot and catches a completion during the first read (8.279436ms)
✔ late subscription is released after unmount (1.531511ms)
✔ old snapshots cannot replace a newer task state (0.210919ms)
✔ unmount while reading does not update the UI (2.411559ms)
✔ a failed request can recover on the next refresh (0.471962ms)
✔ contract rejects incompatible schema, duplicate tasks and malformed results (0.232876ms)
✔ reads the same contract fixture as Rust (6.552965ms)
✔ conversion settings reject unsupported DPI and unknown quality (0.555796ms)
✔ partial page contract rejects duplicate and out-of-range pages (2.49156ms)
✔ import reports are bounded and optional for older queue snapshots (1.235093ms)
✔ readiness isolates slow and failed engines while saving needs none (0.747172ms)
✔ public failure copy is bilingual and never echoes raw engine logs (0.347294ms)
✔ progress snapshot rejects stale attempts, completion percentages and log payloads (7.634598ms)
✔ failure vocabulary matches the shared Rust fixture (2.564727ms)
✔ queue schema 3 supports saving without granting input permission or claiming saved output (10.273951ms)
✔ save retry requests bind attempt and settings while normal retry stays a conversion (2.839354ms)
✔ frozen desktop scope matches UI formats, languages and artifact identities (8.755565ms)
✔ desktop CI covers every receipt input and uses the pinned Rust toolchain (26.676529ms)
✔ final Snap byte inspection stays distinct from runtime and installation acceptance (267.739259ms)
✔ final Snap inspection rejects changed engines, missing helpers and non-executable applications (424.224951ms)
✔ strict preflight rejects the real ARM/partial class of host, root and mismatched kernel (1.280134ms)
✔ installed revision must be active strict, never devmode, try or an unsafe path (0.516795ms)
✔ connections require exact GNOME, GPU, theme providers and home/display access (0.565504ms)
✔ installed mount rejects extracted directories, writable and duplicate mounts (0.235793ms)
✔ probe receipts require enforced app profile, seccomp and exact per-run nonce (0.224418ms)
✔ probe script quotes hostile-looking filenames without executing substitutions (24.110636ms)
✔ snapd uses bounded read-only Unix HTTP and validates the response envelope (40.554465ms)
▶ snapd rejects HTTP errors, malformed JSON, oversized and continuously trickling responses
  ✔ status (9.0414ms)
  ✔ json (5.65675ms)
  ✔ size (3.072356ms)
  ✔ timeout (107.350039ms)
✔ snapd rejects HTTP errors, malformed JSON, oversized and continuously trickling responses (127.47602ms)
✔ finite runner preserves split UTF-8 and rejects errors, missing commands and output overflow (167.176437ms)
✔ deadline kills detached command descendants, not just the parent (509.166158ms)
✔ installed conversion validation rejects borrowed architecture, duplicate routes and unchecked results (15.106403ms)
✔ SIGTERM stops an active finite process and releases signal listeners (100.497655ms)
✔ privileged cache digest can only read the fixed z8-work revision path (1.229801ms)
✔ Snap recipe targets core24 amd64 with explicit local file permissions (16.779124ms)
✔ Snap metadata rejects aliases, duplicate fields and oversized documents (4.042655ms)
✔ Snap metadata refuses widened permissions, services, wrong base and version (31.629899ms)
✔ Snap payload rejects Debian bundles and GTK dialogs even when architecture matches (1.843222ms)
✔ expanded Snap permits only the reviewed GNOME command chain and font hook (3.097106ms)
✔ assembly combines exact verified cache and supplement without changing originals (241.736026ms)
✔ assembly rejects a corrupt source rather than trusting a verified report (69.944889ms)
✔ assembly rejects foreign manifests and outputs inside immutable source caches (143.931016ms)
✔ snapshot metadata binds the precise source/epoch and official archive (2.399768ms)
✔ snapshot metadata rejects unsafe paths, ambiguous identities and oversized files (0.26746ms)
✔ download verifies both hashes and reuses a complete file without network (33.070785ms)
✔ real HTTP range response resumes retained prefix (37.249482ms)
✔ server ignoring Range restarts rather than appending a whole response (8.198644ms)
✔ wrong ranges, encoding and length never publish a final file (3.821611ms)
✔ truncated response is retained and a subsequent run resumes it (2.358226ms)
✔ corrupt cached prefix fails full checksum and can be downloaded cleanly next time (6.621215ms)
✔ SHA-1 alone cannot override descriptor SHA-256 and existing files are not replaced (4.973745ms)
✔ failure falls back to official historical URL; arbitrary URLs are rejected (5.43404ms)
✔ symlinks and deadline cancellation do not modify outside files or publish completion (1.97539ms)
✔ CLI rejects stale resume binding and releases the workspace lock (79.009789ms)
✔ historical aliases use the exact filename named by the source descriptor (10.732704ms)
✔ hard-linked partial files cannot be truncated by a resume (0.876715ms)
✔ a stalled HTTP response is aborted by the overall deadline (109.195219ms)
✔ metadata retries network failures once and does not retry a missing version (3.477025ms)
✔ CLI refuses a workspace held by another collector (64.457307ms)
✔ SIGTERM produces a failed checkpoint and releases the collector lock (96.356417ms)
✔ Debian source identity preserves epoch and binNMU distinction (1.952431ms)
✔ control parser handles signed CRLF and rejects duplicate fields (0.177293ms)
✔ both static source declaration fields require exact versions (0.279877ms)
✔ bundle audit checks every byte and rejects unlisted or changed files (35.116425ms)
✔ package-relative files reject traversal and symbolic links (6.061586ms)
✔ exact Debian content resolves extracted resources and preserves static source requirements (17.208126ms)
✔ wrong or ambiguous Debian content cannot certify package ownership (10.297201ms)
✔ source descriptor requires exact hashes, lengths and the Debian patch archive (15.924034ms)
✔ another source version cannot satisfy a matching package name (7.506722ms)
✔ source descriptor refuses path escapes and missing declared files (2.834187ms)
✔ Debian catalog reads real archive content without installing or extracting it (101.329453ms)
✔ installed metadata must match the recorded binary and source versions (16.327911ms)
✔ missing notices are distinguished from unmapped runtime files (4.546867ms)
✔ an arbitrary transformation cannot bypass origin integrity (7.762891ms)
✔ audit refuses output inside the original engine bundle (61.2597ms)
✔ storage diagnostics distinguish locations and round capacity conservatively (28.128207ms)
✔ u64 storage diagnostics are handled without unsafe number coercion (0.359294ms)
✔ file-entry exhaustion and permission errors offer actionable localized recovery (0.472878ms)
✔ unrelated or malformed errors pass through as text (0.220877ms)
✔ current store drafts retain all unresolved acceptance and account gates (6.474089ms)
✔ listing languages, supported text and store field limits are checked (3.390858ms)
✔ privacy/support pages escape text, work without scripts and match checked-in output (3.511318ms)
✔ PNG validation rejects truncation, forged dimensions and corrupt image bytes (16.493537ms)
✔ hashed references reject stale files and paths outside the dossier workspace (9.287818ms)
✔ synthetic complete metadata reaches human review, not store approval (28.646128ms)
✔ a passed string without a hashed check report cannot release a candidate (26.687363ms)
✔ another platform's screenshot and a stale public policy stay blocked (23.808258ms)
✔ candidate swap invalidates every previous acceptance report (5.616583ms)
✔ an explicit incomplete redistribution review blocks even passing check reports (47.532099ms)
✔ package validation streams candidates larger than the JSON evidence limit (84.496705ms)
✔ one acceptance report cannot stand in for a different check (31.628315ms)
✔ foreign, emulated, stale-source and unsupported check reports remain blocked (124.754167ms)
✔ missing fault or performance acceptance blocks an otherwise complete dossier (29.537342ms)
✔ raw evidence must exist and retain its reviewed bytes (36.872813ms)
✔ standalone candidate gate also verifies concrete report references (134.147069ms)
✔ desktop app, channels and synthetic upgrade versions agree (40.516506ms)
✔ version mappings reject downgrade, overflow, ambiguous numbers and guessed Store versions (0.858256ms)
✔ lifecycle validation requires exactly one real successful test (2.633852ms)
✔ runtime readiness distinguishes stable, prerelease and absent WebView2 (0.342169ms)
✔ handoff verification rejects changed, missing and unlisted files (44.688829ms)
✔ handoff rejects case aliases and unsafe manifest paths before reading them (16.22212ms)
✔ reports cannot mutate input directories through direct or symlink paths (5.219747ms)
✔ Windows source lock is pinned and rejects unsafe paths, collisions and incomplete inputs (7.521472ms)
✔ assembler creates a schema 2 bundle with exact copied hashes and no host fallback (36.512143ms)
✔ assembler rejects corrupted archives before extraction (4.925036ms)
✔ assembler rejects tampered extracted resources even with a valid archive receipt (6.927176ms)
✔ assembler detects wrong PE architecture independently of file hashes (27.969789ms)
✔ Windows matrix validation keeps Linux default and requires all decoded routes (1.907806ms)
✔ engine CLI records static checks and blocks execution on the wrong host (219.259069ms)
✔ PE parser extracts normal and delay DLL imports, kind and resources (6.29938ms)
✔ PE parser rejects truncation, wrong architecture and malformed tables (5.824584ms)
✔ PE import descriptors require bounded terminators and safe module names (2.490435ms)
✔ PE rejects ambiguous sections and invalid certificate file offsets (0.310168ms)
✔ VC runtime and WebView2 loader are private dependencies (0.232043ms)
✔ tree resolves private DLLs recursively and exposes missing delay imports (28.115206ms)
✔ tree refuses engine DLL lookup through unrelated directories (3.989696ms)
✔ tree refuses DLL shadowing, wrong kind and symlinks (3.511442ms)
✔ tree rejects case-colliding package names on case-sensitive hosts (4.460283ms)
✔ CLI records static-only success, blocks foreign runtime and never overwrites (257.004097ms)
✔ source receipts cover working-tree files and reject changed or overwritten evidence (446.637907ms)
ℹ tests 182
ℹ suites 0
ℹ pass 182
ℹ fail 0
ℹ cancelled 0
ℹ skipped 0
ℹ todo 0
ℹ duration_ms 1218.836623
