#0 building with "default" instance using docker driver

#1 [internal] load build definition from Dockerfile
#1 transferring dockerfile: 67B done
#1 DONE 0.0s

#2 [internal] load .dockerignore
#2 transferring context: 2B done
#2 DONE 0.0s

#3 [internal] load build context
#3 transferring context: 83.48kB 0.0s done
#3 DONE 0.1s

#4 [1/1] COPY . /engines/
#4 CACHED

#5 exporting to image
#5 exporting layers done
#5 exporting manifest sha256:8cb786fd9058eb94fa59994d0207d656ca4719f320dd4b9f7d5abe8bfd994cd0 0.0s done
#5 exporting config sha256:6c2167dada67b98dcf322245cbd7b4872a483bb5836d6abe520004fbae6c77f3
#5 exporting config sha256:6c2167dada67b98dcf322245cbd7b4872a483bb5836d6abe520004fbae6c77f3 0.0s done
#5 exporting attestation manifest sha256:71ff5f9ff45286d2fffba6e2016e560d0367358e653bb8308e4e41f014fce89d 0.0s done
#5 exporting manifest list sha256:a66c49030ecd7fe27f5daf401fceedb10c5cff81f535885aab11d6ced741d564
#5 exporting manifest list sha256:a66c49030ecd7fe27f5daf401fceedb10c5cff81f535885aab11d6ced741d564 0.0s done
#5 naming to docker.io/library/z8-faults:c81b1211-8bb8-4e12-967a-a88724363bf8 done
#5 unpacking to docker.io/library/z8-faults:c81b1211-8bb8-4e12-967a-a88724363bf8
#5 unpacking to docker.io/library/z8-faults:c81b1211-8bb8-4e12-967a-a88724363bf8 2.3s done
#5 DONE 2.5s
