✔ CI targets all six native OS/architecture combinations without substituting emulation (17.156419ms)
✔ diagnostic preview preserves exact reviewed bytes (0.900215ms)
✔ diagnostic preview rejects malformed ids schemas and oversized UTF-8 (0.291418ms)
✔ diagnostic action advice is bilingual and does not expose raw errors (0.139668ms)
✔ native fault evidence requires actual bounded injection, recovery, cleanup and platform (1.073842ms)
✔ every native architecture audits a fingerprinted complete package rather than an application-only archive (5.203288ms)
✔ frontend readiness uses reviewed routes and rejects unknown inputs even when all engines are ready (1.445094ms)
✔ inventory preserves read/write direction, excludes pseudo formats from product summary and never treats an unavailable probe as absence (0.496796ms)
✔ Windows ImageMagick inventory without module column is parsed (0.075459ms)
✔ impact uses saved image snapshots, offsets growth and resets on clear (1.121175ms)
✔ duplicate delivery, retries and stale saved results never accumulate (0.101793ms)
✔ zero upload capability fails closed for missing backend or unknown routes (0.073125ms)
✔ desktop scenario reuses the web model and source allowlist matches (9.624113ms)
✔ result notes translate application copy without echoing unknown logs (0.581754ms)
✔ source receipt detects fixture/config/addition/deletion drift and excludes ignored secrets (371.314145ms)
✔ macOS deployment gate rejects iOS, missing metadata, incompatible minimum OS and malformed commands (1.068216ms)
✔ Mach-O embedded loader environment is rejected (0.157167ms)
✔ macOS assembler creates a checked inventory without executing foreign code and refuses overwrite (125.426561ms)
✔ Mach-O parser rejects unsupported CPU, fat, truncated and malformed load commands (0.833381ms)
✔ dyld closure rejects builder paths, rpath ambiguity and escaping loader paths (0.236543ms)
✔ macOS bundle checks every code resource and refuses missing, changed and linked dependencies (22.323249ms)
✔ Mach-O recognizes Intel without treating it as ARM64 (0.220043ms)
✔ MSIX native execution refuses Wine, Linux and Windows ARM emulation (0.662547ms)
✔ Windows registration must match identity, version, architecture and actual install folder (5.960128ms)
✔ MSIX receipt rejects null fingerprints, alias paths and missing executable (2.115599ms)
✔ MSIX default preflight never signs, installs or claims runtime acceptance (1.303718ms)
✔ successful installed workflow rechecks payload then removes its owned registration (0.251668ms)
✔ MSIX verifyInput failure remains observable and respects cleanup ownership (0.172293ms)
✔ MSIX preflight failure remains observable and respects cleanup ownership (0.098376ms)
✔ MSIX sign failure remains observable and respects cleanup ownership (0.097751ms)
✔ MSIX checkSigned failure remains observable and respects cleanup ownership (0.067625ms)
✔ MSIX install failure remains observable and respects cleanup ownership (0.147251ms)
✔ MSIX checkInstalled failure remains observable and respects cleanup ownership (0.127376ms)
✔ MSIX runtime failure remains observable and respects cleanup ownership (0.069208ms)
✔ MSIX uninstall failure remains observable and respects cleanup ownership (0.163085ms)
✔ MSIX verifyOriginal failure remains observable and respects cleanup ownership (0.076709ms)
✔ runtime and cleanup failures are both preserved (0.117167ms)
✔ an incomplete runtime report cannot pass even when the subprocess adapter resolves (0.084584ms)
✔ missing WebView2 keeps native acceptance blocked after conversions and cleanup (0.07925ms)
✔ non-Windows execute request stops before any signing or installation (0.0505ms)
✔ MSIX development configuration cannot silently become a store package (8.364479ms)
✔ MSIX manifest escapes display text and uses the explicit full-trust desktop entry (2.092058ms)
✔ MSIX icons contain real PNG headers at each required base size (4.72191ms)
✔ independent MSIX archive verification rejects corruption and unsafe archives (55.061161ms)
✔ ARM64 development MSIX declares Windows 11 for x64 subprocess compatibility (1.125675ms)
✔ supplementary notices preserve exact upstream bytes and immutable source revisions (19.375228ms)
✔ artifact matrix keeps store targets separate from local ARM evidence (5.75346ms)
✔ package validator rejects another architecture and malformed ELF (0.335461ms)
✔ acceptance cannot borrow an older candidate or count not-run checks as passed (1.887139ms)
✔ candidate build gate rejects development, debug, updater and mismatched version (0.652296ms)
✔ Windows candidate requires the compiled job-close strategy (0.748256ms)
✔ desktop preferences reject file grants, future schemas and invalid options (4.764369ms)
✔ system language uses primary preference, explicit selection wins (0.148835ms)
✔ initialization never writes defaults or overwrites a slow read (0.27771ms)
✔ failed save retains unsaved choice, revision and explicit retry (0.27821ms)
✔ ambiguous saved reply requires reload before stale retry can overwrite (0.284543ms)
✔ unreadable preferences never enable writes, can recover on explicit reload (0.13696ms)
✔ dispose suppresses late load responses and concurrent calls are ignored (3.094024ms)
✔ reactive proxy preferences are normalized into detached IPC data (0.093542ms)
✔ preview contract bounds payload, dimensions and explicit preview routes (0.94434ms)
✔ only one preview URL is retained and every switch or dispose releases it (0.592671ms)
✔ removal and disposal suppress late responses without creating a blob URL (0.293585ms)
✔ duplicate preview starts do not allocate parallel native work; failure can retry (0.345836ms)
✔ PDF first-page previews share the image byte budget (0.136418ms)
✔ media previews classify frames and covers without admitting playlists or invalid sizes (0.539504ms)
✔ candidate quality gate rejects old scope, omitted checks, duplicates and bad pixels (10.808539ms)
✔ PDF color gate checks pixels, fixed limits, all formats and negative control (1.513594ms)
✔ subscribes before snapshot and catches a completion during the first read (3.554777ms)
✔ late subscription is released after unmount (0.236919ms)
✔ old snapshots cannot replace a newer task state (0.450378ms)
✔ unmount while reading does not update the UI (0.967716ms)
✔ a failed request can recover on the next refresh (0.37067ms)
✔ contract rejects incompatible schema, duplicate tasks and malformed results (0.306002ms)
✔ reads the same contract fixture as Rust (3.095523ms)
✔ conversion settings reject unsupported DPI and unknown quality (0.407045ms)
✔ partial page contract rejects duplicate and out-of-range pages (2.922021ms)
✔ import reports are bounded and optional for older queue snapshots (1.102175ms)
✔ readiness isolates slow and failed engines while saving needs none (2.510102ms)
✔ public failure copy is bilingual and never echoes raw engine logs (0.214585ms)
✔ progress snapshot rejects stale attempts, completion percentages and log payloads (6.092753ms)
✔ failure vocabulary matches the shared Rust fixture (1.472844ms)
✔ queue schema 3 supports saving without granting input permission or claiming saved output (3.961446ms)
✔ save retry requests bind attempt and settings while normal retry stays a conversion (1.659096ms)
✔ frozen desktop scope matches UI formats, languages and artifact identities (5.853419ms)
✔ desktop CI covers every receipt input and uses the pinned Rust toolchain (16.186287ms)
✔ final Snap byte inspection stays distinct from runtime and installation acceptance (92.534065ms)
✔ final Snap inspection rejects changed engines, missing helpers and non-executable applications (162.033584ms)
✔ strict preflight rejects the real ARM/partial class of host, root and mismatched kernel (1.022133ms)
✔ installed revision must be active strict, never devmode, try or an unsafe path (0.335169ms)
✔ connections require exact GNOME, GPU, theme providers and home/display access (0.467837ms)
✔ installed mount rejects extracted directories, writable and duplicate mounts (0.20321ms)
✔ probe receipts require enforced app profile, seccomp and exact per-run nonce (0.151626ms)
✔ probe script quotes hostile-looking filenames without executing substitutions (17.538715ms)
✔ snapd uses bounded read-only Unix HTTP and validates the response envelope (28.338795ms)
▶ snapd rejects HTTP errors, malformed JSON, oversized and continuously trickling responses
  ✔ status (4.062489ms)
  ✔ json (3.409651ms)
  ✔ size (2.568769ms)
  ✔ timeout (105.829706ms)
✔ snapd rejects HTTP errors, malformed JSON, oversized and continuously trickling responses (117.052207ms)
✔ finite runner preserves split UTF-8 and rejects errors, missing commands and output overflow (66.809374ms)
✔ deadline kills detached command descendants, not just the parent (506.02215ms)
✔ installed conversion validation rejects borrowed architecture, duplicate routes and unchecked results (9.71803ms)
✔ SIGTERM stops an active finite process and releases signal listeners (58.599396ms)
✔ privileged cache digest can only read the fixed z8-work revision path (0.339711ms)
✔ Snap recipe targets core24 amd64 with explicit local file permissions (9.349903ms)
✔ Snap metadata rejects aliases, duplicate fields and oversized documents (1.680554ms)
✔ Snap metadata refuses widened permissions, services, wrong base and version (20.895406ms)
✔ Snap payload rejects Debian bundles and GTK dialogs even when architecture matches (0.914049ms)
✔ expanded Snap permits only the reviewed GNOME command chain and font hook (2.404935ms)
✔ assembly combines exact verified cache and supplement without changing originals (84.404755ms)
✔ assembly rejects a corrupt source rather than trusting a verified report (32.08324ms)
✔ assembly rejects foreign manifests and outputs inside immutable source caches (48.420987ms)
✔ snapshot metadata binds the precise source/epoch and official archive (1.203967ms)
✔ snapshot metadata rejects unsafe paths, ambiguous identities and oversized files (0.256794ms)
✔ download verifies both hashes and reuses a complete file without network (16.51829ms)
✔ real HTTP range response resumes retained prefix (16.379164ms)
✔ server ignoring Range restarts rather than appending a whole response (5.144997ms)
✔ wrong ranges, encoding and length never publish a final file (2.030182ms)
✔ truncated response is retained and a subsequent run resumes it (1.741929ms)
✔ corrupt cached prefix fails full checksum and can be downloaded cleanly next time (1.927806ms)
✔ SHA-1 alone cannot override descriptor SHA-256 and existing files are not replaced (1.485803ms)
✔ failure falls back to official historical URL; arbitrary URLs are rejected (1.733846ms)
✔ symlinks and deadline cancellation do not modify outside files or publish completion (1.355885ms)
✔ CLI rejects stale resume binding and releases the workspace lock (39.158ms)
✔ historical aliases use the exact filename named by the source descriptor (5.265622ms)
✔ hard-linked partial files cannot be truncated by a resume (1.228301ms)
✔ a stalled HTTP response is aborted by the overall deadline (105.295911ms)
✔ metadata retries network failures once and does not retry a missing version (1.267134ms)
✔ CLI refuses a workspace held by another collector (24.708018ms)
✔ SIGTERM produces a failed checkpoint and releases the collector lock (39.272126ms)
✔ Debian source identity preserves epoch and binNMU distinction (1.874889ms)
✔ control parser handles signed CRLF and rejects duplicate fields (0.134585ms)
✔ both static source declaration fields require exact versions (0.201501ms)
✔ bundle audit checks every byte and rejects unlisted or changed files (26.079402ms)
✔ package-relative files reject traversal and symbolic links (1.899931ms)
✔ exact Debian content resolves extracted resources and preserves static source requirements (9.492987ms)
✔ wrong or ambiguous Debian content cannot certify package ownership (4.750619ms)
✔ source descriptor requires exact hashes, lengths and the Debian patch archive (3.31665ms)
✔ another source version cannot satisfy a matching package name (3.733445ms)
✔ source descriptor refuses path escapes and missing declared files (1.940723ms)
✔ Debian catalog reads real archive content without installing or extracting it (46.295512ms)
✔ installed metadata must match the recorded binary and source versions (5.351331ms)
✔ missing notices are distinguished from unmapped runtime files (3.432234ms)
✔ an arbitrary transformation cannot bypass origin integrity (5.208123ms)
✔ audit refuses output inside the original engine bundle (26.413322ms)
✔ storage diagnostics distinguish locations and round capacity conservatively (23.959095ms)
✔ u64 storage diagnostics are handled without unsafe number coercion (0.170084ms)
✔ file-entry exhaustion and permission errors offer actionable localized recovery (0.257043ms)
✔ unrelated or malformed errors pass through as text (0.113542ms)
✔ current store drafts retain all unresolved acceptance and account gates (5.896294ms)
✔ listing languages, supported text and store field limits are checked (1.300801ms)
✔ privacy/support pages escape text, work without scripts and match checked-in output (2.321642ms)
✔ PNG validation rejects truncation, forged dimensions and corrupt image bytes (31.037815ms)
✔ hashed references reject stale files and paths outside the dossier workspace (8.183478ms)
✔ synthetic complete metadata reaches human review, not store approval (21.200575ms)
✔ a passed string without a hashed check report cannot release a candidate (20.075775ms)
✔ another platform's screenshot and a stale public policy stay blocked (12.534136ms)
✔ candidate swap invalidates every previous acceptance report (5.170164ms)
✔ an explicit incomplete redistribution review blocks even passing check reports (12.73997ms)
✔ package validation streams candidates larger than the JSON evidence limit (38.533038ms)
✔ one acceptance report cannot stand in for a different check (24.280473ms)
✔ foreign, emulated, stale-source and unsupported check reports remain blocked (113.559847ms)
✔ missing fault or performance acceptance blocks an otherwise complete dossier (24.395641ms)
✔ raw evidence must exist and retain its reviewed bytes (25.00277ms)
✔ standalone candidate gate also verifies concrete report references (52.538684ms)
✔ desktop app, channels and synthetic upgrade versions agree (9.340236ms)
✔ version mappings reject downgrade, overflow, ambiguous numbers and guessed Store versions (0.374712ms)
✔ lifecycle validation requires exactly one real successful test (1.711096ms)
✔ runtime readiness distinguishes stable, prerelease and absent WebView2 (0.21521ms)
✔ handoff verification rejects changed, missing and unlisted files (16.626958ms)
✔ handoff rejects case aliases and unsafe manifest paths before reading them (2.916396ms)
✔ reports cannot mutate input directories through direct or symlink paths (3.336108ms)
✔ Windows source lock is pinned and rejects unsafe paths, collisions and incomplete inputs (5.385707ms)
✔ assembler creates a schema 2 bundle with exact copied hashes and no host fallback (26.270446ms)
✔ assembler rejects corrupted archives before extraction (2.355143ms)
✔ assembler rejects tampered extracted resources even with a valid archive receipt (2.513352ms)
✔ assembler detects wrong PE architecture independently of file hashes (10.593829ms)
✔ Windows matrix validation keeps Linux default and requires all decoded routes (1.044591ms)
✔ engine CLI records static checks and blocks execution on the wrong host (104.565946ms)
✔ resources-only assembly is explicit and preserves pinned engine validation (11.893381ms)
✔ PE parser extracts normal and delay DLL imports, kind and resources (1.618595ms)
✔ PE parser rejects truncation, wrong architecture and malformed tables (1.868264ms)
✔ PE import descriptors require bounded terminators and safe module names (0.393294ms)
✔ PE rejects ambiguous sections and invalid certificate file offsets (0.141126ms)
✔ VC runtime and WebView2 loader are private dependencies (0.168335ms)
✔ tree resolves private DLLs recursively and exposes missing delay imports (13.367974ms)
✔ tree refuses engine DLL lookup through unrelated directories (1.81718ms)
✔ tree refuses DLL shadowing, wrong kind and symlinks (2.862896ms)
✔ tree rejects case-colliding package names on case-sensitive hosts (2.74277ms)
✔ CLI records static-only success, blocks foreign runtime and never overwrites (91.272723ms)
✔ source receipts cover working-tree files and reject changed or overwritten evidence (250.093824ms)
✔ ARM64 PE inspection is explicit and does not relax the default x64 gate (0.227627ms)
✔ Mixed-process architecture inspection rejects cross-architecture private DLL loading (1.267135ms)
ℹ tests 193
ℹ suites 0
ℹ pass 193
ℹ fail 0
ℹ cancelled 0
ℹ skipped 0
ℹ todo 0
ℹ duration_ms 937.755163
