✔ audio acceptance rejects incomplete routes, wrong codecs, lost tones and altered samples (16.438195ms)
✔ AIFF aliases get audio previews and new output preferences survive restart (0.631418ms)
✔ CI targets all six native OS/architecture combinations without substituting emulation (24.069667ms)
✔ diagnostic preview preserves exact reviewed bytes (0.886293ms)
✔ diagnostic preview rejects malformed ids schemas and oversized UTF-8 (1.211336ms)
✔ diagnostic action advice is bilingual and does not expose raw errors (0.182167ms)
✔ document gate rejects missing routes, coercion, unsafe resources and failed controls (7.857514ms)
✔ native fault evidence requires actual bounded injection, recovery, cleanup and platform (0.810793ms)
✔ every native architecture audits a fingerprinted complete package rather than an application-only archive (5.986594ms)
✔ frontend readiness uses reviewed routes and rejects unknown inputs even when all engines are ready (1.147794ms)
✔ inventory preserves read/write direction, excludes pseudo formats from product summary and never treats an unavailable probe as absence (0.528001ms)
✔ Windows ImageMagick inventory without module column is parsed (0.060209ms)
✔ new output preferences survive validation and old preferences remain valid (0.522376ms)
✔ image expansion gate rejects a partial or duplicate route report (6.025886ms)
✔ image expansion evidence rejects untyped decode and byte fields (14.394192ms)
✔ impact uses saved image snapshots, offsets growth and resets on clear (0.945752ms)
✔ duplicate delivery, retries and stale saved results never accumulate (0.1005ms)
✔ zero upload capability fails closed for missing backend or unknown routes (0.095251ms)
✔ desktop scenario reuses the web model and source allowlist matches (7.935348ms)
✔ result notes translate application copy without echoing unknown logs (1.058669ms)
✔ source receipt detects fixture/config/addition/deletion drift and excludes ignored secrets (405.365344ms)
✔ macOS deployment gate rejects iOS, missing metadata, incompatible minimum OS and malformed commands (1.169877ms)
✔ Mach-O embedded loader environment is rejected (0.160625ms)
✔ macOS assembler creates a checked inventory without executing foreign code and refuses overwrite (102.845349ms)
✔ Mach-O parser rejects unsupported CPU, fat, truncated and malformed load commands (1.627378ms)
✔ dyld closure rejects builder paths, rpath ambiguity and escaping loader paths (0.274834ms)
✔ macOS bundle checks every code resource and refuses missing, changed and linked dependencies (19.885785ms)
✔ Mach-O recognizes Intel without treating it as ARM64 (0.292501ms)
✔ MSIX native execution refuses Wine, Linux and Windows ARM emulation (0.908876ms)
✔ Windows registration must match identity, version, architecture and actual install folder (5.140384ms)
✔ MSIX receipt rejects null fingerprints, alias paths and missing executable (1.116752ms)
✔ MSIX default preflight never signs, installs or claims runtime acceptance (0.639292ms)
✔ successful installed workflow rechecks payload then removes its owned registration (0.144167ms)
✔ MSIX verifyInput failure remains observable and respects cleanup ownership (0.111917ms)
✔ MSIX preflight failure remains observable and respects cleanup ownership (0.059458ms)
✔ MSIX sign failure remains observable and respects cleanup ownership (0.076708ms)
✔ MSIX checkSigned failure remains observable and respects cleanup ownership (0.088583ms)
✔ MSIX install failure remains observable and respects cleanup ownership (0.176958ms)
✔ MSIX checkInstalled failure remains observable and respects cleanup ownership (0.111958ms)
✔ MSIX runtime failure remains observable and respects cleanup ownership (0.076709ms)
✔ MSIX uninstall failure remains observable and respects cleanup ownership (0.095208ms)
✔ MSIX verifyOriginal failure remains observable and respects cleanup ownership (0.070167ms)
✔ runtime and cleanup failures are both preserved (0.098708ms)
✔ an incomplete runtime report cannot pass even when the subprocess adapter resolves (0.094042ms)
✔ missing WebView2 keeps native acceptance blocked after conversions and cleanup (0.068125ms)
✔ non-Windows execute request stops before any signing or installation (0.049542ms)
✔ MSIX development configuration cannot silently become a store package (9.815059ms)
✔ MSIX manifest escapes display text and uses the explicit full-trust desktop entry (2.674422ms)
✔ MSIX icons contain real PNG headers at each required base size (5.011633ms)
✔ independent MSIX archive verification rejects corruption and unsafe archives (73.229046ms)
✔ ARM64 development MSIX declares Windows 11 for x64 subprocess compatibility (1.471628ms)
✔ supplementary notices preserve exact upstream bytes and immutable source revisions (21.429246ms)
✔ artifact matrix keeps store targets separate from local ARM evidence (5.456468ms)
✔ package validator rejects another architecture and malformed ELF (0.32875ms)
✔ acceptance cannot borrow an older candidate or count not-run checks as passed (1.370836ms)
✔ candidate build gate rejects development, debug, updater and mismatched version (0.724085ms)
✔ Windows candidate requires the compiled job-close strategy (0.779002ms)
✔ desktop preferences reject file grants, future schemas and invalid options (1.085919ms)
✔ system language uses primary preference, explicit selection wins (0.309125ms)
✔ initialization never writes defaults or overwrites a slow read (0.267417ms)
✔ failed save retains unsaved choice, revision and explicit retry (1.156336ms)
✔ ambiguous saved reply requires reload before stale retry can overwrite (1.133335ms)
✔ unreadable preferences never enable writes, can recover on explicit reload (0.152917ms)
✔ dispose suppresses late load responses and concurrent calls are ignored (3.875007ms)
✔ reactive proxy preferences are normalized into detached IPC data (0.123375ms)
✔ preview contract bounds payload, dimensions and explicit preview routes (0.79596ms)
✔ only one preview URL is retained and every switch or dispose releases it (0.762627ms)
✔ removal and disposal suppress late responses without creating a blob URL (0.187459ms)
✔ duplicate preview starts do not allocate parallel native work; failure can retry (0.163542ms)
✔ PDF first-page previews share the image byte budget (0.403543ms)
✔ media previews classify frames and covers without admitting playlists or invalid sizes (0.382209ms)
✔ candidate quality gate rejects old scope, omitted checks, duplicates and bad pixels (27.49134ms)
✔ PDF color gate checks pixels, fixed limits, all formats and negative control (1.743711ms)
✔ subscribes before snapshot and catches a completion during the first read (9.159183ms)
✔ late subscription is released after unmount (0.151959ms)
✔ old snapshots cannot replace a newer task state (2.721505ms)
✔ unmount while reading does not update the UI (4.528133ms)
✔ a failed request can recover on the next refresh (1.810045ms)
✔ contract rejects incompatible schema, duplicate tasks and malformed results (0.184583ms)
✔ reads the same contract fixture as Rust (4.585466ms)
✔ conversion settings reject unsupported DPI and unknown quality (0.142292ms)
✔ partial page contract rejects duplicate and out-of-range pages (1.05121ms)
✔ import reports are bounded and optional for older queue snapshots (1.837712ms)
✔ readiness isolates slow and failed engines while saving needs none (1.779545ms)
✔ public failure copy is bilingual and never echoes raw engine logs (0.193417ms)
✔ progress snapshot rejects stale attempts, completion percentages and log payloads (6.624762ms)
✔ failure vocabulary matches the shared Rust fixture (6.406803ms)
✔ queue schema 3 supports saving without granting input permission or claiming saved output (6.121594ms)
✔ save retry requests bind attempt and settings while normal retry stays a conversion (1.415419ms)
✔ frozen desktop scope matches UI formats, languages and artifact identities (3.526048ms)
✔ desktop CI covers every receipt input and uses the pinned Rust toolchain (18.893867ms)
✔ final Snap byte inspection stays distinct from runtime and installation acceptance (125.082471ms)
✔ final Snap inspection rejects changed engines, missing helpers and non-executable applications (169.482634ms)
✔ strict preflight rejects the real ARM/partial class of host, root and mismatched kernel (0.788543ms)
✔ installed revision must be active strict, never devmode, try or an unsafe path (0.285792ms)
✔ connections require exact GNOME, GPU, theme providers and home/display access (0.36625ms)
✔ installed mount rejects extracted directories, writable and duplicate mounts (0.191458ms)
✔ probe receipts require enforced app profile, seccomp and exact per-run nonce (0.169125ms)
✔ probe script quotes hostile-looking filenames without executing substitutions (12.605064ms)
✔ snapd uses bounded read-only Unix HTTP and validates the response envelope (16.165696ms)
▶ snapd rejects HTTP errors, malformed JSON, oversized and continuously trickling responses
  ✔ status (3.89059ms)
  ✔ json (1.661628ms)
  ✔ size (2.381754ms)
  ✔ timeout (101.151096ms)
✔ snapd rejects HTTP errors, malformed JSON, oversized and continuously trickling responses (111.331406ms)
✔ finite runner preserves split UTF-8 and rejects errors, missing commands and output overflow (72.980463ms)
✔ deadline kills detached command descendants, not just the parent (505.85923ms)
✔ installed conversion validation rejects borrowed architecture, duplicate routes and unchecked results (5.957802ms)
✔ SIGTERM stops an active finite process and releases signal listeners (52.837552ms)
✔ privileged cache digest can only read the fixed z8-work revision path (0.316751ms)
✔ Snap recipe targets core24 amd64 with explicit local file permissions (15.824903ms)
✔ Snap metadata rejects aliases, duplicate fields and oversized documents (1.714503ms)
✔ Snap metadata refuses widened permissions, services, wrong base and version (17.009739ms)
✔ Snap payload rejects Debian bundles and GTK dialogs even when architecture matches (1.609461ms)
✔ expanded Snap permits only the reviewed GNOME command chain and font hook (1.723503ms)
✔ assembly combines exact verified cache and supplement without changing originals (92.282872ms)
✔ assembly rejects a corrupt source rather than trusting a verified report (41.638074ms)
✔ assembly rejects foreign manifests and outputs inside immutable source caches (60.569982ms)
✔ snapshot metadata binds the precise source/epoch and official archive (1.272752ms)
✔ snapshot metadata rejects unsafe paths, ambiguous identities and oversized files (0.200001ms)
✔ download verifies both hashes and reuses a complete file without network (16.438987ms)
✔ real HTTP range response resumes retained prefix (16.587071ms)
✔ server ignoring Range restarts rather than appending a whole response (7.935306ms)
✔ wrong ranges, encoding and length never publish a final file (3.032505ms)
✔ truncated response is retained and a subsequent run resumes it (1.542753ms)
✔ corrupt cached prefix fails full checksum and can be downloaded cleanly next time (2.804547ms)
✔ SHA-1 alone cannot override descriptor SHA-256 and existing files are not replaced (2.65888ms)
✔ failure falls back to official historical URL; arbitrary URLs are rejected (2.295838ms)
✔ symlinks and deadline cancellation do not modify outside files or publish completion (1.913004ms)
✔ CLI rejects stale resume binding and releases the workspace lock (39.814528ms)
✔ historical aliases use the exact filename named by the source descriptor (5.145301ms)
✔ hard-linked partial files cannot be truncated by a resume (0.817168ms)
✔ a stalled HTTP response is aborted by the overall deadline (107.919232ms)
✔ metadata retries network failures once and does not retry a missing version (1.467878ms)
✔ CLI refuses a workspace held by another collector (26.453714ms)
✔ SIGTERM produces a failed checkpoint and releases the collector lock (40.485864ms)
✔ Debian source identity preserves epoch and binNMU distinction (1.269585ms)
✔ control parser handles signed CRLF and rejects duplicate fields (0.143209ms)
✔ both static source declaration fields require exact versions (0.184125ms)
✔ bundle audit checks every byte and rejects unlisted or changed files (17.867074ms)
✔ package-relative files reject traversal and symbolic links (2.665796ms)
✔ exact Debian content resolves extracted resources and preserves static source requirements (10.29931ms)
✔ wrong or ambiguous Debian content cannot certify package ownership (4.96355ms)
✔ source descriptor requires exact hashes, lengths and the Debian patch archive (3.084255ms)
✔ another source version cannot satisfy a matching package name (3.983674ms)
✔ source descriptor refuses path escapes and missing declared files (2.052628ms)
✔ Debian catalog reads real archive content without installing or extracting it (59.898898ms)
✔ installed metadata must match the recorded binary and source versions (5.354176ms)
✔ missing notices are distinguished from unmapped runtime files (4.224508ms)
✔ an arbitrary transformation cannot bypass origin integrity (5.798927ms)
✔ audit refuses output inside the original engine bundle (33.654476ms)
✔ storage diagnostics distinguish locations and round capacity conservatively (27.628507ms)
✔ u64 storage diagnostics are handled without unsafe number coercion (0.165167ms)
✔ file-entry exhaustion and permission errors offer actionable localized recovery (0.178792ms)
✔ unrelated or malformed errors pass through as text (0.109208ms)
✔ current store drafts retain all unresolved acceptance and account gates (6.555053ms)
✔ listing languages, supported text and store field limits are checked (1.816878ms)
✔ privacy/support pages escape text, work without scripts and match checked-in output (3.018088ms)
✔ PNG validation rejects truncation, forged dimensions and corrupt image bytes (13.848441ms)
✔ hashed references reject stale files and paths outside the dossier workspace (6.970971ms)
✔ synthetic complete metadata reaches human review, not store approval (17.194947ms)
✔ a passed string without a hashed check report cannot release a candidate (15.238443ms)
✔ another platform's screenshot and a stale public policy stay blocked (13.208523ms)
✔ candidate swap invalidates every previous acceptance report (3.078297ms)
✔ an explicit incomplete redistribution review blocks even passing check reports (21.072079ms)
✔ package validation streams candidates larger than the JSON evidence limit (48.122835ms)
✔ one acceptance report cannot stand in for a different check (12.29698ms)
✔ foreign, emulated, stale-source and unsupported check reports remain blocked (79.00239ms)
✔ missing fault or performance acceptance blocks an otherwise complete dossier (24.46046ms)
✔ raw evidence must exist and retain its reviewed bytes (18.059116ms)
✔ standalone candidate gate also verifies concrete report references (50.376131ms)
✔ desktop app, channels and synthetic upgrade versions agree (15.99857ms)
✔ version mappings reject downgrade, overflow, ambiguous numbers and guessed Store versions (0.715793ms)
✔ standalone Windows handoff loads without repository dependencies (104.931144ms)
✔ lifecycle validation requires exactly one real successful test (0.832543ms)
✔ runtime readiness distinguishes stable, prerelease and absent WebView2 (0.186042ms)
✔ handoff verification rejects changed, missing and unlisted files (19.339493ms)
✔ handoff rejects case aliases and unsafe manifest paths before reading them (10.567393ms)
✔ reports cannot mutate input directories through direct or symlink paths (10.283727ms)
✔ handoff rejects a consistently inventoried but incomplete tool closure (6.068886ms)
✔ Windows source lock is pinned and rejects unsafe paths, collisions and incomplete inputs (7.313513ms)
✔ assembler creates a schema 2 bundle with exact copied hashes and no host fallback (26.415839ms)
✔ assembler rejects corrupted archives before extraction (3.353881ms)
✔ assembler rejects tampered extracted resources even with a valid archive receipt (2.547213ms)
✔ assembler detects wrong PE architecture independently of file hashes (13.042814ms)
✔ Windows matrix validation keeps Linux default and requires all decoded routes (1.478753ms)
✔ engine CLI records static checks and blocks execution on the wrong host (112.764867ms)
✔ resources-only assembly is explicit and preserves pinned engine validation (11.530104ms)
✔ PE parser extracts normal and delay DLL imports, kind and resources (1.576086ms)
✔ PE parser rejects truncation, wrong architecture and malformed tables (5.608052ms)
✔ PE import descriptors require bounded terminators and safe module names (0.492792ms)
✔ PE rejects ambiguous sections and invalid certificate file offsets (0.182209ms)
✔ VC runtime and WebView2 loader are private dependencies (0.215459ms)
✔ tree resolves private DLLs recursively and exposes missing delay imports (17.144655ms)
✔ tree refuses engine DLL lookup through unrelated directories (1.537711ms)
✔ tree refuses DLL shadowing, wrong kind and symlinks (1.904795ms)
✔ tree rejects case-colliding package names on case-sensitive hosts (1.626503ms)
✔ CLI records static-only success, blocks foreign runtime and never overwrites (97.493714ms)
✔ source receipts cover working-tree files and reject changed or overwritten evidence (357.59705ms)
✔ ARM64 PE inspection is explicit and does not relax the default x64 gate (0.251001ms)
✔ Mixed-process architecture inspection rejects cross-architecture private DLL loading (1.104294ms)
ℹ tests 201
ℹ suites 0
ℹ pass 201
ℹ fail 0
ℹ cancelled 0
ℹ skipped 0
ℹ todo 0
ℹ duration_ms 917.534002
