#0 building with "default" instance using docker driver

#1 [internal] load build definition from Dockerfile
#1 transferring dockerfile: 67B done
#1 DONE 0.0s

#2 [internal] load .dockerignore
#2 transferring context: 2B done
#2 DONE 0.0s

#3 [internal] load build context
#3 transferring context: 83.48kB 0.0s done
#3 DONE 0.1s

#4 [1/1] COPY . /engines/
#4 CACHED

#5 exporting to image
#5 exporting layers done
#5 exporting manifest sha256:8cb786fd9058eb94fa59994d0207d656ca4719f320dd4b9f7d5abe8bfd994cd0 done
#5 exporting config sha256:6c2167dada67b98dcf322245cbd7b4872a483bb5836d6abe520004fbae6c77f3 done
#5 exporting attestation manifest sha256:8cdf7a57e8e031366fe0249d7450f7020e9d62fe1fd31af23645caa6ef4c3517
#5 exporting attestation manifest sha256:8cdf7a57e8e031366fe0249d7450f7020e9d62fe1fd31af23645caa6ef4c3517 0.0s done
#5 exporting manifest list sha256:fc026de2f2297860f6ce474bbee6072cb024d0bc4bc6aa275180b4cee13e2200 0.0s done
#5 naming to docker.io/library/z8-faults:42a79054-c4af-4fe6-bd6d-829638badbd2 done
#5 unpacking to docker.io/library/z8-faults:42a79054-c4af-4fe6-bd6d-829638badbd2
#5 unpacking to docker.io/library/z8-faults:42a79054-c4af-4fe6-bd6d-829638badbd2 3.3s done
#5 DONE 3.4s
