✔ CI targets all six native OS/architecture combinations without substituting emulation (22.82439ms)
✔ diagnostic preview preserves exact reviewed bytes (1.365891ms)
✔ diagnostic preview rejects malformed ids schemas and oversized UTF-8 (0.510839ms)
✔ diagnostic action advice is bilingual and does not expose raw errors (0.255628ms)
✔ document gate rejects missing routes, coercion, unsafe resources and failed controls (16.937322ms)
✔ native fault evidence requires actual bounded injection, recovery, cleanup and platform (2.014149ms)
✔ every native architecture audits a fingerprinted complete package rather than an application-only archive (14.536377ms)
✔ frontend readiness uses reviewed routes and rejects unknown inputs even when all engines are ready (6.012612ms)
✔ inventory preserves read/write direction, excludes pseudo formats from product summary and never treats an unavailable probe as absence (0.611341ms)
✔ Windows ImageMagick inventory without module column is parsed (0.09896ms)
✔ new output preferences survive validation and old preferences remain valid (1.232306ms)
✔ image expansion gate rejects a partial or duplicate route report (6.246781ms)
✔ image expansion evidence rejects untyped decode and byte fields (11.453717ms)
✔ impact uses saved image snapshots, offsets growth and resets on clear (1.180972ms)
✔ duplicate delivery, retries and stale saved results never accumulate (0.114209ms)
✔ zero upload capability fails closed for missing backend or unknown routes (0.127751ms)
✔ desktop scenario reuses the web model and source allowlist matches (8.223054ms)
✔ result notes translate application copy without echoing unknown logs (1.465058ms)
✔ source receipt detects fixture/config/addition/deletion drift and excludes ignored secrets (568.031697ms)
✔ macOS deployment gate rejects iOS, missing metadata, incompatible minimum OS and malformed commands (1.931481ms)
✔ Mach-O embedded loader environment is rejected (0.260211ms)
✔ macOS assembler creates a checked inventory without executing foreign code and refuses overwrite (143.477504ms)
✔ Mach-O parser rejects unsupported CPU, fat, truncated and malformed load commands (0.707383ms)
✔ dyld closure rejects builder paths, rpath ambiguity and escaping loader paths (0.223044ms)
✔ macOS bundle checks every code resource and refuses missing, changed and linked dependencies (15.00805ms)
✔ Mach-O recognizes Intel without treating it as ARM64 (0.30367ms)
✔ MSIX native execution refuses Wine, Linux and Windows ARM emulation (1.98419ms)
✔ Windows registration must match identity, version, architecture and actual install folder (15.892185ms)
✔ MSIX receipt rejects null fingerprints, alias paths and missing executable (14.275333ms)
✔ MSIX default preflight never signs, installs or claims runtime acceptance (0.810593ms)
✔ successful installed workflow rechecks payload then removes its owned registration (0.197669ms)
✔ MSIX verifyInput failure remains observable and respects cleanup ownership (3.579875ms)
✔ MSIX preflight failure remains observable and respects cleanup ownership (0.134085ms)
✔ MSIX sign failure remains observable and respects cleanup ownership (0.079876ms)
✔ MSIX checkSigned failure remains observable and respects cleanup ownership (3.951255ms)
✔ MSIX install failure remains observable and respects cleanup ownership (0.289003ms)
✔ MSIX checkInstalled failure remains observable and respects cleanup ownership (1.873022ms)
✔ MSIX runtime failure remains observable and respects cleanup ownership (0.146919ms)
✔ MSIX uninstall failure remains observable and respects cleanup ownership (0.128793ms)
✔ MSIX verifyOriginal failure remains observable and respects cleanup ownership (0.077918ms)
✔ runtime and cleanup failures are both preserved (0.14046ms)
✔ an incomplete runtime report cannot pass even when the subprocess adapter resolves (0.113377ms)
✔ missing WebView2 keeps native acceptance blocked after conversions and cleanup (0.084418ms)
✔ non-Windows execute request stops before any signing or installation (0.090167ms)
✔ MSIX development configuration cannot silently become a store package (13.339239ms)
✔ MSIX manifest escapes display text and uses the explicit full-trust desktop entry (7.707048ms)
✔ MSIX icons contain real PNG headers at each required base size (6.819829ms)
✔ independent MSIX archive verification rejects corruption and unsafe archives (96.759752ms)
✔ ARM64 development MSIX declares Windows 11 for x64 subprocess compatibility (1.581685ms)
✔ supplementary notices preserve exact upstream bytes and immutable source revisions (81.165153ms)
✔ artifact matrix keeps store targets separate from local ARM evidence (7.411711ms)
✔ package validator rejects another architecture and malformed ELF (7.208542ms)
✔ acceptance cannot borrow an older candidate or count not-run checks as passed (3.082244ms)
✔ candidate build gate rejects development, debug, updater and mismatched version (2.943659ms)
✔ Windows candidate requires the compiled job-close strategy (1.232181ms)
✔ desktop preferences reject file grants, future schemas and invalid options (1.213223ms)
✔ system language uses primary preference, explicit selection wins (0.470589ms)
✔ initialization never writes defaults or overwrites a slow read (0.616966ms)
✔ failed save retains unsaved choice, revision and explicit retry (0.362254ms)
✔ ambiguous saved reply requires reload before stale retry can overwrite (0.357004ms)
✔ unreadable preferences never enable writes, can recover on explicit reload (0.146252ms)
✔ dispose suppresses late load responses and concurrent calls are ignored (5.060475ms)
✔ reactive proxy preferences are normalized into detached IPC data (0.193669ms)
✔ preview contract bounds payload, dimensions and explicit preview routes (1.054345ms)
✔ only one preview URL is retained and every switch or dispose releases it (0.527422ms)
✔ removal and disposal suppress late responses without creating a blob URL (0.12571ms)
✔ duplicate preview starts do not allocate parallel native work; failure can retry (0.192668ms)
✔ PDF first-page previews share the image byte budget (0.083251ms)
✔ media previews classify frames and covers without admitting playlists or invalid sizes (0.131751ms)
✔ candidate quality gate rejects old scope, omitted checks, duplicates and bad pixels (28.142119ms)
✔ PDF color gate checks pixels, fixed limits, all formats and negative control (7.824133ms)
✔ subscribes before snapshot and catches a completion during the first read (6.722912ms)
✔ late subscription is released after unmount (0.231628ms)
✔ old snapshots cannot replace a newer task state (0.459839ms)
✔ unmount while reading does not update the UI (1.675061ms)
✔ a failed request can recover on the next refresh (0.61784ms)
✔ contract rejects incompatible schema, duplicate tasks and malformed results (0.269253ms)
✔ reads the same contract fixture as Rust (3.998588ms)
✔ conversion settings reject unsupported DPI and unknown quality (0.28192ms)
✔ partial page contract rejects duplicate and out-of-range pages (4.007213ms)
✔ import reports are bounded and optional for older queue snapshots (0.736842ms)
✔ readiness isolates slow and failed engines while saving needs none (1.444183ms)
✔ public failure copy is bilingual and never echoes raw engine logs (0.240586ms)
✔ progress snapshot rejects stale attempts, completion percentages and log payloads (7.102791ms)
✔ failure vocabulary matches the shared Rust fixture (1.97219ms)
✔ queue schema 3 supports saving without granting input permission or claiming saved output (4.314676ms)
✔ save retry requests bind attempt and settings while normal retry stays a conversion (2.412361ms)
✔ frozen desktop scope matches UI formats, languages and artifact identities (5.285104ms)
✔ desktop CI covers every receipt input and uses the pinned Rust toolchain (20.553489ms)
✔ final Snap byte inspection stays distinct from runtime and installation acceptance (160.223116ms)
✔ final Snap inspection rejects changed engines, missing helpers and non-executable applications (251.781431ms)
✔ strict preflight rejects the real ARM/partial class of host, root and mismatched kernel (2.456612ms)
✔ installed revision must be active strict, never devmode, try or an unsafe path (0.490089ms)
✔ connections require exact GNOME, GPU, theme providers and home/display access (0.473922ms)
✔ installed mount rejects extracted directories, writable and duplicate mounts (0.195002ms)
✔ probe receipts require enforced app profile, seccomp and exact per-run nonce (0.169044ms)
✔ probe script quotes hostile-looking filenames without executing substitutions (15.970436ms)
✔ snapd uses bounded read-only Unix HTTP and validates the response envelope (12.777357ms)
▶ snapd rejects HTTP errors, malformed JSON, oversized and continuously trickling responses
  ✔ status (3.988255ms)
  ✔ json (1.658561ms)
  ✔ size (3.174078ms)
  ✔ timeout (102.685821ms)
✔ snapd rejects HTTP errors, malformed JSON, oversized and continuously trickling responses (113.483405ms)
✔ finite runner preserves split UTF-8 and rejects errors, missing commands and output overflow (100.33171ms)
✔ deadline kills detached command descendants, not just the parent (509.283888ms)
✔ installed conversion validation rejects borrowed architecture, duplicate routes and unchecked results (6.959164ms)
✔ SIGTERM stops an active finite process and releases signal listeners (65.195717ms)
✔ privileged cache digest can only read the fixed z8-work revision path (0.428213ms)
✔ Snap recipe targets core24 amd64 with explicit local file permissions (11.667844ms)
✔ Snap metadata rejects aliases, duplicate fields and oversized documents (1.859021ms)
✔ Snap metadata refuses widened permissions, services, wrong base and version (16.826946ms)
✔ Snap payload rejects Debian bundles and GTK dialogs even when architecture matches (1.058262ms)
✔ expanded Snap permits only the reviewed GNOME command chain and font hook (2.449362ms)
✔ assembly combines exact verified cache and supplement without changing originals (125.148749ms)
✔ assembly rejects a corrupt source rather than trusting a verified report (58.068176ms)
✔ assembly rejects foreign manifests and outputs inside immutable source caches (78.844293ms)
✔ snapshot metadata binds the precise source/epoch and official archive (1.3971ms)
✔ snapshot metadata rejects unsafe paths, ambiguous identities and oversized files (0.236628ms)
✔ download verifies both hashes and reuses a complete file without network (13.436906ms)
✔ real HTTP range response resumes retained prefix (30.685899ms)
✔ server ignoring Range restarts rather than appending a whole response (16.272606ms)
✔ wrong ranges, encoding and length never publish a final file (8.179678ms)
✔ truncated response is retained and a subsequent run resumes it (5.826068ms)
✔ corrupt cached prefix fails full checksum and can be downloaded cleanly next time (6.253739ms)
✔ SHA-1 alone cannot override descriptor SHA-256 and existing files are not replaced (3.695126ms)
✔ failure falls back to official historical URL; arbitrary URLs are rejected (3.979963ms)
✔ symlinks and deadline cancellation do not modify outside files or publish completion (1.620685ms)
✔ CLI rejects stale resume binding and releases the workspace lock (40.286511ms)
✔ historical aliases use the exact filename named by the source descriptor (7.832549ms)
✔ hard-linked partial files cannot be truncated by a resume (1.418017ms)
✔ a stalled HTTP response is aborted by the overall deadline (117.53916ms)
✔ metadata retries network failures once and does not retry a missing version (1.538185ms)
✔ CLI refuses a workspace held by another collector (32.361293ms)
✔ SIGTERM produces a failed checkpoint and releases the collector lock (57.421418ms)
✔ Debian source identity preserves epoch and binNMU distinction (1.323932ms)
✔ control parser handles signed CRLF and rejects duplicate fields (0.135668ms)
✔ both static source declaration fields require exact versions (0.226128ms)
✔ bundle audit checks every byte and rejects unlisted or changed files (22.247467ms)
✔ package-relative files reject traversal and symbolic links (2.2289ms)
✔ exact Debian content resolves extracted resources and preserves static source requirements (10.708042ms)
✔ wrong or ambiguous Debian content cannot certify package ownership (6.635828ms)
✔ source descriptor requires exact hashes, lengths and the Debian patch archive (6.883164ms)
✔ another source version cannot satisfy a matching package name (6.316324ms)
✔ source descriptor refuses path escapes and missing declared files (2.511613ms)
✔ Debian catalog reads real archive content without installing or extracting it (66.054269ms)
✔ installed metadata must match the recorded binary and source versions (8.16197ms)
✔ missing notices are distinguished from unmapped runtime files (11.119462ms)
✔ an arbitrary transformation cannot bypass origin integrity (9.860198ms)
✔ audit refuses output inside the original engine bundle (64.206248ms)
✔ storage diagnostics distinguish locations and round capacity conservatively (28.643458ms)
✔ u64 storage diagnostics are handled without unsafe number coercion (0.292587ms)
✔ file-entry exhaustion and permission errors offer actionable localized recovery (3.358706ms)
✔ unrelated or malformed errors pass through as text (0.182752ms)
✔ current store drafts retain all unresolved acceptance and account gates (8.513183ms)
✔ listing languages, supported text and store field limits are checked (2.936243ms)
✔ privacy/support pages escape text, work without scripts and match checked-in output (3.356581ms)
✔ PNG validation rejects truncation, forged dimensions and corrupt image bytes (21.176996ms)
✔ hashed references reject stale files and paths outside the dossier workspace (10.216327ms)
✔ synthetic complete metadata reaches human review, not store approval (30.7604ms)
✔ a passed string without a hashed check report cannot release a candidate (16.28869ms)
✔ another platform's screenshot and a stale public policy stay blocked (15.335096ms)
✔ candidate swap invalidates every previous acceptance report (9.024105ms)
✔ an explicit incomplete redistribution review blocks even passing check reports (17.659914ms)
✔ package validation streams candidates larger than the JSON evidence limit (64.660128ms)
✔ one acceptance report cannot stand in for a different check (22.407386ms)
✔ foreign, emulated, stale-source and unsupported check reports remain blocked (131.716908ms)
✔ missing fault or performance acceptance blocks an otherwise complete dossier (36.538551ms)
✔ raw evidence must exist and retain its reviewed bytes (56.735619ms)
✔ standalone candidate gate also verifies concrete report references (82.459335ms)
✔ desktop app, channels and synthetic upgrade versions agree (16.710694ms)
✔ version mappings reject downgrade, overflow, ambiguous numbers and guessed Store versions (0.817635ms)
✔ lifecycle validation requires exactly one real successful test (2.720948ms)
✔ runtime readiness distinguishes stable, prerelease and absent WebView2 (0.261128ms)
✔ handoff verification rejects changed, missing and unlisted files (21.202706ms)
✔ handoff rejects case aliases and unsafe manifest paths before reading them (6.039945ms)
✔ reports cannot mutate input directories through direct or symlink paths (5.124935ms)
✔ Windows source lock is pinned and rejects unsafe paths, collisions and incomplete inputs (6.279198ms)
✔ assembler creates a schema 2 bundle with exact copied hashes and no host fallback (34.999157ms)
✔ assembler rejects corrupted archives before extraction (3.779419ms)
✔ assembler rejects tampered extracted resources even with a valid archive receipt (3.153162ms)
✔ assembler detects wrong PE architecture independently of file hashes (16.686653ms)
✔ Windows matrix validation keeps Linux default and requires all decoded routes (1.91248ms)
✔ engine CLI records static checks and blocks execution on the wrong host (173.482853ms)
✔ resources-only assembly is explicit and preserves pinned engine validation (17.696456ms)
✔ PE parser extracts normal and delay DLL imports, kind and resources (1.770979ms)
✔ PE parser rejects truncation, wrong architecture and malformed tables (1.055054ms)
✔ PE import descriptors require bounded terminators and safe module names (0.442338ms)
✔ PE rejects ambiguous sections and invalid certificate file offsets (0.195836ms)
✔ VC runtime and WebView2 loader are private dependencies (0.215377ms)
✔ tree resolves private DLLs recursively and exposes missing delay imports (17.06099ms)
✔ tree refuses engine DLL lookup through unrelated directories (1.913397ms)
✔ tree refuses DLL shadowing, wrong kind and symlinks (4.210133ms)
✔ tree rejects case-colliding package names on case-sensitive hosts (4.198341ms)
✔ CLI records static-only success, blocks foreign runtime and never overwrites (174.431072ms)
✔ source receipts cover working-tree files and reject changed or overwritten evidence (402.993775ms)
✔ ARM64 PE inspection is explicit and does not relax the default x64 gate (0.378255ms)
✔ Mixed-process architecture inspection rejects cross-architecture private DLL loading (1.928647ms)
ℹ tests 197
ℹ suites 0
ℹ pass 197
ℹ fail 0
ℹ cancelled 0
ℹ skipped 0
ℹ todo 0
ℹ duration_ms 1059.787297
