✔ diagnostic preview preserves exact reviewed bytes (0.872459ms)
✔ diagnostic preview rejects malformed ids schemas and oversized UTF-8 (0.289125ms)
✔ diagnostic action advice is bilingual and does not expose raw errors (0.16ms)
✔ native fault evidence requires actual bounded injection, recovery, cleanup and platform (0.778833ms)
✔ impact uses saved image snapshots, offsets growth and resets on clear (1.411042ms)
✔ duplicate delivery, retries and stale saved results never accumulate (0.117542ms)
✔ zero upload capability fails closed for missing backend or unknown routes (0.081917ms)
✔ desktop scenario reuses the web model and source allowlist matches (8.540044ms)
✔ result notes translate application copy without echoing unknown logs (1.049917ms)
✔ source receipt detects fixture/config/addition/deletion drift and excludes ignored secrets (358.449785ms)
✔ macOS deployment gate rejects iOS, missing metadata, incompatible minimum OS and malformed commands (0.995292ms)
✔ Mach-O embedded loader environment is rejected (0.113375ms)
✔ macOS assembler creates a checked inventory without executing foreign code and refuses overwrite (97.426271ms)
✔ Mach-O parser rejects x64, fat, truncated and malformed load commands (1.954667ms)
✔ dyld closure rejects builder paths, rpath ambiguity and escaping loader paths (0.28275ms)
✔ macOS bundle checks every code resource and refuses missing, changed and linked dependencies (12.204586ms)
✔ MSIX native execution refuses Wine, Linux and Windows ARM emulation (0.810209ms)
✔ Windows registration must match identity, version, architecture and actual install folder (5.799668ms)
✔ MSIX receipt rejects null fingerprints, alias paths and missing executable (1.73975ms)
✔ MSIX default preflight never signs, installs or claims runtime acceptance (0.670334ms)
✔ successful installed workflow rechecks payload then removes its owned registration (3.935584ms)
✔ MSIX verifyInput failure remains observable and respects cleanup ownership (0.220542ms)
✔ MSIX preflight failure remains observable and respects cleanup ownership (0.085958ms)
✔ MSIX sign failure remains observable and respects cleanup ownership (0.081125ms)
✔ MSIX checkSigned failure remains observable and respects cleanup ownership (0.089042ms)
✔ MSIX install failure remains observable and respects cleanup ownership (0.184875ms)
✔ MSIX checkInstalled failure remains observable and respects cleanup ownership (0.74675ms)
✔ MSIX runtime failure remains observable and respects cleanup ownership (0.094417ms)
✔ MSIX uninstall failure remains observable and respects cleanup ownership (0.082084ms)
✔ MSIX verifyOriginal failure remains observable and respects cleanup ownership (0.061459ms)
✔ runtime and cleanup failures are both preserved (0.128167ms)
✔ an incomplete runtime report cannot pass even when the subprocess adapter resolves (0.083125ms)
✔ missing WebView2 keeps native acceptance blocked after conversions and cleanup (0.077459ms)
✔ non-Windows execute request stops before any signing or installation (0.049292ms)
✔ MSIX development configuration cannot silently become a store package (7.696668ms)
✔ MSIX manifest escapes display text and uses the explicit full-trust desktop entry (5.246043ms)
✔ MSIX icons contain real PNG headers at each required base size (1.249417ms)
✔ independent MSIX archive verification rejects corruption and unsafe archives (79.648142ms)
✔ supplementary notices preserve exact upstream bytes and immutable source revisions (19.090296ms)
✔ artifact matrix keeps store targets separate from local ARM evidence (11.289628ms)
✔ package validator rejects another architecture and malformed ELF (0.427875ms)
✔ acceptance cannot borrow an older candidate or count not-run checks as passed (1.738251ms)
✔ candidate build gate rejects development, debug, updater and mismatched version (0.882167ms)
✔ Windows candidate requires the compiled job-close strategy (0.663584ms)
✔ desktop preferences reject file grants, future schemas and invalid options (1.212166ms)
✔ system language uses primary preference, explicit selection wins (0.181458ms)
✔ initialization never writes defaults or overwrites a slow read (0.28575ms)
✔ failed save retains unsaved choice, revision and explicit retry (0.2685ms)
✔ ambiguous saved reply requires reload before stale retry can overwrite (0.341625ms)
✔ unreadable preferences never enable writes, can recover on explicit reload (0.112291ms)
✔ dispose suppresses late load responses and concurrent calls are ignored (9.858793ms)
✔ reactive proxy preferences are normalized into detached IPC data (0.188416ms)
✔ preview contract bounds payload, dimensions and explicit preview routes (1.029542ms)
✔ only one preview URL is retained and every switch or dispose releases it (0.658291ms)
✔ removal and disposal suppress late responses without creating a blob URL (0.353791ms)
✔ duplicate preview starts do not allocate parallel native work; failure can retry (0.313334ms)
✔ PDF first-page previews share the image byte budget (0.090792ms)
✔ media previews classify frames and covers without admitting playlists or invalid sizes (0.174458ms)
✔ candidate quality gate rejects old scope, omitted checks, duplicates and bad pixels (19.915338ms)
✔ subscribes before snapshot and catches a completion during the first read (3.305459ms)
✔ late subscription is released after unmount (0.2125ms)
✔ old snapshots cannot replace a newer task state (0.47775ms)
✔ unmount while reading does not update the UI (1.192584ms)
✔ a failed request can recover on the next refresh (0.421583ms)
✔ contract rejects incompatible schema, duplicate tasks and malformed results (0.291042ms)
✔ reads the same contract fixture as Rust (4.577668ms)
✔ conversion settings reject unsupported DPI and unknown quality (0.216292ms)
✔ partial page contract rejects duplicate and out-of-range pages (2.238292ms)
✔ import reports are bounded and optional for older queue snapshots (1.293834ms)
✔ readiness isolates slow and failed engines while saving needs none (0.515ms)
✔ public failure copy is bilingual and never echoes raw engine logs (0.184167ms)
✔ progress snapshot rejects stale attempts, completion percentages and log payloads (4.814501ms)
✔ failure vocabulary matches the shared Rust fixture (1.249834ms)
✔ queue schema 3 supports saving without granting input permission or claiming saved output (4.868626ms)
✔ save retry requests bind attempt and settings while normal retry stays a conversion (1.565833ms)
✔ frozen desktop scope matches UI formats, languages and artifact identities (4.479251ms)
✔ desktop CI covers every receipt input and uses the pinned Rust toolchain (17.039003ms)
✔ final Snap byte inspection stays distinct from runtime and installation acceptance (116.393358ms)
✔ final Snap inspection rejects changed engines, missing helpers and non-executable applications (162.011243ms)
✔ strict preflight rejects the real ARM/partial class of host, root and mismatched kernel (1.309626ms)
✔ installed revision must be active strict, never devmode, try or an unsafe path (0.427125ms)
✔ connections require exact GNOME, GPU, theme providers and home/display access (0.611625ms)
✔ installed mount rejects extracted directories, writable and duplicate mounts (0.213167ms)
✔ probe receipts require enforced app profile, seccomp and exact per-run nonce (0.196833ms)
✔ probe script quotes hostile-looking filenames without executing substitutions (25.789005ms)
✔ snapd uses bounded read-only Unix HTTP and validates the response envelope (16.281712ms)
▶ snapd rejects HTTP errors, malformed JSON, oversized and continuously trickling responses
  ✔ status (11.149211ms)
  ✔ json (1.623251ms)
  ✔ size (1.333751ms)
  ✔ timeout (105.680898ms)
✔ snapd rejects HTTP errors, malformed JSON, oversized and continuously trickling responses (120.923776ms)
✔ finite runner preserves split UTF-8 and rejects errors, missing commands and output overflow (67.253348ms)
✔ deadline kills detached command descendants, not just the parent (509.132942ms)
✔ installed conversion validation rejects borrowed architecture, duplicate routes and unchecked results (4.884501ms)
✔ SIGTERM stops an active finite process and releases signal listeners (39.810634ms)
✔ privileged cache digest can only read the fixed z8-work revision path (0.380084ms)
✔ Snap recipe targets core24 amd64 with explicit local file permissions (8.224293ms)
✔ Snap metadata rejects aliases, duplicate fields and oversized documents (1.585834ms)
✔ Snap metadata refuses widened permissions, services, wrong base and version (16.108837ms)
✔ Snap payload rejects Debian bundles and GTK dialogs even when architecture matches (1.621ms)
✔ expanded Snap permits only the reviewed GNOME command chain and font hook (3.321251ms)
✔ assembly combines exact verified cache and supplement without changing originals (74.735433ms)
✔ assembly rejects a corrupt source rather than trusting a verified report (33.877299ms)
✔ assembly rejects foreign manifests and outputs inside immutable source caches (50.943511ms)
✔ snapshot metadata binds the precise source/epoch and official archive (1.335708ms)
✔ snapshot metadata rejects unsafe paths, ambiguous identities and oversized files (0.269625ms)
✔ download verifies both hashes and reuses a complete file without network (12.443586ms)
✔ real HTTP range response resumes retained prefix (15.616045ms)
✔ server ignoring Range restarts rather than appending a whole response (5.425043ms)
✔ wrong ranges, encoding and length never publish a final file (2.301459ms)
✔ truncated response is retained and a subsequent run resumes it (1.484876ms)
✔ corrupt cached prefix fails full checksum and can be downloaded cleanly next time (1.969293ms)
✔ SHA-1 alone cannot override descriptor SHA-256 and existing files are not replaced (1.583292ms)
✔ failure falls back to official historical URL; arbitrary URLs are rejected (2.125292ms)
✔ symlinks and deadline cancellation do not modify outside files or publish completion (1.198167ms)
✔ CLI rejects stale resume binding and releases the workspace lock (36.204383ms)
✔ historical aliases use the exact filename named by the source descriptor (5.427376ms)
✔ hard-linked partial files cannot be truncated by a resume (0.609292ms)
✔ a stalled HTTP response is aborted by the overall deadline (104.931523ms)
✔ metadata retries network failures once and does not retry a missing version (0.908667ms)
✔ CLI refuses a workspace held by another collector (27.105298ms)
✔ SIGTERM produces a failed checkpoint and releases the collector lock (30.702923ms)
✔ Debian source identity preserves epoch and binNMU distinction (10.542919ms)
✔ control parser handles signed CRLF and rejects duplicate fields (0.445042ms)
✔ both static source declaration fields require exact versions (0.213292ms)
✔ bundle audit checks every byte and rejects unlisted or changed files (41.447675ms)
✔ package-relative files reject traversal and symbolic links (2.140208ms)
✔ exact Debian content resolves extracted resources and preserves static source requirements (11.429711ms)
✔ wrong or ambiguous Debian content cannot certify package ownership (6.372334ms)
✔ source descriptor requires exact hashes, lengths and the Debian patch archive (3.559876ms)
✔ another source version cannot satisfy a matching package name (4.629835ms)
✔ source descriptor refuses path escapes and missing declared files (2.591168ms)
✔ Debian catalog reads real archive content without installing or extracting it (46.341594ms)
✔ installed metadata must match the recorded binary and source versions (5.542543ms)
✔ missing notices are distinguished from unmapped runtime files (4.033917ms)
✔ an arbitrary transformation cannot bypass origin integrity (5.581668ms)
✔ audit refuses output inside the original engine bundle (24.286172ms)
✔ storage diagnostics distinguish locations and round capacity conservatively (9.778502ms)
✔ u64 storage diagnostics are handled without unsafe number coercion (0.180958ms)
✔ file-entry exhaustion and permission errors offer actionable localized recovery (0.297667ms)
✔ unrelated or malformed errors pass through as text (0.114917ms)
✔ current store drafts retain all unresolved acceptance and account gates (4.178501ms)
✔ listing languages, supported text and store field limits are checked (3.314834ms)
✔ privacy/support pages escape text, work without scripts and match checked-in output (2.701167ms)
✔ PNG validation rejects truncation, forged dimensions and corrupt image bytes (12.088127ms)
✔ hashed references reject stale files and paths outside the dossier workspace (5.808001ms)
✔ synthetic complete metadata reaches human review, not store approval (15.916337ms)
✔ a passed string without a hashed check report cannot release a candidate (13.328253ms)
✔ another platform's screenshot and a stale public policy stay blocked (8.772168ms)
✔ candidate swap invalidates every previous acceptance report (3.048043ms)
✔ an explicit incomplete redistribution review blocks even passing check reports (26.688048ms)
✔ package validation streams candidates larger than the JSON evidence limit (39.269425ms)
✔ desktop app, channels and synthetic upgrade versions agree (11.976252ms)
✔ version mappings reject downgrade, overflow, ambiguous numbers and guessed Store versions (0.526584ms)
✔ lifecycle validation requires exactly one real successful test (1.398042ms)
✔ runtime readiness distinguishes stable, prerelease and absent WebView2 (0.654958ms)
✔ handoff verification rejects changed, missing and unlisted files (18.743129ms)
✔ handoff rejects case aliases and unsafe manifest paths before reading them (3.849709ms)
✔ reports cannot mutate input directories through direct or symlink paths (3.112459ms)
✔ Windows source lock is pinned and rejects unsafe paths, collisions and incomplete inputs (5.292459ms)
✔ assembler creates a schema 2 bundle with exact copied hashes and no host fallback (29.711881ms)
✔ assembler rejects corrupted archives before extraction (2.931501ms)
✔ assembler rejects tampered extracted resources even with a valid archive receipt (2.350042ms)
✔ assembler detects wrong PE architecture independently of file hashes (11.538377ms)
✔ Windows matrix validation keeps Linux default and requires all decoded routes (1.304917ms)
✔ engine CLI records static checks and blocks execution on the wrong host (117.882901ms)
✔ PE parser extracts normal and delay DLL imports, kind and resources (1.399709ms)
✔ PE parser rejects truncation, wrong architecture and malformed tables (0.624ms)
✔ PE import descriptors require bounded terminators and safe module names (1.054042ms)
✔ PE rejects ambiguous sections and invalid certificate file offsets (0.155709ms)
✔ VC runtime and WebView2 loader are private dependencies (0.195417ms)
✔ tree resolves private DLLs recursively and exposes missing delay imports (13.74942ms)
✔ tree refuses engine DLL lookup through unrelated directories (1.605042ms)
✔ tree refuses DLL shadowing, wrong kind and symlinks (2.734708ms)
✔ tree rejects case-colliding package names on case-sensitive hosts (1.934001ms)
✔ CLI records static-only success, blocks foreign runtime and never overwrites (101.298521ms)
✔ source receipts cover working-tree files and reject changed or overwritten evidence (233.43505ms)
ℹ tests 177
ℹ suites 0
ℹ pass 177
ℹ fail 0
ℹ cancelled 0
ℹ skipped 0
ℹ todo 0
ℹ duration_ms 915.714696
