{
  "schema": 1,
  "artifact": "linux-arm64-validation",
  "filename": "z8-work-0.1.0-linux-arm64-validation.tar.gz",
  "sha256": "6c7a5683fb097071bfcaed7e08aa9525f4b2919bc3b9056ff43ab3c96d56fb18",
  "applicationSha256": "38771e1466c6a04834c4fcd81b908427f4ee006e97b6526eb461a96c64d42c08",
  "engineManifestSha256": "9f12291d03708117f8c44dc30138f17c9c0e161c303d21a62d410c2c164bc90c",
  "redistributionApproved": false,
  "buildInfo": {
    "applicationId": "work.z8.desktop.m0",
    "arch": "aarch64",
    "customProtocol": true,
    "debug": false,
    "engines": "bundled",
    "fileDialog": "gtk3",
    "os": "linux",
    "processLifetime": "watchdog-pipe-v1",
    "resourceDirectoryName": "Z8.Work Desktop Dev",
    "schema": 1,
    "updater": false,
    "version": "0.1.0"
  },
  "checks": {
    "integrity": {
      "status": "passed",
      "report": "Final archive extracted; application hash and complete engine inventory checked"
    },
    "conversion": {
      "status": "passed",
      "report": "quality.json; executed against final extracted archive"
    },
    "gui": {
      "status": "not-run"
    },
    "install": {
      "status": "not-run"
    },
    "upgrade": {
      "status": "not-run"
    },
    "uninstall": {
      "status": "not-run"
    },
    "licenses": {
      "status": "not-run",
      "reason": "Source delivery and dependency review pending"
    }
  }
}
