dbus-daemon[2356319]: [session uid=501 pid=2356319 pidfd=5] Activating service name='org.a11y.Bus' requested by ':1.1' (uid=501 pid=2356611 comm="/home/ivmm/VERT/.desktop-local/phase28-pdf-icc/lin")
dbus-daemon[2356319]: [session uid=501 pid=2356319 pidfd=5] Successfully activated service 'org.a11y.Bus'
dbus-daemon[2356319]: [session uid=501 pid=2356319 pidfd=5] Activating service name='org.freedesktop.portal.Desktop' requested by ':1.3' (uid=501 pid=2356611 comm="/home/ivmm/VERT/.desktop-local/phase28-pdf-icc/lin")
dbus-daemon[2356319]: [session uid=501 pid=2356319 pidfd=5] Activating service name='org.freedesktop.impl.portal.PermissionStore' requested by ':1.4' (uid=501 pid=2356665 comm="/usr/libexec/xdg-desktop-portal")
dbus-daemon[2356319]: [session uid=501 pid=2356319 pidfd=5] Successfully activated service 'org.freedesktop.impl.portal.PermissionStore'
dbus-daemon[2356319]: [session uid=501 pid=2356319 pidfd=5] Activating service name='org.freedesktop.portal.Documents' requested by ':1.4' (uid=501 pid=2356665 comm="/usr/libexec/xdg-desktop-portal")
dbus-daemon[2356319]: [session uid=501 pid=2356319 pidfd=5] Successfully activated service 'org.freedesktop.portal.Documents'
fusermount3: failed to access mountpoint /run/user/501/doc: Permission denied
error: fuse init failed: Can't mount path /run/user/501/doc

(/usr/libexec/xdg-desktop-portal:2356665): xdg-desktop-portal-WARNING **: 01:54:19.322: Document portal fuse mount point unknown: GDBus.Error:org.freedesktop.DBus.Error.NoReply: Message recipient disconnected from message bus without replying

(/usr/libexec/xdg-desktop-portal:2356665): xdg-desktop-portal-WARNING **: 01:54:19.322: Choosing gtk.portal for org.freedesktop.impl.portal.Lockdown as a last-resort fallback
dbus-daemon[2356319]: [session uid=501 pid=2356319 pidfd=5] Activating service name='org.freedesktop.impl.portal.desktop.gtk' requested by ':1.4' (uid=501 pid=2356665 comm="/usr/libexec/xdg-desktop-portal")
dbus-daemon[2356658]: Activating service name='org.a11y.atspi.Registry' requested by ':1.1' (uid=501 pid=2356686 comm="/usr/libexec/xdg-desktop-portal-gtk")
dbus-daemon[2356658]: Successfully activated service 'org.a11y.atspi.Registry'
SpiRegistry daemon is running with well-known name - org.a11y.atspi.Registry
dbus-daemon[2356319]: [session uid=501 pid=2356319 pidfd=5] Successfully activated service 'org.freedesktop.impl.portal.desktop.gtk'

(/usr/libexec/xdg-desktop-portal:2356665): xdg-desktop-portal-WARNING **: 01:54:19.349: Failed to load RealtimeKit property: GDBus.Error:org.freedesktop.DBus.Error.ServiceUnknown: The name org.freedesktop.RealtimeKit1 was not provided by any .service files

(/usr/libexec/xdg-desktop-portal:2356665): xdg-desktop-portal-WARNING **: 01:54:19.350: Failed to load RealtimeKit property: GDBus.Error:org.freedesktop.DBus.Error.ServiceUnknown: The name org.freedesktop.RealtimeKit1 was not provided by any .service files

(/usr/libexec/xdg-desktop-portal:2356665): xdg-desktop-portal-WARNING **: 01:54:19.350: Failed to load RealtimeKit property: GDBus.Error:org.freedesktop.DBus.Error.ServiceUnknown: The name org.freedesktop.RealtimeKit1 was not provided by any .service files

(/usr/libexec/xdg-desktop-portal:2356665): xdg-desktop-portal-WARNING **: 01:54:19.350: Choosing gtk.portal for org.freedesktop.impl.portal.Settings as a last-resort fallback

(/usr/libexec/xdg-desktop-portal:2356665): xdg-desktop-portal-WARNING **: 01:54:19.350: Choosing gtk.portal for org.freedesktop.impl.portal.FileChooser as a last-resort fallback

(/usr/libexec/xdg-desktop-portal:2356665): xdg-desktop-portal-WARNING **: 01:54:19.351: Choosing gtk.portal for org.freedesktop.impl.portal.AppChooser as a last-resort fallback

(/usr/libexec/xdg-desktop-portal:2356665): xdg-desktop-portal-WARNING **: 01:54:19.351: Choosing gtk.portal for org.freedesktop.impl.portal.Print as a last-resort fallback

(/usr/libexec/xdg-desktop-portal:2356665): xdg-desktop-portal-WARNING **: 01:54:19.351: Choosing gtk.portal for org.freedesktop.impl.portal.Notification as a last-resort fallback

(/usr/libexec/xdg-desktop-portal:2356665): xdg-desktop-portal-WARNING **: 01:54:19.352: Choosing gtk.portal for org.freedesktop.impl.portal.Inhibit as a last-resort fallback

(/usr/libexec/xdg-desktop-portal:2356665): xdg-desktop-portal-WARNING **: 01:54:19.352: Choosing gtk.portal for org.freedesktop.impl.portal.Access as a last-resort fallback
[W][01:54:19.354829] pw.conf      | [          conf.c: 1182 try_load_conf()] can't load config client.conf: No such file or directory
[E][01:54:19.355458] pw.conf      | [          conf.c: 1215 pw_conf_load_conf_for_context()] can't load config client.conf: No such file or directory

(/usr/libexec/xdg-desktop-portal:2356665): xdg-desktop-portal-WARNING **: 01:54:19.355: Failed connect to PipeWire: Couldn't create PipeWire context

(/usr/libexec/xdg-desktop-portal:2356665): xdg-desktop-portal-WARNING **: 01:54:19.355: Choosing gtk.portal for org.freedesktop.impl.portal.Account as a last-resort fallback

(/usr/libexec/xdg-desktop-portal:2356665): xdg-desktop-portal-WARNING **: 01:54:19.356: Choosing gtk.portal for org.freedesktop.impl.portal.Email as a last-resort fallback

(/usr/libexec/xdg-desktop-portal:2356665): xdg-desktop-portal-WARNING **: 01:54:19.357: Choosing gtk.portal for org.freedesktop.impl.portal.DynamicLauncher as a last-resort fallback
dbus-daemon[2356319]: [session uid=501 pid=2356319 pidfd=5] Successfully activated service 'org.freedesktop.portal.Desktop'
dbus-daemon[2356319]: [session uid=501 pid=2356319 pidfd=5] Activating service name='ca.desrt.dconf' requested by ':1.3' (uid=501 pid=2356611 comm="/home/ivmm/VERT/.desktop-local/phase28-pdf-icc/lin")
dbus-daemon[2356319]: [session uid=501 pid=2356319 pidfd=5] Successfully activated service 'ca.desrt.dconf'
/home/ivmm/VERT/.desktop-local/phase25-gui-6XWt7C
