✔ diagnostic preview preserves exact reviewed bytes (1.313984ms)
✔ diagnostic preview rejects malformed ids schemas and oversized UTF-8 (0.679746ms)
✔ diagnostic action advice is bilingual and does not expose raw errors (0.158362ms)
✔ native fault evidence requires actual bounded injection, recovery, cleanup and platform (0.903161ms)
✔ impact uses saved image snapshots, offsets growth and resets on clear (1.527648ms)
✔ duplicate delivery, retries and stale saved results never accumulate (0.109186ms)
✔ zero upload capability fails closed for missing backend or unknown routes (0.078264ms)
✔ desktop scenario reuses the web model and source allowlist matches (5.948313ms)
✔ result notes translate application copy without echoing unknown logs (0.582813ms)
✔ source receipt detects fixture/config/addition/deletion drift and excludes ignored secrets (522.168697ms)
✔ macOS deployment gate rejects iOS, missing metadata, incompatible minimum OS and malformed commands (1.861791ms)
✔ Mach-O embedded loader environment is rejected (0.243501ms)
✔ macOS assembler creates a checked inventory without executing foreign code and refuses overwrite (210.665525ms)
✔ Mach-O parser rejects x64, fat, truncated and malformed load commands (0.933167ms)
✔ dyld closure rejects builder paths, rpath ambiguity and escaping loader paths (0.255712ms)
✔ macOS bundle checks every code resource and refuses missing, changed and linked dependencies (8.176002ms)
✔ MSIX native execution refuses Wine, Linux and Windows ARM emulation (1.043728ms)
✔ Windows registration must match identity, version, architecture and actual install folder (15.307777ms)
✔ MSIX receipt rejects null fingerprints, alias paths and missing executable (1.431548ms)
✔ MSIX default preflight never signs, installs or claims runtime acceptance (3.304799ms)
✔ successful installed workflow rechecks payload then removes its owned registration (0.198661ms)
✔ MSIX verifyInput failure remains observable and respects cleanup ownership (0.106102ms)
✔ MSIX preflight failure remains observable and respects cleanup ownership (0.083181ms)
✔ MSIX sign failure remains observable and respects cleanup ownership (0.065762ms)
✔ MSIX checkSigned failure remains observable and respects cleanup ownership (0.069596ms)
✔ MSIX install failure remains observable and respects cleanup ownership (0.14786ms)
✔ MSIX checkInstalled failure remains observable and respects cleanup ownership (0.104268ms)
✔ MSIX runtime failure remains observable and respects cleanup ownership (0.098643ms)
✔ MSIX uninstall failure remains observable and respects cleanup ownership (0.08439ms)
✔ MSIX verifyOriginal failure remains observable and respects cleanup ownership (0.068012ms)
✔ runtime and cleanup failures are both preserved (0.097392ms)
✔ an incomplete runtime report cannot pass even when the subprocess adapter resolves (0.116312ms)
✔ missing WebView2 keeps native acceptance blocked after conversions and cleanup (0.093017ms)
✔ non-Windows execute request stops before any signing or installation (0.062344ms)
✔ MSIX development configuration cannot silently become a store package (5.943229ms)
✔ MSIX manifest escapes display text and uses the explicit full-trust desktop entry (1.342323ms)
✔ MSIX icons contain real PNG headers at each required base size (5.626589ms)
✔ independent MSIX archive verification rejects corruption and unsafe archives (93.877194ms)
✔ supplementary notices preserve exact upstream bytes and immutable source revisions (42.949468ms)
✔ artifact matrix keeps store targets separate from local ARM evidence (21.049053ms)
✔ package validator rejects another architecture and malformed ELF (0.318349ms)
✔ acceptance cannot borrow an older candidate or count not-run checks as passed (2.073204ms)
✔ candidate build gate rejects development, debug, updater and mismatched version (3.876568ms)
✔ Windows candidate requires the compiled job-close strategy (4.100649ms)
✔ desktop preferences reject file grants, future schemas and invalid options (6.292375ms)
✔ system language uses primary preference, explicit selection wins (0.168989ms)
✔ initialization never writes defaults or overwrites a slow read (0.23971ms)
✔ failed save retains unsaved choice, revision and explicit retry (0.262047ms)
✔ ambiguous saved reply requires reload before stale retry can overwrite (0.255088ms)
✔ unreadable preferences never enable writes, can recover on explicit reload (0.141775ms)
✔ dispose suppresses late load responses and concurrent calls are ignored (6.690904ms)
✔ reactive proxy preferences are normalized into detached IPC data (0.128231ms)
✔ preview contract bounds payload, dimensions and explicit preview routes (1.051438ms)
✔ only one preview URL is retained and every switch or dispose releases it (0.510217ms)
✔ removal and disposal suppress late responses without creating a blob URL (0.133358ms)
✔ duplicate preview starts do not allocate parallel native work; failure can retry (0.226665ms)
✔ PDF first-page previews share the image byte budget (0.067179ms)
✔ media previews classify frames and covers without admitting playlists or invalid sizes (0.137483ms)
✔ candidate quality gate rejects old scope, omitted checks, duplicates and bad pixels (25.429253ms)
✔ PDF color gate checks pixels, fixed limits, all formats and negative control (1.683634ms)
✔ subscribes before snapshot and catches a completion during the first read (4.812026ms)
✔ late subscription is released after unmount (0.251461ms)
✔ old snapshots cannot replace a newer task state (0.178031ms)
✔ unmount while reading does not update the UI (8.51023ms)
✔ a failed request can recover on the next refresh (0.635071ms)
✔ contract rejects incompatible schema, duplicate tasks and malformed results (0.264922ms)
✔ reads the same contract fixture as Rust (4.436126ms)
✔ conversion settings reject unsupported DPI and unknown quality (0.338853ms)
✔ partial page contract rejects duplicate and out-of-range pages (4.545229ms)
✔ import reports are bounded and optional for older queue snapshots (0.472293ms)
✔ readiness isolates slow and failed engines while saving needs none (0.462083ms)
✔ public failure copy is bilingual and never echoes raw engine logs (0.134733ms)
✔ progress snapshot rejects stale attempts, completion percentages and log payloads (9.871597ms)
✔ failure vocabulary matches the shared Rust fixture (5.481188ms)
✔ queue schema 3 supports saving without granting input permission or claiming saved output (5.731899ms)
✔ save retry requests bind attempt and settings while normal retry stays a conversion (1.534024ms)
✔ frozen desktop scope matches UI formats, languages and artifact identities (4.994059ms)
✔ desktop CI covers every receipt input and uses the pinned Rust toolchain (18.006635ms)
✔ final Snap byte inspection stays distinct from runtime and installation acceptance (155.606434ms)
✔ final Snap inspection rejects changed engines, missing helpers and non-executable applications (230.896308ms)
✔ strict preflight rejects the real ARM/partial class of host, root and mismatched kernel (2.429351ms)
✔ installed revision must be active strict, never devmode, try or an unsafe path (0.320015ms)
✔ connections require exact GNOME, GPU, theme providers and home/display access (0.384777ms)
✔ installed mount rejects extracted directories, writable and duplicate mounts (0.210163ms)
✔ probe receipts require enforced app profile, seccomp and exact per-run nonce (0.189825ms)
✔ probe script quotes hostile-looking filenames without executing substitutions (22.48281ms)
✔ snapd uses bounded read-only Unix HTTP and validates the response envelope (20.57722ms)
▶ snapd rejects HTTP errors, malformed JSON, oversized and continuously trickling responses
  ✔ status (13.281332ms)
  ✔ json (6.45057ms)
  ✔ size (3.839811ms)
  ✔ timeout (107.571225ms)
✔ snapd rejects HTTP errors, malformed JSON, oversized and continuously trickling responses (132.587029ms)
✔ finite runner preserves split UTF-8 and rejects errors, missing commands and output overflow (102.175094ms)
✔ deadline kills detached command descendants, not just the parent (506.914512ms)
✔ installed conversion validation rejects borrowed architecture, duplicate routes and unchecked results (5.088493ms)
✔ SIGTERM stops an active finite process and releases signal listeners (52.89933ms)
✔ privileged cache digest can only read the fixed z8-work revision path (0.503006ms)
✔ Snap recipe targets core24 amd64 with explicit local file permissions (25.079524ms)
✔ Snap metadata rejects aliases, duplicate fields and oversized documents (2.637221ms)
✔ Snap metadata refuses widened permissions, services, wrong base and version (24.717126ms)
✔ Snap payload rejects Debian bundles and GTK dialogs even when architecture matches (1.175418ms)
✔ expanded Snap permits only the reviewed GNOME command chain and font hook (3.654361ms)
✔ assembly combines exact verified cache and supplement without changing originals (124.531714ms)
✔ assembly rejects a corrupt source rather than trusting a verified report (59.787727ms)
✔ assembly rejects foreign manifests and outputs inside immutable source caches (105.456055ms)
✔ snapshot metadata binds the precise source/epoch and official archive (1.289105ms)
✔ snapshot metadata rejects unsafe paths, ambiguous identities and oversized files (0.25763ms)
✔ download verifies both hashes and reuses a complete file without network (13.837514ms)
✔ real HTTP range response resumes retained prefix (31.515591ms)
✔ server ignoring Range restarts rather than appending a whole response (6.642646ms)
✔ wrong ranges, encoding and length never publish a final file (2.914562ms)
✔ truncated response is retained and a subsequent run resumes it (1.733477ms)
✔ corrupt cached prefix fails full checksum and can be downloaded cleanly next time (2.441812ms)
✔ SHA-1 alone cannot override descriptor SHA-256 and existing files are not replaced (1.69947ms)
✔ failure falls back to official historical URL; arbitrary URLs are rejected (1.701138ms)
✔ symlinks and deadline cancellation do not modify outside files or publish completion (1.046271ms)
✔ CLI rejects stale resume binding and releases the workspace lock (44.894399ms)
✔ historical aliases use the exact filename named by the source descriptor (3.981961ms)
✔ hard-linked partial files cannot be truncated by a resume (0.715878ms)
✔ a stalled HTTP response is aborted by the overall deadline (105.546238ms)
✔ metadata retries network failures once and does not retry a missing version (0.796268ms)
✔ CLI refuses a workspace held by another collector (38.137983ms)
✔ SIGTERM produces a failed checkpoint and releases the collector lock (53.00068ms)
✔ Debian source identity preserves epoch and binNMU distinction (2.664477ms)
✔ control parser handles signed CRLF and rejects duplicate fields (0.134649ms)
✔ both static source declaration fields require exact versions (0.208163ms)
✔ bundle audit checks every byte and rejects unlisted or changed files (44.956618ms)
✔ package-relative files reject traversal and symbolic links (5.040609ms)
✔ exact Debian content resolves extracted resources and preserves static source requirements (9.548748ms)
✔ wrong or ambiguous Debian content cannot certify package ownership (5.438514ms)
✔ source descriptor requires exact hashes, lengths and the Debian patch archive (3.258332ms)
✔ another source version cannot satisfy a matching package name (4.342943ms)
✔ source descriptor refuses path escapes and missing declared files (3.958666ms)
✔ Debian catalog reads real archive content without installing or extracting it (67.623044ms)
✔ installed metadata must match the recorded binary and source versions (16.796168ms)
✔ missing notices are distinguished from unmapped runtime files (6.708283ms)
✔ an arbitrary transformation cannot bypass origin integrity (5.490648ms)
✔ audit refuses output inside the original engine bundle (47.19556ms)
✔ storage diagnostics distinguish locations and round capacity conservatively (48.04367ms)
✔ u64 storage diagnostics are handled without unsafe number coercion (0.371567ms)
✔ file-entry exhaustion and permission errors offer actionable localized recovery (0.497922ms)
✔ unrelated or malformed errors pass through as text (0.238334ms)
✔ current store drafts retain all unresolved acceptance and account gates (18.008676ms)
✔ listing languages, supported text and store field limits are checked (5.085867ms)
✔ privacy/support pages escape text, work without scripts and match checked-in output (8.36637ms)
✔ PNG validation rejects truncation, forged dimensions and corrupt image bytes (16.649392ms)
✔ hashed references reject stale files and paths outside the dossier workspace (6.470448ms)
✔ synthetic complete metadata reaches human review, not store approval (19.907808ms)
✔ a passed string without a hashed check report cannot release a candidate (16.349088ms)
✔ another platform's screenshot and a stale public policy stay blocked (16.756328ms)
✔ candidate swap invalidates every previous acceptance report (4.689171ms)
✔ an explicit incomplete redistribution review blocks even passing check reports (25.0844ms)
✔ package validation streams candidates larger than the JSON evidence limit (51.008908ms)
✔ one acceptance report cannot stand in for a different check (35.443085ms)
✔ foreign, emulated, stale-source and unsupported check reports remain blocked (165.689486ms)
✔ missing fault or performance acceptance blocks an otherwise complete dossier (24.594937ms)
✔ raw evidence must exist and retain its reviewed bytes (20.00395ms)
✔ standalone candidate gate also verifies concrete report references (62.220329ms)
✔ desktop app, channels and synthetic upgrade versions agree (15.295192ms)
✔ version mappings reject downgrade, overflow, ambiguous numbers and guessed Store versions (0.49488ms)
✔ lifecycle validation requires exactly one real successful test (2.672603ms)
✔ runtime readiness distinguishes stable, prerelease and absent WebView2 (0.551807ms)
✔ handoff verification rejects changed, missing and unlisted files (18.8392ms)
✔ handoff rejects case aliases and unsafe manifest paths before reading them (3.12285ms)
✔ reports cannot mutate input directories through direct or symlink paths (3.476329ms)
✔ Windows source lock is pinned and rejects unsafe paths, collisions and incomplete inputs (7.687124ms)
✔ assembler creates a schema 2 bundle with exact copied hashes and no host fallback (48.232579ms)
✔ assembler rejects corrupted archives before extraction (2.833382ms)
✔ assembler rejects tampered extracted resources even with a valid archive receipt (2.265822ms)
✔ assembler detects wrong PE architecture independently of file hashes (11.47105ms)
✔ Windows matrix validation keeps Linux default and requires all decoded routes (1.548485ms)
✔ engine CLI records static checks and blocks execution on the wrong host (140.135795ms)
✔ PE parser extracts normal and delay DLL imports, kind and resources (1.856915ms)
✔ PE parser rejects truncation, wrong architecture and malformed tables (0.706293ms)
✔ PE import descriptors require bounded terminators and safe module names (0.968923ms)
✔ PE rejects ambiguous sections and invalid certificate file offsets (0.221164ms)
✔ VC runtime and WebView2 loader are private dependencies (0.13815ms)
✔ tree resolves private DLLs recursively and exposes missing delay imports (17.394608ms)
✔ tree refuses engine DLL lookup through unrelated directories (4.878247ms)
✔ tree refuses DLL shadowing, wrong kind and symlinks (4.320814ms)
✔ tree rejects case-colliding package names on case-sensitive hosts (2.423309ms)
✔ CLI records static-only success, blocks foreign runtime and never overwrites (144.43323ms)
✔ source receipts cover working-tree files and reject changed or overwritten evidence (352.256163ms)
ℹ tests 183
ℹ suites 0
ℹ pass 183
ℹ fail 0
ℹ cancelled 0
ℹ skipped 0
ℹ todo 0
ℹ duration_ms 1063.919684
