dbus-daemon[1411150]: [session uid=501 pid=1411150 pidfd=5] Activating service name='org.a11y.Bus' requested by ':1.1' (uid=501 pid=1411264 comm="/home/ivmm/VERT/.desktop-local/phase28/linux-revie")
dbus-daemon[1411150]: [session uid=501 pid=1411150 pidfd=5] Successfully activated service 'org.a11y.Bus'
dbus-daemon[1411150]: [session uid=501 pid=1411150 pidfd=5] Activating service name='org.freedesktop.portal.Desktop' requested by ':1.3' (uid=501 pid=1411264 comm="/home/ivmm/VERT/.desktop-local/phase28/linux-revie")
dbus-daemon[1411150]: [session uid=501 pid=1411150 pidfd=5] Activating service name='org.freedesktop.impl.portal.PermissionStore' requested by ':1.4' (uid=501 pid=1411306 comm="/usr/libexec/xdg-desktop-portal")
dbus-daemon[1411150]: [session uid=501 pid=1411150 pidfd=5] Successfully activated service 'org.freedesktop.impl.portal.PermissionStore'
dbus-daemon[1411150]: [session uid=501 pid=1411150 pidfd=5] Activating service name='org.freedesktop.portal.Documents' requested by ':1.4' (uid=501 pid=1411306 comm="/usr/libexec/xdg-desktop-portal")
dbus-daemon[1411150]: [session uid=501 pid=1411150 pidfd=5] Successfully activated service 'org.freedesktop.portal.Documents'
fusermount3: failed to access mountpoint /run/user/501/doc: Permission denied
error: fuse init failed: Can't mount path /run/user/501/doc

(/usr/libexec/xdg-desktop-portal:1411306): xdg-desktop-portal-WARNING **: 23:01:14.710: Document portal fuse mount point unknown: GDBus.Error:org.freedesktop.DBus.Error.ServiceUnknown: The name :1.6 was not provided by any .service files

(/usr/libexec/xdg-desktop-portal:1411306): xdg-desktop-portal-WARNING **: 23:01:14.710: Choosing gtk.portal for org.freedesktop.impl.portal.Lockdown as a last-resort fallback
dbus-daemon[1411150]: [session uid=501 pid=1411150 pidfd=5] Activating service name='org.freedesktop.impl.portal.desktop.gtk' requested by ':1.4' (uid=501 pid=1411306 comm="/usr/libexec/xdg-desktop-portal")
dbus-daemon[1411301]: Activating service name='org.a11y.atspi.Registry' requested by ':1.1' (uid=501 pid=1411327 comm="/usr/libexec/xdg-desktop-portal-gtk")
dbus-daemon[1411301]: Successfully activated service 'org.a11y.atspi.Registry'
SpiRegistry daemon is running with well-known name - org.a11y.atspi.Registry
dbus-daemon[1411150]: [session uid=501 pid=1411150 pidfd=5] Successfully activated service 'org.freedesktop.impl.portal.desktop.gtk'

(/usr/libexec/xdg-desktop-portal:1411306): xdg-desktop-portal-WARNING **: 23:01:14.740: Failed to load RealtimeKit property: GDBus.Error:org.freedesktop.DBus.Error.ServiceUnknown: The name org.freedesktop.RealtimeKit1 was not provided by any .service files

(/usr/libexec/xdg-desktop-portal:1411306): xdg-desktop-portal-WARNING **: 23:01:14.740: Failed to load RealtimeKit property: GDBus.Error:org.freedesktop.DBus.Error.ServiceUnknown: The name org.freedesktop.RealtimeKit1 was not provided by any .service files

(/usr/libexec/xdg-desktop-portal:1411306): xdg-desktop-portal-WARNING **: 23:01:14.740: Failed to load RealtimeKit property: GDBus.Error:org.freedesktop.DBus.Error.ServiceUnknown: The name org.freedesktop.RealtimeKit1 was not provided by any .service files

(/usr/libexec/xdg-desktop-portal:1411306): xdg-desktop-portal-WARNING **: 23:01:14.740: Choosing gtk.portal for org.freedesktop.impl.portal.Settings as a last-resort fallback

(/usr/libexec/xdg-desktop-portal:1411306): xdg-desktop-portal-WARNING **: 23:01:14.740: Choosing gtk.portal for org.freedesktop.impl.portal.FileChooser as a last-resort fallback

(/usr/libexec/xdg-desktop-portal:1411306): xdg-desktop-portal-WARNING **: 23:01:14.741: Choosing gtk.portal for org.freedesktop.impl.portal.AppChooser as a last-resort fallback

(/usr/libexec/xdg-desktop-portal:1411306): xdg-desktop-portal-WARNING **: 23:01:14.741: Choosing gtk.portal for org.freedesktop.impl.portal.Print as a last-resort fallback

(/usr/libexec/xdg-desktop-portal:1411306): xdg-desktop-portal-WARNING **: 23:01:14.742: Choosing gtk.portal for org.freedesktop.impl.portal.Notification as a last-resort fallback

(/usr/libexec/xdg-desktop-portal:1411306): xdg-desktop-portal-WARNING **: 23:01:14.742: Choosing gtk.portal for org.freedesktop.impl.portal.Inhibit as a last-resort fallback

(/usr/libexec/xdg-desktop-portal:1411306): xdg-desktop-portal-WARNING **: 23:01:14.743: Choosing gtk.portal for org.freedesktop.impl.portal.Access as a last-resort fallback
[W][23:01:14.745671] pw.conf      | [          conf.c: 1182 try_load_conf()] can't load config client.conf: No such file or directory
[E][23:01:14.746254] pw.conf      | [          conf.c: 1215 pw_conf_load_conf_for_context()] can't load config client.conf: No such file or directory

(/usr/libexec/xdg-desktop-portal:1411306): xdg-desktop-portal-WARNING **: 23:01:14.746: Failed connect to PipeWire: Couldn't create PipeWire context

(/usr/libexec/xdg-desktop-portal:1411306): xdg-desktop-portal-WARNING **: 23:01:14.746: Choosing gtk.portal for org.freedesktop.impl.portal.Account as a last-resort fallback

(/usr/libexec/xdg-desktop-portal:1411306): xdg-desktop-portal-WARNING **: 23:01:14.747: Choosing gtk.portal for org.freedesktop.impl.portal.Email as a last-resort fallback

(/usr/libexec/xdg-desktop-portal:1411306): xdg-desktop-portal-WARNING **: 23:01:14.747: Choosing gtk.portal for org.freedesktop.impl.portal.DynamicLauncher as a last-resort fallback
dbus-daemon[1411150]: [session uid=501 pid=1411150 pidfd=5] Successfully activated service 'org.freedesktop.portal.Desktop'
dbus-daemon[1411150]: [session uid=501 pid=1411150 pidfd=5] Activating service name='ca.desrt.dconf' requested by ':1.3' (uid=501 pid=1411264 comm="/home/ivmm/VERT/.desktop-local/phase28/linux-revie")
dbus-daemon[1411150]: [session uid=501 pid=1411150 pidfd=5] Successfully activated service 'ca.desrt.dconf'
/home/ivmm/VERT/.desktop-local/phase27-gui-rbekcz
