TAP version 13
# Subtest: diagnostic preview preserves exact reviewed bytes
ok 1 - diagnostic preview preserves exact reviewed bytes
  ---
  duration_ms: 4.423526
  type: 'test'
  ...
# Subtest: diagnostic preview rejects malformed ids schemas and oversized UTF-8
ok 2 - diagnostic preview rejects malformed ids schemas and oversized UTF-8
  ---
  duration_ms: 0.328998
  type: 'test'
  ...
# Subtest: diagnostic action advice is bilingual and does not expose raw errors
ok 3 - diagnostic action advice is bilingual and does not expose raw errors
  ---
  duration_ms: 0.187582
  type: 'test'
  ...
# Subtest: impact uses saved image snapshots, offsets growth and resets on clear
ok 4 - impact uses saved image snapshots, offsets growth and resets on clear
  ---
  duration_ms: 2.739282
  type: 'test'
  ...
# Subtest: duplicate delivery, retries and stale saved results never accumulate
ok 5 - duplicate delivery, retries and stale saved results never accumulate
  ---
  duration_ms: 0.141832
  type: 'test'
  ...
# Subtest: zero upload capability fails closed for missing backend or unknown routes
ok 6 - zero upload capability fails closed for missing backend or unknown routes
  ---
  duration_ms: 0.095292
  type: 'test'
  ...
# Subtest: desktop scenario reuses the web model and source allowlist matches
ok 7 - desktop scenario reuses the web model and source allowlist matches
  ---
  duration_ms: 15.20907
  type: 'test'
  ...
# Subtest: result notes translate application copy without echoing unknown logs
ok 8 - result notes translate application copy without echoing unknown logs
  ---
  duration_ms: 2.1887
  type: 'test'
  ...
# Subtest: source receipt detects fixture/config/addition/deletion drift and excludes ignored secrets
ok 9 - source receipt detects fixture/config/addition/deletion drift and excludes ignored secrets
  ---
  duration_ms: 885.548554
  type: 'test'
  ...
# Subtest: Mach-O embedded loader environment is rejected
ok 10 - Mach-O embedded loader environment is rejected
  ---
  duration_ms: 0.766789
  type: 'test'
  ...
# Subtest: macOS assembler creates a checked inventory without executing foreign code and refuses overwrite
ok 11 - macOS assembler creates a checked inventory without executing foreign code and refuses overwrite
  ---
  duration_ms: 266.776204
  type: 'test'
  ...
# Subtest: Mach-O parser rejects x64, fat, truncated and malformed load commands
ok 12 - Mach-O parser rejects x64, fat, truncated and malformed load commands
  ---
  duration_ms: 0.775997
  type: 'test'
  ...
# Subtest: dyld closure rejects builder paths, rpath ambiguity and escaping loader paths
ok 13 - dyld closure rejects builder paths, rpath ambiguity and escaping loader paths
  ---
  duration_ms: 0.475499
  type: 'test'
  ...
# Subtest: macOS bundle checks every code resource and refuses missing, changed and linked dependencies
ok 14 - macOS bundle checks every code resource and refuses missing, changed and linked dependencies
  ---
  duration_ms: 105.407286
  type: 'test'
  ...
# Subtest: MSIX native execution refuses Wine, Linux and Windows ARM emulation
ok 15 - MSIX native execution refuses Wine, Linux and Windows ARM emulation
  ---
  duration_ms: 1.132495
  type: 'test'
  ...
# Subtest: Windows registration must match identity, version, architecture and actual install folder
ok 16 - Windows registration must match identity, version, architecture and actual install folder
  ---
  duration_ms: 10.076506
  type: 'test'
  ...
# Subtest: MSIX receipt rejects null fingerprints, alias paths and missing executable
ok 17 - MSIX receipt rejects null fingerprints, alias paths and missing executable
  ---
  duration_ms: 3.716945
  type: 'test'
  ...
# Subtest: MSIX default preflight never signs, installs or claims runtime acceptance
ok 18 - MSIX default preflight never signs, installs or claims runtime acceptance
  ---
  duration_ms: 0.888497
  type: 'test'
  ...
# Subtest: successful installed workflow rechecks payload then removes its owned registration
ok 19 - successful installed workflow rechecks payload then removes its owned registration
  ---
  duration_ms: 0.35929
  type: 'test'
  ...
# Subtest: MSIX verifyInput failure remains observable and respects cleanup ownership
ok 20 - MSIX verifyInput failure remains observable and respects cleanup ownership
  ---
  duration_ms: 0.212874
  type: 'test'
  ...
# Subtest: MSIX preflight failure remains observable and respects cleanup ownership
ok 21 - MSIX preflight failure remains observable and respects cleanup ownership
  ---
  duration_ms: 0.096708
  type: 'test'
  ...
# Subtest: MSIX sign failure remains observable and respects cleanup ownership
ok 22 - MSIX sign failure remains observable and respects cleanup ownership
  ---
  duration_ms: 0.120958
  type: 'test'
  ...
# Subtest: MSIX checkSigned failure remains observable and respects cleanup ownership
ok 23 - MSIX checkSigned failure remains observable and respects cleanup ownership
  ---
  duration_ms: 0.767539
  type: 'test'
  ...
# Subtest: MSIX install failure remains observable and respects cleanup ownership
ok 24 - MSIX install failure remains observable and respects cleanup ownership
  ---
  duration_ms: 1.190204
  type: 'test'
  ...
# Subtest: MSIX checkInstalled failure remains observable and respects cleanup ownership
ok 25 - MSIX checkInstalled failure remains observable and respects cleanup ownership
  ---
  duration_ms: 0.310248
  type: 'test'
  ...
# Subtest: MSIX runtime failure remains observable and respects cleanup ownership
ok 26 - MSIX runtime failure remains observable and respects cleanup ownership
  ---
  duration_ms: 1.206871
  type: 'test'
  ...
# Subtest: MSIX uninstall failure remains observable and respects cleanup ownership
ok 27 - MSIX uninstall failure remains observable and respects cleanup ownership
  ---
  duration_ms: 0.223916
  type: 'test'
  ...
# Subtest: MSIX verifyOriginal failure remains observable and respects cleanup ownership
ok 28 - MSIX verifyOriginal failure remains observable and respects cleanup ownership
  ---
  duration_ms: 0.161499
  type: 'test'
  ...
# Subtest: runtime and cleanup failures are both preserved
ok 29 - runtime and cleanup failures are both preserved
  ---
  duration_ms: 0.241041
  type: 'test'
  ...
# Subtest: an incomplete runtime report cannot pass even when the subprocess adapter resolves
ok 30 - an incomplete runtime report cannot pass even when the subprocess adapter resolves
  ---
  duration_ms: 0.199041
  type: 'test'
  ...
# Subtest: missing WebView2 keeps native acceptance blocked after conversions and cleanup
ok 31 - missing WebView2 keeps native acceptance blocked after conversions and cleanup
  ---
  duration_ms: 0.118416
  type: 'test'
  ...
# Subtest: non-Windows execute request stops before any signing or installation
ok 32 - non-Windows execute request stops before any signing or installation
  ---
  duration_ms: 0.108708
  type: 'test'
  ...
# Subtest: MSIX development configuration cannot silently become a store package
ok 33 - MSIX development configuration cannot silently become a store package
  ---
  duration_ms: 7.996805
  type: 'test'
  ...
# Subtest: MSIX manifest escapes display text and uses the explicit full-trust desktop entry
ok 34 - MSIX manifest escapes display text and uses the explicit full-trust desktop entry
  ---
  duration_ms: 2.126867
  type: 'test'
  ...
# Subtest: MSIX icons contain real PNG headers at each required base size
ok 35 - MSIX icons contain real PNG headers at each required base size
  ---
  duration_ms: 3.617278
  type: 'test'
  ...
# Subtest: independent MSIX archive verification rejects corruption and unsafe archives
ok 36 - independent MSIX archive verification rejects corruption and unsafe archives
  ---
  duration_ms: 94.916283
  type: 'test'
  ...
# Subtest: supplementary notices preserve exact upstream bytes and immutable source revisions
ok 37 - supplementary notices preserve exact upstream bytes and immutable source revisions
  ---
  duration_ms: 70.195538
  type: 'test'
  ...
# Subtest: artifact matrix keeps store targets separate from local ARM evidence
ok 38 - artifact matrix keeps store targets separate from local ARM evidence
  ---
  duration_ms: 7.255848
  type: 'test'
  ...
# Subtest: package validator rejects another architecture and malformed ELF
ok 39 - package validator rejects another architecture and malformed ELF
  ---
  duration_ms: 0.347957
  type: 'test'
  ...
# Subtest: acceptance cannot borrow an older candidate or count not-run checks as passed
ok 40 - acceptance cannot borrow an older candidate or count not-run checks as passed
  ---
  duration_ms: 11.567125
  type: 'test'
  ...
# Subtest: candidate build gate rejects development, debug, updater and mismatched version
ok 41 - candidate build gate rejects development, debug, updater and mismatched version
  ---
  duration_ms: 3.741445
  type: 'test'
  ...
# Subtest: Windows candidate requires the compiled job-close strategy
ok 42 - Windows candidate requires the compiled job-close strategy
  ---
  duration_ms: 0.723081
  type: 'test'
  ...
# Subtest: desktop preferences reject file grants, future schemas and invalid options
ok 43 - desktop preferences reject file grants, future schemas and invalid options
  ---
  duration_ms: 1.39487
  type: 'test'
  ...
# Subtest: system language uses primary preference, explicit selection wins
ok 44 - system language uses primary preference, explicit selection wins
  ---
  duration_ms: 0.161166
  type: 'test'
  ...
# Subtest: initialization never writes defaults or overwrites a slow read
ok 45 - initialization never writes defaults or overwrites a slow read
  ---
  duration_ms: 0.254124
  type: 'test'
  ...
# Subtest: failed save retains unsaved choice, revision and explicit retry
ok 46 - failed save retains unsaved choice, revision and explicit retry
  ---
  duration_ms: 0.39254
  type: 'test'
  ...
# Subtest: ambiguous saved reply requires reload before stale retry can overwrite
ok 47 - ambiguous saved reply requires reload before stale retry can overwrite
  ---
  duration_ms: 0.37279
  type: 'test'
  ...
# Subtest: unreadable preferences never enable writes, can recover on explicit reload
ok 48 - unreadable preferences never enable writes, can recover on explicit reload
  ---
  duration_ms: 0.167833
  type: 'test'
  ...
# Subtest: dispose suppresses late load responses and concurrent calls are ignored
ok 49 - dispose suppresses late load responses and concurrent calls are ignored
  ---
  duration_ms: 5.771979
  type: 'test'
  ...
# Subtest: reactive proxy preferences are normalized into detached IPC data
ok 50 - reactive proxy preferences are normalized into detached IPC data
  ---
  duration_ms: 0.163416
  type: 'test'
  ...
# Subtest: preview contract bounds payload, dimensions and explicit preview routes
ok 51 - preview contract bounds payload, dimensions and explicit preview routes
  ---
  duration_ms: 1.016455
  type: 'test'
  ...
# Subtest: only one preview URL is retained and every switch or dispose releases it
ok 52 - only one preview URL is retained and every switch or dispose releases it
  ---
  duration_ms: 7.53639
  type: 'test'
  ...
# Subtest: removal and disposal suppress late responses without creating a blob URL
ok 53 - removal and disposal suppress late responses without creating a blob URL
  ---
  duration_ms: 0.326332
  type: 'test'
  ...
# Subtest: duplicate preview starts do not allocate parallel native work; failure can retry
ok 54 - duplicate preview starts do not allocate parallel native work; failure can retry
  ---
  duration_ms: 0.398248
  type: 'test'
  ...
# Subtest: PDF first-page previews share the image byte budget
ok 55 - PDF first-page previews share the image byte budget
  ---
  duration_ms: 0.216374
  type: 'test'
  ...
# Subtest: media previews classify frames and covers without admitting playlists or invalid sizes
ok 56 - media previews classify frames and covers without admitting playlists or invalid sizes
  ---
  duration_ms: 3.411279
  type: 'test'
  ...
# Subtest: candidate quality gate rejects old scope, omitted checks, duplicates and bad pixels
ok 57 - candidate quality gate rejects old scope, omitted checks, duplicates and bad pixels
  ---
  duration_ms: 41.252685
  type: 'test'
  ...
# Subtest: subscribes before snapshot and catches a completion during the first read
ok 58 - subscribes before snapshot and catches a completion during the first read
  ---
  duration_ms: 6.758017
  type: 'test'
  ...
# Subtest: late subscription is released after unmount
ok 59 - late subscription is released after unmount
  ---
  duration_ms: 0.238874
  type: 'test'
  ...
# Subtest: old snapshots cannot replace a newer task state
ok 60 - old snapshots cannot replace a newer task state
  ---
  duration_ms: 0.141249
  type: 'test'
  ...
# Subtest: unmount while reading does not update the UI
ok 61 - unmount while reading does not update the UI
  ---
  duration_ms: 0.765581
  type: 'test'
  ...
# Subtest: a failed request can recover on the next refresh
ok 62 - a failed request can recover on the next refresh
  ---
  duration_ms: 0.452665
  type: 'test'
  ...
# Subtest: contract rejects incompatible schema, duplicate tasks and malformed results
ok 63 - contract rejects incompatible schema, duplicate tasks and malformed results
  ---
  duration_ms: 0.365207
  type: 'test'
  ...
# Subtest: reads the same contract fixture as Rust
ok 64 - reads the same contract fixture as Rust
  ---
  duration_ms: 3.250197
  type: 'test'
  ...
# Subtest: conversion settings reject unsupported DPI and unknown quality
ok 65 - conversion settings reject unsupported DPI and unknown quality
  ---
  duration_ms: 0.887622
  type: 'test'
  ...
# Subtest: partial page contract rejects duplicate and out-of-range pages
ok 66 - partial page contract rejects duplicate and out-of-range pages
  ---
  duration_ms: 1.954618
  type: 'test'
  ...
# Subtest: import reports are bounded and optional for older queue snapshots
ok 67 - import reports are bounded and optional for older queue snapshots
  ---
  duration_ms: 0.499373
  type: 'test'
  ...
# Subtest: readiness isolates slow and failed engines while saving needs none
ok 68 - readiness isolates slow and failed engines while saving needs none
  ---
  duration_ms: 0.640497
  type: 'test'
  ...
# Subtest: public failure copy is bilingual and never echoes raw engine logs
ok 69 - public failure copy is bilingual and never echoes raw engine logs
  ---
  duration_ms: 0.271582
  type: 'test'
  ...
# Subtest: progress snapshot rejects stale attempts, completion percentages and log payloads
ok 70 - progress snapshot rejects stale attempts, completion percentages and log payloads
  ---
  duration_ms: 7.780472
  type: 'test'
  ...
# Subtest: failure vocabulary matches the shared Rust fixture
ok 71 - failure vocabulary matches the shared Rust fixture
  ---
  duration_ms: 2.847157
  type: 'test'
  ...
# Subtest: queue schema 3 supports saving without granting input permission or claiming saved output
ok 72 - queue schema 3 supports saving without granting input permission or claiming saved output
  ---
  duration_ms: 6.503102
  type: 'test'
  ...
# Subtest: save retry requests bind attempt and settings while normal retry stays a conversion
ok 73 - save retry requests bind attempt and settings while normal retry stays a conversion
  ---
  duration_ms: 3.386529
  type: 'test'
  ...
# Subtest: frozen desktop scope matches UI formats, languages and artifact identities
ok 74 - frozen desktop scope matches UI formats, languages and artifact identities
  ---
  duration_ms: 30.139391
  type: 'test'
  ...
# Subtest: desktop CI covers every receipt input and uses the pinned Rust toolchain
ok 75 - desktop CI covers every receipt input and uses the pinned Rust toolchain
  ---
  duration_ms: 40.399479
  type: 'test'
  ...
# Subtest: final Snap byte inspection stays distinct from runtime and installation acceptance
ok 76 - final Snap byte inspection stays distinct from runtime and installation acceptance
  ---
  duration_ms: 240.721881
  type: 'test'
  ...
# Subtest: final Snap inspection rejects changed engines, missing helpers and non-executable applications
ok 77 - final Snap inspection rejects changed engines, missing helpers and non-executable applications
  ---
  duration_ms: 568.543948
  type: 'test'
  ...
# Subtest: strict preflight rejects the real ARM/partial class of host, root and mismatched kernel
ok 78 - strict preflight rejects the real ARM/partial class of host, root and mismatched kernel
  ---
  duration_ms: 0.973789
  type: 'test'
  ...
# Subtest: installed revision must be active strict, never devmode, try or an unsafe path
ok 79 - installed revision must be active strict, never devmode, try or an unsafe path
  ---
  duration_ms: 4.247485
  type: 'test'
  ...
# Subtest: connections require exact GNOME, GPU, theme providers and home/display access
ok 80 - connections require exact GNOME, GPU, theme providers and home/display access
  ---
  duration_ms: 0.571623
  type: 'test'
  ...
# Subtest: installed mount rejects extracted directories, writable and duplicate mounts
ok 81 - installed mount rejects extracted directories, writable and duplicate mounts
  ---
  duration_ms: 0.228166
  type: 'test'
  ...
# Subtest: probe receipts require enforced app profile, seccomp and exact per-run nonce
ok 82 - probe receipts require enforced app profile, seccomp and exact per-run nonce
  ---
  duration_ms: 0.197875
  type: 'test'
  ...
# Subtest: probe script quotes hostile-looking filenames without executing substitutions
ok 83 - probe script quotes hostile-looking filenames without executing substitutions
  ---
  duration_ms: 26.070989
  type: 'test'
  ...
# Subtest: snapd uses bounded read-only Unix HTTP and validates the response envelope
ok 84 - snapd uses bounded read-only Unix HTTP and validates the response envelope
  ---
  duration_ms: 67.810505
  type: 'test'
  ...
# Subtest: snapd rejects HTTP errors, malformed JSON, oversized and continuously trickling responses
    # Subtest: status
    ok 1 - status
      ---
      duration_ms: 9.886589
      type: 'test'
      ...
    # Subtest: json
    ok 2 - json
      ---
      duration_ms: 7.559806
      type: 'test'
      ...
    # Subtest: size
    ok 3 - size
      ---
      duration_ms: 5.397648
      type: 'test'
      ...
    # Subtest: timeout
    ok 4 - timeout
      ---
      duration_ms: 104.075207
      type: 'test'
      ...
    1..4
ok 85 - snapd rejects HTTP errors, malformed JSON, oversized and continuously trickling responses
  ---
  duration_ms: 128.250412
  type: 'test'
  ...
# Subtest: finite runner preserves split UTF-8 and rejects errors, missing commands and output overflow
ok 86 - finite runner preserves split UTF-8 and rejects errors, missing commands and output overflow
  ---
  duration_ms: 221.368201
  type: 'test'
  ...
# Subtest: deadline kills detached command descendants, not just the parent
ok 87 - deadline kills detached command descendants, not just the parent
  ---
  duration_ms: 506.649505
  type: 'test'
  ...
# Subtest: installed conversion validation rejects borrowed architecture, duplicate routes and unchecked results
ok 88 - installed conversion validation rejects borrowed architecture, duplicate routes and unchecked results
  ---
  duration_ms: 6.924683
  type: 'test'
  ...
# Subtest: SIGTERM stops an active finite process and releases signal listeners
ok 89 - SIGTERM stops an active finite process and releases signal listeners
  ---
  duration_ms: 70.756536
  type: 'test'
  ...
# Subtest: privileged cache digest can only read the fixed z8-work revision path
ok 90 - privileged cache digest can only read the fixed z8-work revision path
  ---
  duration_ms: 0.954538
  type: 'test'
  ...
# Subtest: Snap recipe targets core24 amd64 with explicit local file permissions
ok 91 - Snap recipe targets core24 amd64 with explicit local file permissions
  ---
  duration_ms: 12.169706
  type: 'test'
  ...
# Subtest: Snap metadata rejects aliases, duplicate fields and oversized documents
ok 92 - Snap metadata rejects aliases, duplicate fields and oversized documents
  ---
  duration_ms: 1.565953
  type: 'test'
  ...
# Subtest: Snap metadata refuses widened permissions, services, wrong base and version
ok 93 - Snap metadata refuses widened permissions, services, wrong base and version
  ---
  duration_ms: 23.654373
  type: 'test'
  ...
# Subtest: Snap payload rejects Debian bundles and GTK dialogs even when architecture matches
ok 94 - Snap payload rejects Debian bundles and GTK dialogs even when architecture matches
  ---
  duration_ms: 1.413953
  type: 'test'
  ...
# Subtest: expanded Snap permits only the reviewed GNOME command chain and font hook
ok 95 - expanded Snap permits only the reviewed GNOME command chain and font hook
  ---
  duration_ms: 8.007346
  type: 'test'
  ...
# Subtest: assembly combines exact verified cache and supplement without changing originals
ok 96 - assembly combines exact verified cache and supplement without changing originals
  ---
  duration_ms: 231.197832
  type: 'test'
  ...
# Subtest: assembly rejects a corrupt source rather than trusting a verified report
ok 97 - assembly rejects a corrupt source rather than trusting a verified report
  ---
  duration_ms: 98.385561
  type: 'test'
  ...
# Subtest: assembly rejects foreign manifests and outputs inside immutable source caches
ok 98 - assembly rejects foreign manifests and outputs inside immutable source caches
  ---
  duration_ms: 151.570078
  type: 'test'
  ...
# Subtest: snapshot metadata binds the precise source/epoch and official archive
ok 99 - snapshot metadata binds the precise source/epoch and official archive
  ---
  duration_ms: 1.68141
  type: 'test'
  ...
# Subtest: snapshot metadata rejects unsafe paths, ambiguous identities and oversized files
ok 100 - snapshot metadata rejects unsafe paths, ambiguous identities and oversized files
  ---
  duration_ms: 0.359832
  type: 'test'
  ...
# Subtest: download verifies both hashes and reuses a complete file without network
ok 101 - download verifies both hashes and reuses a complete file without network
  ---
  duration_ms: 25.653783
  type: 'test'
  ...
# Subtest: real HTTP range response resumes retained prefix
ok 102 - real HTTP range response resumes retained prefix
  ---
  duration_ms: 40.293855
  type: 'test'
  ...
# Subtest: server ignoring Range restarts rather than appending a whole response
ok 103 - server ignoring Range restarts rather than appending a whole response
  ---
  duration_ms: 50.032194
  type: 'test'
  ...
# Subtest: wrong ranges, encoding and length never publish a final file
ok 104 - wrong ranges, encoding and length never publish a final file
  ---
  duration_ms: 23.609165
  type: 'test'
  ...
# Subtest: truncated response is retained and a subsequent run resumes it
ok 105 - truncated response is retained and a subsequent run resumes it
  ---
  duration_ms: 29.496685
  type: 'test'
  ...
# Subtest: corrupt cached prefix fails full checksum and can be downloaded cleanly next time
ok 106 - corrupt cached prefix fails full checksum and can be downloaded cleanly next time
  ---
  duration_ms: 20.501551
  type: 'test'
  ...
# Subtest: SHA-1 alone cannot override descriptor SHA-256 and existing files are not replaced
ok 107 - SHA-1 alone cannot override descriptor SHA-256 and existing files are not replaced
  ---
  duration_ms: 22.669335
  type: 'test'
  ...
# Subtest: failure falls back to official historical URL; arbitrary URLs are rejected
ok 108 - failure falls back to official historical URL; arbitrary URLs are rejected
  ---
  duration_ms: 32.041677
  type: 'test'
  ...
# Subtest: symlinks and deadline cancellation do not modify outside files or publish completion
ok 109 - symlinks and deadline cancellation do not modify outside files or publish completion
  ---
  duration_ms: 8.990842
  type: 'test'
  ...
# Subtest: CLI rejects stale resume binding and releases the workspace lock
ok 110 - CLI rejects stale resume binding and releases the workspace lock
  ---
  duration_ms: 86.973478
  type: 'test'
  ...
# Subtest: historical aliases use the exact filename named by the source descriptor
ok 111 - historical aliases use the exact filename named by the source descriptor
  ---
  duration_ms: 25.300033
  type: 'test'
  ...
# Subtest: hard-linked partial files cannot be truncated by a resume
ok 112 - hard-linked partial files cannot be truncated by a resume
  ---
  duration_ms: 16.879981
  type: 'test'
  ...
# Subtest: a stalled HTTP response is aborted by the overall deadline
ok 113 - a stalled HTTP response is aborted by the overall deadline
  ---
  duration_ms: 118.175074
  type: 'test'
  ...
# Subtest: metadata retries network failures once and does not retry a missing version
ok 114 - metadata retries network failures once and does not retry a missing version
  ---
  duration_ms: 0.978913
  type: 'test'
  ...
# Subtest: CLI refuses a workspace held by another collector
ok 115 - CLI refuses a workspace held by another collector
  ---
  duration_ms: 77.665553
  type: 'test'
  ...
# Subtest: SIGTERM produces a failed checkpoint and releases the collector lock
ok 116 - SIGTERM produces a failed checkpoint and releases the collector lock
  ---
  duration_ms: 83.033033
  type: 'test'
  ...
# Subtest: Debian source identity preserves epoch and binNMU distinction
ok 117 - Debian source identity preserves epoch and binNMU distinction
  ---
  duration_ms: 6.14052
  type: 'test'
  ...
# Subtest: control parser handles signed CRLF and rejects duplicate fields
ok 118 - control parser handles signed CRLF and rejects duplicate fields
  ---
  duration_ms: 0.187499
  type: 'test'
  ...
# Subtest: both static source declaration fields require exact versions
ok 119 - both static source declaration fields require exact versions
  ---
  duration_ms: 0.210707
  type: 'test'
  ...
# Subtest: bundle audit checks every byte and rejects unlisted or changed files
ok 120 - bundle audit checks every byte and rejects unlisted or changed files
  ---
  duration_ms: 116.961161
  type: 'test'
  ...
# Subtest: package-relative files reject traversal and symbolic links
ok 121 - package-relative files reject traversal and symbolic links
  ---
  duration_ms: 17.64402
  type: 'test'
  ...
# Subtest: exact Debian content resolves extracted resources and preserves static source requirements
ok 122 - exact Debian content resolves extracted resources and preserves static source requirements
  ---
  duration_ms: 50.039986
  type: 'test'
  ...
# Subtest: wrong or ambiguous Debian content cannot certify package ownership
ok 123 - wrong or ambiguous Debian content cannot certify package ownership
  ---
  duration_ms: 44.361882
  type: 'test'
  ...
# Subtest: source descriptor requires exact hashes, lengths and the Debian patch archive
ok 124 - source descriptor requires exact hashes, lengths and the Debian patch archive
  ---
  duration_ms: 24.309413
  type: 'test'
  ...
# Subtest: another source version cannot satisfy a matching package name
ok 125 - another source version cannot satisfy a matching package name
  ---
  duration_ms: 103.853125
  type: 'test'
  ...
# Subtest: source descriptor refuses path escapes and missing declared files
ok 126 - source descriptor refuses path escapes and missing declared files
  ---
  duration_ms: 11.559249
  type: 'test'
  ...
# Subtest: Debian catalog reads real archive content without installing or extracting it
ok 127 - Debian catalog reads real archive content without installing or extracting it
  ---
  duration_ms: 145.080768
  type: 'test'
  ...
# Subtest: installed metadata must match the recorded binary and source versions
ok 128 - installed metadata must match the recorded binary and source versions
  ---
  duration_ms: 32.860423
  type: 'test'
  ...
# Subtest: missing notices are distinguished from unmapped runtime files
ok 129 - missing notices are distinguished from unmapped runtime files
  ---
  duration_ms: 39.228108
  type: 'test'
  ...
# Subtest: an arbitrary transformation cannot bypass origin integrity
ok 130 - an arbitrary transformation cannot bypass origin integrity
  ---
  duration_ms: 30.106892
  type: 'test'
  ...
# Subtest: audit refuses output inside the original engine bundle
ok 131 - audit refuses output inside the original engine bundle
  ---
  duration_ms: 98.169771
  type: 'test'
  ...
# Subtest: storage diagnostics distinguish locations and round capacity conservatively
ok 132 - storage diagnostics distinguish locations and round capacity conservatively
  ---
  duration_ms: 66.292427
  type: 'test'
  ...
# Subtest: u64 storage diagnostics are handled without unsafe number coercion
ok 133 - u64 storage diagnostics are handled without unsafe number coercion
  ---
  duration_ms: 0.397165
  type: 'test'
  ...
# Subtest: file-entry exhaustion and permission errors offer actionable localized recovery
ok 134 - file-entry exhaustion and permission errors offer actionable localized recovery
  ---
  duration_ms: 5.791771
  type: 'test'
  ...
# Subtest: unrelated or malformed errors pass through as text
ok 135 - unrelated or malformed errors pass through as text
  ---
  duration_ms: 0.302999
  type: 'test'
  ...
# Subtest: current store drafts retain all unresolved acceptance and account gates
ok 136 - current store drafts retain all unresolved acceptance and account gates
  ---
  duration_ms: 10.211255
  type: 'test'
  ...
# Subtest: listing languages, supported text and store field limits are checked
ok 137 - listing languages, supported text and store field limits are checked
  ---
  duration_ms: 12.512246
  type: 'test'
  ...
# Subtest: privacy/support pages escape text, work without scripts and match checked-in output
ok 138 - privacy/support pages escape text, work without scripts and match checked-in output
  ---
  duration_ms: 16.701398
  type: 'test'
  ...
# Subtest: PNG validation rejects truncation, forged dimensions and corrupt image bytes
ok 139 - PNG validation rejects truncation, forged dimensions and corrupt image bytes
  ---
  duration_ms: 27.04582
  type: 'test'
  ...
# Subtest: hashed references reject stale files and paths outside the dossier workspace
ok 140 - hashed references reject stale files and paths outside the dossier workspace
  ---
  duration_ms: 59.302786
  type: 'test'
  ...
# Subtest: synthetic complete metadata reaches human review, not store approval
ok 141 - synthetic complete metadata reaches human review, not store approval
  ---
  duration_ms: 125.056924
  type: 'test'
  ...
# Subtest: a passed string without a hashed check report cannot release a candidate
ok 142 - a passed string without a hashed check report cannot release a candidate
  ---
  duration_ms: 144.060564
  type: 'test'
  ...
# Subtest: another platform's screenshot and a stale public policy stay blocked
ok 143 - another platform's screenshot and a stale public policy stay blocked
  ---
  duration_ms: 46.407374
  type: 'test'
  ...
# Subtest: candidate swap invalidates every previous acceptance report
ok 144 - candidate swap invalidates every previous acceptance report
  ---
  duration_ms: 10.215255
  type: 'test'
  ...
# Subtest: an explicit incomplete redistribution review blocks even passing check reports
ok 145 - an explicit incomplete redistribution review blocks even passing check reports
  ---
  duration_ms: 24.287912
  type: 'test'
  ...
# Subtest: package validation streams candidates larger than the JSON evidence limit
ok 146 - package validation streams candidates larger than the JSON evidence limit
  ---
  duration_ms: 82.739035
  type: 'test'
  ...
# Subtest: desktop app, channels and synthetic upgrade versions agree
ok 147 - desktop app, channels and synthetic upgrade versions agree
  ---
  duration_ms: 40.210438
  type: 'test'
  ...
# Subtest: version mappings reject downgrade, overflow, ambiguous numbers and guessed Store versions
ok 148 - version mappings reject downgrade, overflow, ambiguous numbers and guessed Store versions
  ---
  duration_ms: 0.434373
  type: 'test'
  ...
# Subtest: lifecycle validation requires exactly one real successful test
ok 149 - lifecycle validation requires exactly one real successful test
  ---
  duration_ms: 1.138037
  type: 'test'
  ...
# Subtest: runtime readiness distinguishes stable, prerelease and absent WebView2
ok 150 - runtime readiness distinguishes stable, prerelease and absent WebView2
  ---
  duration_ms: 0.191833
  type: 'test'
  ...
# Subtest: handoff verification rejects changed, missing and unlisted files
ok 151 - handoff verification rejects changed, missing and unlisted files
  ---
  duration_ms: 53.264016
  type: 'test'
  ...
# Subtest: handoff rejects case aliases and unsafe manifest paths before reading them
ok 152 - handoff rejects case aliases and unsafe manifest paths before reading them
  ---
  duration_ms: 69.653874
  type: 'test'
  ...
# Subtest: reports cannot mutate input directories through direct or symlink paths
ok 153 - reports cannot mutate input directories through direct or symlink paths
  ---
  duration_ms: 33.011797
  type: 'test'
  ...
# Subtest: Windows source lock is pinned and rejects unsafe paths, collisions and incomplete inputs
ok 154 - Windows source lock is pinned and rejects unsafe paths, collisions and incomplete inputs
  ---
  duration_ms: 6.317268
  type: 'test'
  ...
# Subtest: assembler creates a schema 2 bundle with exact copied hashes and no host fallback
ok 155 - assembler creates a schema 2 bundle with exact copied hashes and no host fallback
  ---
  duration_ms: 239.865009
  type: 'test'
  ...
# Subtest: assembler rejects corrupted archives before extraction
ok 156 - assembler rejects corrupted archives before extraction
  ---
  duration_ms: 26.776361
  type: 'test'
  ...
# Subtest: assembler rejects tampered extracted resources even with a valid archive receipt
ok 157 - assembler rejects tampered extracted resources even with a valid archive receipt
  ---
  duration_ms: 13.096453
  type: 'test'
  ...
# Subtest: assembler detects wrong PE architecture independently of file hashes
ok 158 - assembler detects wrong PE architecture independently of file hashes
  ---
  duration_ms: 67.94763
  type: 'test'
  ...
# Subtest: Windows matrix validation keeps Linux default and requires all decoded routes
ok 159 - Windows matrix validation keeps Linux default and requires all decoded routes
  ---
  duration_ms: 4.374901
  type: 'test'
  ...
# Subtest: engine CLI records static checks and blocks execution on the wrong host
ok 160 - engine CLI records static checks and blocks execution on the wrong host
  ---
  duration_ms: 304.521443
  type: 'test'
  ...
# Subtest: PE parser extracts normal and delay DLL imports, kind and resources
ok 161 - PE parser extracts normal and delay DLL imports, kind and resources
  ---
  duration_ms: 1.61491
  type: 'test'
  ...
# Subtest: PE parser rejects truncation, wrong architecture and malformed tables
ok 162 - PE parser rejects truncation, wrong architecture and malformed tables
  ---
  duration_ms: 7.311432
  type: 'test'
  ...
# Subtest: PE import descriptors require bounded terminators and safe module names
ok 163 - PE import descriptors require bounded terminators and safe module names
  ---
  duration_ms: 0.413665
  type: 'test'
  ...
# Subtest: PE rejects ambiguous sections and invalid certificate file offsets
ok 164 - PE rejects ambiguous sections and invalid certificate file offsets
  ---
  duration_ms: 0.209957
  type: 'test'
  ...
# Subtest: VC runtime and WebView2 loader are private dependencies
ok 165 - VC runtime and WebView2 loader are private dependencies
  ---
  duration_ms: 0.160332
  type: 'test'
  ...
# Subtest: tree resolves private DLLs recursively and exposes missing delay imports
ok 166 - tree resolves private DLLs recursively and exposes missing delay imports
  ---
  duration_ms: 59.67516
  type: 'test'
  ...
# Subtest: tree refuses engine DLL lookup through unrelated directories
ok 167 - tree refuses engine DLL lookup through unrelated directories
  ---
  duration_ms: 20.038053
  type: 'test'
  ...
# Subtest: tree refuses DLL shadowing, wrong kind and symlinks
ok 168 - tree refuses DLL shadowing, wrong kind and symlinks
  ---
  duration_ms: 17.079022
  type: 'test'
  ...
# Subtest: tree rejects case-colliding package names on case-sensitive hosts
ok 169 - tree rejects case-colliding package names on case-sensitive hosts
  ---
  duration_ms: 5.050524
  type: 'test'
  ...
# Subtest: CLI records static-only success, blocks foreign runtime and never overwrites
ok 170 - CLI records static-only success, blocks foreign runtime and never overwrites
  ---
  duration_ms: 325.665159
  type: 'test'
  ...
# Subtest: source receipts cover working-tree files and reject changed or overwritten evidence
ok 171 - source receipts cover working-tree files and reject changed or overwritten evidence
  ---
  duration_ms: 360.519157
  type: 'test'
  ...
1..171
# tests 175
# suites 0
# pass 175
# fail 0
# cancelled 0
# skipped 0
# todo 0
# duration_ms 1308.535152
