✔ diagnostic preview preserves exact reviewed bytes (1.264204ms)
✔ diagnostic preview rejects malformed ids schemas and oversized UTF-8 (0.469249ms)
✔ diagnostic action advice is bilingual and does not expose raw errors (0.179916ms)
✔ impact uses saved image snapshots, offsets growth and resets on clear (1.517078ms)
✔ duplicate delivery, retries and stale saved results never accumulate (0.133999ms)
✔ zero upload capability fails closed for missing backend or unknown routes (0.097167ms)
✔ desktop scenario reuses the web model and source allowlist matches (9.488549ms)
✔ result notes translate application copy without echoing unknown logs (0.637956ms)
✔ source receipt detects fixture/config/addition/deletion drift and excludes ignored secrets (765.073989ms)
✔ Mach-O embedded loader environment is rejected (0.92233ms)
✔ macOS assembler creates a checked inventory without executing foreign code and refuses overwrite (336.580202ms)
✔ Mach-O parser rejects x64, fat, truncated and malformed load commands (0.703122ms)
✔ dyld closure rejects builder paths, rpath ambiguity and escaping loader paths (0.260665ms)
✔ macOS bundle checks every code resource and refuses missing, changed and linked dependencies (32.836257ms)
✔ MSIX native execution refuses Wine, Linux and Windows ARM emulation (7.407557ms)
✔ Windows registration must match identity, version, architecture and actual install folder (8.116304ms)
✔ MSIX receipt rejects null fingerprints, alias paths and missing executable (4.314817ms)
✔ MSIX default preflight never signs, installs or claims runtime acceptance (0.643123ms)
✔ successful installed workflow rechecks payload then removes its owned registration (0.640081ms)
✔ MSIX verifyInput failure remains observable and respects cleanup ownership (0.165083ms)
✔ MSIX preflight failure remains observable and respects cleanup ownership (0.07425ms)
✔ MSIX sign failure remains observable and respects cleanup ownership (0.069625ms)
✔ MSIX checkSigned failure remains observable and respects cleanup ownership (0.31629ms)
✔ MSIX install failure remains observable and respects cleanup ownership (0.41729ms)
✔ MSIX checkInstalled failure remains observable and respects cleanup ownership (0.497582ms)
✔ MSIX runtime failure remains observable and respects cleanup ownership (3.912819ms)
✔ MSIX uninstall failure remains observable and respects cleanup ownership (0.152375ms)
✔ MSIX verifyOriginal failure remains observable and respects cleanup ownership (0.07625ms)
✔ runtime and cleanup failures are both preserved (0.101874ms)
✔ an incomplete runtime report cannot pass even when the subprocess adapter resolves (0.347999ms)
✔ missing WebView2 keeps native acceptance blocked after conversions and cleanup (0.253416ms)
✔ non-Windows execute request stops before any signing or installation (0.153708ms)
✔ MSIX development configuration cannot silently become a store package (9.858715ms)
✔ MSIX manifest escapes display text and uses the explicit full-trust desktop entry (7.992137ms)
✔ MSIX icons contain real PNG headers at each required base size (3.719194ms)
✔ independent MSIX archive verification rejects corruption and unsafe archives (237.313435ms)
✔ supplementary notices preserve exact upstream bytes and immutable source revisions (93.493579ms)
✔ artifact matrix keeps store targets separate from local ARM evidence (6.441518ms)
✔ package validator rejects another architecture and malformed ELF (0.636123ms)
✔ acceptance cannot borrow an older candidate or count not-run checks as passed (2.457575ms)
✔ candidate build gate rejects development, debug, updater and mismatched version (2.738324ms)
✔ Windows candidate requires the compiled job-close strategy (1.155246ms)
✔ desktop preferences reject file grants, future schemas and invalid options (10.632586ms)
✔ system language uses primary preference, explicit selection wins (0.204125ms)
✔ initialization never writes defaults or overwrites a slow read (0.285499ms)
✔ failed save retains unsaved choice, revision and explicit retry (0.320415ms)
✔ ambiguous saved reply requires reload before stale retry can overwrite (0.230457ms)
✔ unreadable preferences never enable writes, can recover on explicit reload (0.131167ms)
✔ dispose suppresses late load responses and concurrent calls are ignored (15.265695ms)
✔ reactive proxy preferences are normalized into detached IPC data (0.180332ms)
✔ preview contract bounds payload, dimensions and explicit preview routes (2.346117ms)
✔ only one preview URL is retained and every switch or dispose releases it (0.840371ms)
✔ removal and disposal suppress late responses without creating a blob URL (0.240457ms)
✔ duplicate preview starts do not allocate parallel native work; failure can retry (0.621331ms)
✔ PDF first-page previews share the image byte budget (0.118625ms)
✔ media previews classify frames and covers without admitting playlists or invalid sizes (0.281958ms)
✔ candidate quality gate rejects old scope, omitted checks, duplicates and bad pixels (20.787175ms)
✔ subscribes before snapshot and catches a completion during the first read (7.887221ms)
✔ late subscription is released after unmount (0.307999ms)
✔ old snapshots cannot replace a newer task state (0.555332ms)
✔ unmount while reading does not update the UI (1.658619ms)
✔ a failed request can recover on the next refresh (0.467499ms)
✔ contract rejects incompatible schema, duplicate tasks and malformed results (0.183125ms)
✔ reads the same contract fixture as Rust (3.33378ms)
✔ conversion settings reject unsupported DPI and unknown quality (0.396999ms)
✔ partial page contract rejects duplicate and out-of-range pages (12.447163ms)
✔ import reports are bounded and optional for older queue snapshots (0.336999ms)
✔ readiness isolates slow and failed engines while saving needs none (0.550415ms)
✔ public failure copy is bilingual and never echoes raw engine logs (0.158125ms)
✔ progress snapshot rejects stale attempts, completion percentages and log payloads (14.24124ms)
✔ failure vocabulary matches the shared Rust fixture (2.154243ms)
✔ queue schema 3 supports saving without granting input permission or claiming saved output (13.879075ms)
✔ save retry requests bind attempt and settings while normal retry stays a conversion (3.771778ms)
✔ frozen desktop scope matches UI formats, languages and artifact identities (8.21272ms)
✔ desktop CI covers every receipt input and uses the pinned Rust toolchain (38.132362ms)
✔ final Snap byte inspection stays distinct from runtime and installation acceptance (225.577269ms)
✔ final Snap inspection rejects changed engines, missing helpers and non-executable applications (328.574522ms)
✔ strict preflight rejects the real ARM/partial class of host, root and mismatched kernel (1.324412ms)
✔ installed revision must be active strict, never devmode, try or an unsafe path (0.455165ms)
✔ connections require exact GNOME, GPU, theme providers and home/display access (0.611247ms)
✔ installed mount rejects extracted directories, writable and duplicate mounts (0.237666ms)
✔ probe receipts require enforced app profile, seccomp and exact per-run nonce (0.206374ms)
✔ probe script quotes hostile-looking filenames without executing substitutions (38.298654ms)
✔ snapd uses bounded read-only Unix HTTP and validates the response envelope (30.956055ms)
▶ snapd rejects HTTP errors, malformed JSON, oversized and continuously trickling responses
  ✔ status (20.618676ms)
  ✔ json (2.581199ms)
  ✔ size (10.547378ms)
  ✔ timeout (109.602063ms)
✔ snapd rejects HTTP errors, malformed JSON, oversized and continuously trickling responses (144.215271ms)
✔ finite runner preserves split UTF-8 and rejects errors, missing commands and output overflow (156.685851ms)
✔ deadline kills detached command descendants, not just the parent (526.935015ms)
✔ installed conversion validation rejects borrowed architecture, duplicate routes and unchecked results (7.665764ms)
✔ SIGTERM stops an active finite process and releases signal listeners (87.6786ms)
✔ privileged cache digest can only read the fixed z8-work revision path (0.373623ms)
✔ Snap recipe targets core24 amd64 with explicit local file permissions (14.545156ms)
✔ Snap metadata rejects aliases, duplicate fields and oversized documents (1.715577ms)
✔ Snap metadata refuses widened permissions, services, wrong base and version (18.764224ms)
✔ Snap payload rejects Debian bundles and GTK dialogs even when architecture matches (2.416825ms)
✔ expanded Snap permits only the reviewed GNOME command chain and font hook (2.991073ms)
✔ assembly combines exact verified cache and supplement without changing originals (297.860842ms)
✔ assembly rejects a corrupt source rather than trusting a verified report (153.98632ms)
✔ assembly rejects foreign manifests and outputs inside immutable source caches (84.227404ms)
✔ snapshot metadata binds the precise source/epoch and official archive (1.250537ms)
✔ snapshot metadata rejects unsafe paths, ambiguous identities and oversized files (4.268068ms)
✔ download verifies both hashes and reuses a complete file without network (59.662076ms)
✔ real HTTP range response resumes retained prefix (60.810156ms)
✔ server ignoring Range restarts rather than appending a whole response (20.102428ms)
✔ wrong ranges, encoding and length never publish a final file (7.652889ms)
✔ truncated response is retained and a subsequent run resumes it (9.986422ms)
✔ corrupt cached prefix fails full checksum and can be downloaded cleanly next time (26.775779ms)
✔ SHA-1 alone cannot override descriptor SHA-256 and existing files are not replaced (25.418783ms)
✔ failure falls back to official historical URL; arbitrary URLs are rejected (19.403846ms)
✔ symlinks and deadline cancellation do not modify outside files or publish completion (3.403238ms)
✔ CLI rejects stale resume binding and releases the workspace lock (87.490142ms)
✔ historical aliases use the exact filename named by the source descriptor (20.074427ms)
✔ hard-linked partial files cannot be truncated by a resume (3.488154ms)
✔ a stalled HTTP response is aborted by the overall deadline (111.924262ms)
✔ metadata retries network failures once and does not retry a missing version (4.269402ms)
✔ CLI refuses a workspace held by another collector (46.092751ms)
✔ SIGTERM produces a failed checkpoint and releases the collector lock (65.81247ms)
✔ Debian source identity preserves epoch and binNMU distinction (8.902968ms)
✔ control parser handles signed CRLF and rejects duplicate fields (0.173375ms)
✔ both static source declaration fields require exact versions (0.201ms)
✔ bundle audit checks every byte and rejects unlisted or changed files (69.099667ms)
✔ package-relative files reject traversal and symbolic links (4.575567ms)
✔ exact Debian content resolves extracted resources and preserves static source requirements (16.822773ms)
✔ wrong or ambiguous Debian content cannot certify package ownership (6.785726ms)
✔ source descriptor requires exact hashes, lengths and the Debian patch archive (13.268452ms)
✔ another source version cannot satisfy a matching package name (17.375146ms)
✔ source descriptor refuses path escapes and missing declared files (8.346595ms)
✔ Debian catalog reads real archive content without installing or extracting it (129.212034ms)
✔ installed metadata must match the recorded binary and source versions (18.924682ms)
✔ missing notices are distinguished from unmapped runtime files (6.9016ms)
✔ an arbitrary transformation cannot bypass origin integrity (12.008248ms)
✔ audit refuses output inside the original engine bundle (118.231156ms)
✔ storage diagnostics distinguish locations and round capacity conservatively (13.861783ms)
✔ u64 storage diagnostics are handled without unsafe number coercion (0.367499ms)
✔ file-entry exhaustion and permission errors offer actionable localized recovery (0.197458ms)
✔ unrelated or malformed errors pass through as text (0.117792ms)
✔ current store drafts retain all unresolved acceptance and account gates (16.807898ms)
✔ listing languages, supported text and store field limits are checked (5.533355ms)
✔ privacy/support pages escape text, work without scripts and match checked-in output (7.30964ms)
✔ PNG validation rejects truncation, forged dimensions and corrupt image bytes (41.634392ms)
✔ hashed references reject stale files and paths outside the dossier workspace (15.482069ms)
✔ synthetic complete metadata reaches human review, not store approval (43.752925ms)
✔ a passed string without a hashed check report cannot release a candidate (66.672385ms)
✔ another platform's screenshot and a stale public policy stay blocked (65.212598ms)
✔ candidate swap invalidates every previous acceptance report (24.293662ms)
✔ an explicit incomplete redistribution review blocks even passing check reports (52.480978ms)
✔ package validation streams candidates larger than the JSON evidence limit (43.792633ms)
✔ desktop app, channels and synthetic upgrade versions agree (33.483213ms)
✔ version mappings reject downgrade, overflow, ambiguous numbers and guessed Store versions (1.44887ms)
✔ lifecycle validation requires exactly one real successful test (2.688074ms)
✔ runtime readiness distinguishes stable, prerelease and absent WebView2 (1.139663ms)
✔ handoff verification rejects changed, missing and unlisted files (53.341599ms)
✔ handoff rejects case aliases and unsafe manifest paths before reading them (16.815397ms)
✔ reports cannot mutate input directories through direct or symlink paths (15.765318ms)
✔ Windows source lock is pinned and rejects unsafe paths, collisions and incomplete inputs (5.08994ms)
✔ assembler creates a schema 2 bundle with exact copied hashes and no host fallback (103.22721ms)
✔ assembler rejects corrupted archives before extraction (10.095922ms)
✔ assembler rejects tampered extracted resources even with a valid archive receipt (6.9926ms)
✔ assembler detects wrong PE architecture independently of file hashes (104.414873ms)
✔ Windows matrix validation keeps Linux default and requires all decoded routes (4.944566ms)
✔ engine CLI records static checks and blocks execution on the wrong host (209.418036ms)
✔ PE parser extracts normal and delay DLL imports, kind and resources (1.496828ms)
✔ PE parser rejects truncation, wrong architecture and malformed tables (4.130485ms)
✔ PE import descriptors require bounded terminators and safe module names (1.809076ms)
✔ PE rejects ambiguous sections and invalid certificate file offsets (0.278999ms)
✔ VC runtime and WebView2 loader are private dependencies (0.19175ms)
✔ tree resolves private DLLs recursively and exposes missing delay imports (29.341603ms)
✔ tree refuses engine DLL lookup through unrelated directories (9.039009ms)
✔ tree refuses DLL shadowing, wrong kind and symlinks (9.865672ms)
✔ tree rejects case-colliding package names on case-sensitive hosts (6.166144ms)
✔ CLI records static-only success, blocks foreign runtime and never overwrites (213.466105ms)
✔ source receipts cover working-tree files and reject changed or overwritten evidence (342.587222ms)
ℹ tests 175
ℹ suites 0
ℹ pass 175
ℹ fail 0
ℹ cancelled 0
ℹ skipped 0
ℹ todo 0
ℹ duration_ms 1260.396868
