✔ diagnostic preview preserves exact reviewed bytes (0.699965ms)
✔ diagnostic preview rejects malformed ids schemas and oversized UTF-8 (0.265752ms)
✔ diagnostic action advice is bilingual and does not expose raw errors (0.119668ms)
✔ native fault evidence requires actual bounded injection, recovery, cleanup and platform (0.777341ms)
✔ impact uses saved image snapshots, offsets growth and resets on clear (1.006551ms)
✔ duplicate delivery, retries and stale saved results never accumulate (0.138251ms)
✔ zero upload capability fails closed for missing backend or unknown routes (0.080126ms)
✔ desktop scenario reuses the web model and source allowlist matches (4.08133ms)
✔ result notes translate application copy without echoing unknown logs (0.725382ms)
✔ source receipt detects fixture/config/addition/deletion drift and excludes ignored secrets (360.997657ms)
✔ macOS deployment gate rejects iOS, missing metadata, incompatible minimum OS and malformed commands (0.942592ms)
✔ Mach-O embedded loader environment is rejected (0.126502ms)
✔ macOS assembler creates a checked inventory without executing foreign code and refuses overwrite (93.15441ms)
✔ Mach-O parser rejects x64, fat, truncated and malformed load commands (0.831716ms)
✔ dyld closure rejects builder paths, rpath ambiguity and escaping loader paths (0.218919ms)
✔ macOS bundle checks every code resource and refuses missing, changed and linked dependencies (7.41661ms)
✔ MSIX native execution refuses Wine, Linux and Windows ARM emulation (0.754507ms)
✔ Windows registration must match identity, version, architecture and actual install folder (5.870597ms)
✔ MSIX receipt rejects null fingerprints, alias paths and missing executable (1.113218ms)
✔ MSIX default preflight never signs, installs or claims runtime acceptance (0.503047ms)
✔ successful installed workflow rechecks payload then removes its owned registration (0.402671ms)
✔ MSIX verifyInput failure remains observable and respects cleanup ownership (0.135668ms)
✔ MSIX preflight failure remains observable and respects cleanup ownership (0.055334ms)
✔ MSIX sign failure remains observable and respects cleanup ownership (0.049375ms)
✔ MSIX checkSigned failure remains observable and respects cleanup ownership (0.273336ms)
✔ MSIX install failure remains observable and respects cleanup ownership (0.312628ms)
✔ MSIX checkInstalled failure remains observable and respects cleanup ownership (0.319211ms)
✔ MSIX runtime failure remains observable and respects cleanup ownership (0.116709ms)
✔ MSIX uninstall failure remains observable and respects cleanup ownership (0.111126ms)
✔ MSIX verifyOriginal failure remains observable and respects cleanup ownership (0.047334ms)
✔ runtime and cleanup failures are both preserved (0.077042ms)
✔ an incomplete runtime report cannot pass even when the subprocess adapter resolves (0.092126ms)
✔ missing WebView2 keeps native acceptance blocked after conversions and cleanup (0.065251ms)
✔ non-Windows execute request stops before any signing or installation (0.040375ms)
✔ MSIX development configuration cannot silently become a store package (6.51856ms)
✔ MSIX manifest escapes display text and uses the explicit full-trust desktop entry (1.034468ms)
✔ MSIX icons contain real PNG headers at each required base size (2.795067ms)
✔ independent MSIX archive verification rejects corruption and unsafe archives (60.80615ms)
✔ supplementary notices preserve exact upstream bytes and immutable source revisions (26.225786ms)
✔ artifact matrix keeps store targets separate from local ARM evidence (3.771535ms)
✔ package validator rejects another architecture and malformed ELF (0.307253ms)
✔ acceptance cannot borrow an older candidate or count not-run checks as passed (1.640849ms)
✔ candidate build gate rejects development, debug, updater and mismatched version (1.05101ms)
✔ Windows candidate requires the compiled job-close strategy (1.843892ms)
✔ desktop preferences reject file grants, future schemas and invalid options (4.624085ms)
✔ system language uses primary preference, explicit selection wins (0.158085ms)
✔ initialization never writes defaults or overwrites a slow read (0.21946ms)
✔ failed save retains unsaved choice, revision and explicit retry (0.240961ms)
✔ ambiguous saved reply requires reload before stale retry can overwrite (0.192294ms)
✔ unreadable preferences never enable writes, can recover on explicit reload (1.844975ms)
✔ dispose suppresses late load responses and concurrent calls are ignored (4.884046ms)
✔ reactive proxy preferences are normalized into detached IPC data (0.121918ms)
✔ preview contract bounds payload, dimensions and explicit preview routes (1.077801ms)
✔ only one preview URL is retained and every switch or dispose releases it (0.497588ms)
✔ removal and disposal suppress late responses without creating a blob URL (0.118584ms)
✔ duplicate preview starts do not allocate parallel native work; failure can retry (0.21421ms)
✔ PDF first-page previews share the image byte budget (0.061709ms)
✔ media previews classify frames and covers without admitting playlists or invalid sizes (0.144585ms)
✔ candidate quality gate rejects old scope, omitted checks, duplicates and bad pixels (12.654576ms)
✔ subscribes before snapshot and catches a completion during the first read (3.619117ms)
✔ late subscription is released after unmount (0.158835ms)
✔ old snapshots cannot replace a newer task state (0.54913ms)
✔ unmount while reading does not update the UI (1.200803ms)
✔ a failed request can recover on the next refresh (0.553755ms)
✔ contract rejects incompatible schema, duplicate tasks and malformed results (0.309877ms)
✔ reads the same contract fixture as Rust (2.713983ms)
✔ conversion settings reject unsupported DPI and unknown quality (0.128834ms)
✔ partial page contract rejects duplicate and out-of-range pages (2.581149ms)
✔ import reports are bounded and optional for older queue snapshots (0.280461ms)
✔ readiness isolates slow and failed engines while saving needs none (0.509421ms)
✔ public failure copy is bilingual and never echoes raw engine logs (0.142543ms)
✔ progress snapshot rejects stale attempts, completion percentages and log payloads (6.910106ms)
✔ failure vocabulary matches the shared Rust fixture (1.165469ms)
✔ queue schema 3 supports saving without granting input permission or claiming saved output (3.747118ms)
✔ save retry requests bind attempt and settings while normal retry stays a conversion (4.4705ms)
✔ frozen desktop scope matches UI formats, languages and artifact identities (3.406115ms)
✔ desktop CI covers every receipt input and uses the pinned Rust toolchain (12.439741ms)
✔ final Snap byte inspection stays distinct from runtime and installation acceptance (89.453833ms)
✔ final Snap inspection rejects changed engines, missing helpers and non-executable applications (160.664414ms)
✔ strict preflight rejects the real ARM/partial class of host, root and mismatched kernel (0.941509ms)
✔ installed revision must be active strict, never devmode, try or an unsafe path (0.346795ms)
✔ connections require exact GNOME, GPU, theme providers and home/display access (0.509671ms)
✔ installed mount rejects extracted directories, writable and duplicate mounts (0.295336ms)
✔ probe receipts require enforced app profile, seccomp and exact per-run nonce (0.247086ms)
✔ probe script quotes hostile-looking filenames without executing substitutions (17.050826ms)
✔ snapd uses bounded read-only Unix HTTP and validates the response envelope (18.960594ms)
▶ snapd rejects HTTP errors, malformed JSON, oversized and continuously trickling responses
  ✔ status (6.976815ms)
  ✔ json (3.652076ms)
  ✔ size (2.35398ms)
  ✔ timeout (104.836352ms)
✔ snapd rejects HTTP errors, malformed JSON, oversized and continuously trickling responses (118.82165ms)
✔ finite runner preserves split UTF-8 and rejects errors, missing commands and output overflow (69.593941ms)
✔ deadline kills detached command descendants, not just the parent (507.490106ms)
✔ installed conversion validation rejects borrowed architecture, duplicate routes and unchecked results (4.872628ms)
✔ SIGTERM stops an active finite process and releases signal listeners (54.68701ms)
✔ privileged cache digest can only read the fixed z8-work revision path (0.874634ms)
✔ Snap recipe targets core24 amd64 with explicit local file permissions (11.323106ms)
✔ Snap metadata rejects aliases, duplicate fields and oversized documents (1.490056ms)
✔ Snap metadata refuses widened permissions, services, wrong base and version (15.095182ms)
✔ Snap payload rejects Debian bundles and GTK dialogs even when architecture matches (1.221012ms)
✔ expanded Snap permits only the reviewed GNOME command chain and font hook (1.376054ms)
✔ assembly combines exact verified cache and supplement without changing originals (86.002843ms)
✔ assembly rejects a corrupt source rather than trusting a verified report (34.993659ms)
✔ assembly rejects foreign manifests and outputs inside immutable source caches (54.09388ms)
✔ snapshot metadata binds the precise source/epoch and official archive (1.211095ms)
✔ snapshot metadata rejects unsafe paths, ambiguous identities and oversized files (0.214835ms)
✔ download verifies both hashes and reuses a complete file without network (18.080211ms)
✔ real HTTP range response resumes retained prefix (17.8615ms)
✔ server ignoring Range restarts rather than appending a whole response (5.184215ms)
✔ wrong ranges, encoding and length never publish a final file (2.333522ms)
✔ truncated response is retained and a subsequent run resumes it (1.481972ms)
✔ corrupt cached prefix fails full checksum and can be downloaded cleanly next time (1.901934ms)
✔ SHA-1 alone cannot override descriptor SHA-256 and existing files are not replaced (1.384638ms)
✔ failure falls back to official historical URL; arbitrary URLs are rejected (2.205979ms)
✔ symlinks and deadline cancellation do not modify outside files or publish completion (1.090052ms)
✔ CLI rejects stale resume binding and releases the workspace lock (31.21425ms)
✔ historical aliases use the exact filename named by the source descriptor (2.87886ms)
✔ hard-linked partial files cannot be truncated by a resume (0.742049ms)
✔ a stalled HTTP response is aborted by the overall deadline (105.879404ms)
✔ metadata retries network failures once and does not retry a missing version (1.050594ms)
✔ CLI refuses a workspace held by another collector (25.160484ms)
✔ SIGTERM produces a failed checkpoint and releases the collector lock (28.131013ms)
✔ Debian source identity preserves epoch and binNMU distinction (1.348804ms)
✔ control parser handles signed CRLF and rejects duplicate fields (0.154626ms)
✔ both static source declaration fields require exact versions (0.199044ms)
✔ bundle audit checks every byte and rejects unlisted or changed files (13.85538ms)
✔ package-relative files reject traversal and symbolic links (1.387221ms)
✔ exact Debian content resolves extracted resources and preserves static source requirements (10.894018ms)
✔ wrong or ambiguous Debian content cannot certify package ownership (4.795711ms)
✔ source descriptor requires exact hashes, lengths and the Debian patch archive (4.884129ms)
✔ another source version cannot satisfy a matching package name (6.79698ms)
✔ source descriptor refuses path escapes and missing declared files (1.98006ms)
✔ Debian catalog reads real archive content without installing or extracting it (44.076411ms)
✔ installed metadata must match the recorded binary and source versions (5.032339ms)
✔ missing notices are distinguished from unmapped runtime files (4.008204ms)
✔ an arbitrary transformation cannot bypass origin integrity (3.135238ms)
✔ audit refuses output inside the original engine bundle (27.176087ms)
✔ storage diagnostics distinguish locations and round capacity conservatively (19.946603ms)
✔ u64 storage diagnostics are handled without unsafe number coercion (0.226211ms)
✔ file-entry exhaustion and permission errors offer actionable localized recovery (0.256044ms)
✔ unrelated or malformed errors pass through as text (0.093084ms)
✔ current store drafts retain all unresolved acceptance and account gates (5.892805ms)
✔ listing languages, supported text and store field limits are checked (1.549889ms)
✔ privacy/support pages escape text, work without scripts and match checked-in output (1.792808ms)
✔ PNG validation rejects truncation, forged dimensions and corrupt image bytes (12.463617ms)
✔ hashed references reject stale files and paths outside the dossier workspace (6.500978ms)
✔ synthetic complete metadata reaches human review, not store approval (17.418788ms)
✔ a passed string without a hashed check report cannot release a candidate (14.083048ms)
✔ another platform's screenshot and a stale public policy stay blocked (13.279623ms)
✔ candidate swap invalidates every previous acceptance report (3.408656ms)
✔ an explicit incomplete redistribution review blocks even passing check reports (24.72273ms)
✔ package validation streams candidates larger than the JSON evidence limit (47.89178ms)
✔ one acceptance report cannot stand in for a different check (26.112535ms)
✔ foreign, emulated, stale-source and unsupported check reports remain blocked (107.98059ms)
✔ missing fault or performance acceptance blocks an otherwise complete dossier (29.260731ms)
✔ raw evidence must exist and retain its reviewed bytes (25.640781ms)
✔ standalone candidate gate also verifies concrete report references (56.938239ms)
✔ desktop app, channels and synthetic upgrade versions agree (11.45744ms)
✔ version mappings reject downgrade, overflow, ambiguous numbers and guessed Store versions (0.505421ms)
✔ lifecycle validation requires exactly one real successful test (1.46068ms)
✔ runtime readiness distinguishes stable, prerelease and absent WebView2 (0.211544ms)
✔ handoff verification rejects changed, missing and unlisted files (14.288217ms)
✔ handoff rejects case aliases and unsafe manifest paths before reading them (2.692233ms)
✔ reports cannot mutate input directories through direct or symlink paths (3.03657ms)
✔ Windows source lock is pinned and rejects unsafe paths, collisions and incomplete inputs (5.367341ms)
✔ assembler creates a schema 2 bundle with exact copied hashes and no host fallback (27.970386ms)
✔ assembler rejects corrupted archives before extraction (2.730067ms)
✔ assembler rejects tampered extracted resources even with a valid archive receipt (2.10227ms)
✔ assembler detects wrong PE architecture independently of file hashes (11.859069ms)
✔ Windows matrix validation keeps Linux default and requires all decoded routes (1.094843ms)
✔ engine CLI records static checks and blocks execution on the wrong host (111.871793ms)
✔ PE parser extracts normal and delay DLL imports, kind and resources (1.497181ms)
✔ PE parser rejects truncation, wrong architecture and malformed tables (0.828216ms)
✔ PE import descriptors require bounded terminators and safe module names (1.143844ms)
✔ PE rejects ambiguous sections and invalid certificate file offsets (0.284003ms)
✔ VC runtime and WebView2 loader are private dependencies (0.182585ms)
✔ tree resolves private DLLs recursively and exposes missing delay imports (12.664993ms)
✔ tree refuses engine DLL lookup through unrelated directories (2.044061ms)
✔ tree refuses DLL shadowing, wrong kind and symlinks (2.630858ms)
✔ tree rejects case-colliding package names on case-sensitive hosts (1.865725ms)
✔ CLI records static-only success, blocks foreign runtime and never overwrites (107.229458ms)
✔ source receipts cover working-tree files and reject changed or overwritten evidence (258.057656ms)
ℹ tests 182
ℹ suites 0
ℹ pass 182
ℹ fail 0
ℹ cancelled 0
ℹ skipped 0
ℹ todo 0
ℹ duration_ms 925.624837
