dbus-daemon[2110559]: [session uid=501 pid=2110559 pidfd=5] Activating service name='org.a11y.Bus' requested by ':1.1' (uid=501 pid=2110601 comm="/home/ivmm/VERT/.desktop-local/complete-extracted/")
dbus-daemon[2110559]: [session uid=501 pid=2110559 pidfd=5] Successfully activated service 'org.a11y.Bus'
dbus-daemon[2110559]: [session uid=501 pid=2110559 pidfd=5] Activating service name='org.freedesktop.portal.Desktop' requested by ':1.3' (uid=501 pid=2110601 comm="/home/ivmm/VERT/.desktop-local/complete-extracted/")
dbus-daemon[2110559]: [session uid=501 pid=2110559 pidfd=5] Activating service name='org.freedesktop.impl.portal.PermissionStore' requested by ':1.4' (uid=501 pid=2110621 comm="/usr/libexec/xdg-desktop-portal")
dbus-daemon[2110559]: [session uid=501 pid=2110559 pidfd=5] Successfully activated service 'org.freedesktop.impl.portal.PermissionStore'
dbus-daemon[2110559]: [session uid=501 pid=2110559 pidfd=5] Activating service name='org.freedesktop.portal.Documents' requested by ':1.4' (uid=501 pid=2110621 comm="/usr/libexec/xdg-desktop-portal")
dbus-daemon[2110559]: [session uid=501 pid=2110559 pidfd=5] Successfully activated service 'org.freedesktop.portal.Documents'

(/usr/libexec/xdg-desktop-portal:2110621): xdg-desktop-portal-WARNING **: 03:00:46.826: Choosing gtk.portal for org.freedesktop.impl.portal.Lockdown as a last-resort fallback
dbus-daemon[2110559]: [session uid=501 pid=2110559 pidfd=5] Activating service name='org.freedesktop.impl.portal.desktop.gtk' requested by ':1.4' (uid=501 pid=2110621 comm="/usr/libexec/xdg-desktop-portal")
dbus-daemon[2110616]: Activating service name='org.a11y.atspi.Registry' requested by ':1.1' (uid=501 pid=2110645 comm="/usr/libexec/xdg-desktop-portal-gtk")
dbus-daemon[2110616]: Successfully activated service 'org.a11y.atspi.Registry'
SpiRegistry daemon is running with well-known name - org.a11y.atspi.Registry
dbus-daemon[2110559]: [session uid=501 pid=2110559 pidfd=5] Successfully activated service 'org.freedesktop.impl.portal.desktop.gtk'

(/usr/libexec/xdg-desktop-portal:2110621): xdg-desktop-portal-WARNING **: 03:00:46.870: Failed to load RealtimeKit property: GDBus.Error:org.freedesktop.DBus.Error.ServiceUnknown: The name org.freedesktop.RealtimeKit1 was not provided by any .service files

(/usr/libexec/xdg-desktop-portal:2110621): xdg-desktop-portal-WARNING **: 03:00:46.870: Failed to load RealtimeKit property: GDBus.Error:org.freedesktop.DBus.Error.ServiceUnknown: The name org.freedesktop.RealtimeKit1 was not provided by any .service files

(/usr/libexec/xdg-desktop-portal:2110621): xdg-desktop-portal-WARNING **: 03:00:46.870: Failed to load RealtimeKit property: GDBus.Error:org.freedesktop.DBus.Error.ServiceUnknown: The name org.freedesktop.RealtimeKit1 was not provided by any .service files

(/usr/libexec/xdg-desktop-portal:2110621): xdg-desktop-portal-WARNING **: 03:00:46.870: Choosing gtk.portal for org.freedesktop.impl.portal.Settings as a last-resort fallback

(/usr/libexec/xdg-desktop-portal:2110621): xdg-desktop-portal-WARNING **: 03:00:46.870: Choosing gtk.portal for org.freedesktop.impl.portal.FileChooser as a last-resort fallback

(/usr/libexec/xdg-desktop-portal:2110621): xdg-desktop-portal-WARNING **: 03:00:46.871: Choosing gtk.portal for org.freedesktop.impl.portal.AppChooser as a last-resort fallback

(/usr/libexec/xdg-desktop-portal:2110621): xdg-desktop-portal-WARNING **: 03:00:46.871: Choosing gtk.portal for org.freedesktop.impl.portal.Print as a last-resort fallback

(/usr/libexec/xdg-desktop-portal:2110621): xdg-desktop-portal-WARNING **: 03:00:46.871: Choosing gtk.portal for org.freedesktop.impl.portal.Notification as a last-resort fallback

(/usr/libexec/xdg-desktop-portal:2110621): xdg-desktop-portal-WARNING **: 03:00:46.872: Choosing gtk.portal for org.freedesktop.impl.portal.Inhibit as a last-resort fallback

(/usr/libexec/xdg-desktop-portal:2110621): xdg-desktop-portal-WARNING **: 03:00:46.872: Choosing gtk.portal for org.freedesktop.impl.portal.Access as a last-resort fallback
[W][03:00:46.874383] pw.conf      | [          conf.c: 1182 try_load_conf()] can't load config client.conf: No such file or directory
[E][03:00:46.874438] pw.conf      | [          conf.c: 1215 pw_conf_load_conf_for_context()] can't load config client.conf: No such file or directory

(/usr/libexec/xdg-desktop-portal:2110621): xdg-desktop-portal-WARNING **: 03:00:46.874: Failed connect to PipeWire: Couldn't create PipeWire context

(/usr/libexec/xdg-desktop-portal:2110621): xdg-desktop-portal-WARNING **: 03:00:46.875: Choosing gtk.portal for org.freedesktop.impl.portal.Account as a last-resort fallback

(/usr/libexec/xdg-desktop-portal:2110621): xdg-desktop-portal-WARNING **: 03:00:46.875: Choosing gtk.portal for org.freedesktop.impl.portal.Email as a last-resort fallback

(/usr/libexec/xdg-desktop-portal:2110621): xdg-desktop-portal-WARNING **: 03:00:46.875: Choosing gtk.portal for org.freedesktop.impl.portal.DynamicLauncher as a last-resort fallback
dbus-daemon[2110559]: [session uid=501 pid=2110559 pidfd=5] Successfully activated service 'org.freedesktop.portal.Desktop'
dbus-daemon[2110559]: [session uid=501 pid=2110559 pidfd=5] Activating service name='ca.desrt.dconf' requested by ':1.7' (uid=501 pid=2110645 comm="/usr/libexec/xdg-desktop-portal-gtk")
dbus-daemon[2110559]: [session uid=501 pid=2110559 pidfd=5] Successfully activated service 'ca.desrt.dconf'
/home/ivmm/VERT/.desktop-local/phase27-gui-4h7mMZ
