dbus-daemon[3614300]: [session uid=501 pid=3614300 pidfd=5] Activating service name='org.freedesktop.impl.portal.PermissionStore' requested by ':1.0' (uid=501 pid=3614305 comm="/usr/libexec/xdg-desktop-portal")
dbus-daemon[3614300]: [session uid=501 pid=3614300 pidfd=5] Successfully activated service 'org.freedesktop.impl.portal.PermissionStore'
dbus-daemon[3614300]: [session uid=501 pid=3614300 pidfd=5] Activating service name='org.freedesktop.portal.Documents' requested by ':1.0' (uid=501 pid=3614305 comm="/usr/libexec/xdg-desktop-portal")
dbus-daemon[3614300]: [session uid=501 pid=3614300 pidfd=5] Successfully activated service 'org.freedesktop.portal.Documents'
dbus-daemon[3614300]: [session uid=501 pid=3614300 pidfd=5] Activating service name='org.freedesktop.impl.portal.desktop.gtk' requested by ':1.0' (uid=501 pid=3614305 comm="/usr/libexec/xdg-desktop-portal")
dbus-daemon[3614300]: [session uid=501 pid=3614300 pidfd=5] Activating service name='org.a11y.Bus' requested by ':1.3' (uid=501 pid=3614304 comm="/usr/libexec/xdg-desktop-portal-gtk")
dbus-daemon[3614300]: [session uid=501 pid=3614300 pidfd=5] Successfully activated service 'org.a11y.Bus'
dbus-daemon[3614344]: Activating service name='org.a11y.atspi.Registry' requested by ':1.0' (uid=501 pid=3614304 comm="/usr/libexec/xdg-desktop-portal-gtk")
dbus-daemon[3614344]: Successfully activated service 'org.a11y.atspi.Registry'
SpiRegistry daemon is running with well-known name - org.a11y.atspi.Registry
dbus-daemon[3614300]: [session uid=501 pid=3614300 pidfd=5] Successfully activated service 'org.freedesktop.impl.portal.desktop.gtk'
dbus-daemon[3614300]: [session uid=501 pid=3614300 pidfd=5] Activating service name='ca.desrt.dconf' requested by ':1.7' (uid=501 pid=3614336 comm="/usr/libexec/xdg-desktop-portal-gtk")
dbus-daemon[3614300]: [session uid=501 pid=3614300 pidfd=5] Successfully activated service 'ca.desrt.dconf'

(xdg-desktop-portal-gtk:3614336): Gtk-CRITICAL **: 14:23:31.136: gtk_widget_event: assertion 'WIDGET_REALIZED_FOR_EVENT (widget, event)' failed

(xdg-desktop-portal-gtk:3614336): Gtk-CRITICAL **: 14:23:31.142: gtk_widget_event: assertion 'WIDGET_REALIZED_FOR_EVENT (widget, event)' failed

(xdg-desktop-portal-gtk:3614336): Gtk-CRITICAL **: 14:23:37.660: gtk_widget_event: assertion 'WIDGET_REALIZED_FOR_EVENT (widget, event)' failed

(xdg-desktop-portal-gtk:3614336): Gtk-CRITICAL **: 14:23:55.381: gtk_widget_event: assertion 'WIDGET_REALIZED_FOR_EVENT (widget, event)' failed

(xdg-desktop-portal-gtk:3614336): Gtk-CRITICAL **: 14:24:19.269: gtk_widget_event: assertion 'WIDGET_REALIZED_FOR_EVENT (widget, event)' failed

(xdg-desktop-portal-gtk:3614336): Gtk-CRITICAL **: 14:24:27.175: gtk_widget_event: assertion 'WIDGET_REALIZED_FOR_EVENT (widget, event)' failed

(xdg-desktop-portal-gtk:3614336): Gtk-CRITICAL **: 14:24:27.182: gtk_widget_event: assertion 'WIDGET_REALIZED_FOR_EVENT (widget, event)' failed

(xdg-desktop-portal-gtk:3614336): Gtk-CRITICAL **: 14:24:36.273: gtk_widget_event: assertion 'WIDGET_REALIZED_FOR_EVENT (widget, event)' failed

(xdg-desktop-portal-gtk:3614336): Gtk-CRITICAL **: 14:24:36.279: gtk_widget_event: assertion 'WIDGET_REALIZED_FOR_EVENT (widget, event)' failed

(xdg-desktop-portal-gtk:3614336): Gtk-CRITICAL **: 14:24:38.223: gtk_widget_event: assertion 'WIDGET_REALIZED_FOR_EVENT (widget, event)' failed

(xdg-desktop-portal-gtk:3614336): Gtk-CRITICAL **: 14:24:38.230: gtk_widget_event: assertion 'WIDGET_REALIZED_FOR_EVENT (widget, event)' failed

(xdg-desktop-portal-gtk:3614336): Gtk-CRITICAL **: 14:24:43.113: gtk_widget_event: assertion 'WIDGET_REALIZED_FOR_EVENT (widget, event)' failed

(xdg-desktop-portal-gtk:3614336): Gtk-CRITICAL **: 14:24:50.185: gtk_widget_event: assertion 'WIDGET_REALIZED_FOR_EVENT (widget, event)' failed
/home/ivmm/VERT/.desktop-local/packaged-remove-current-20260914/gui
