dbus-daemon[3492866]: [session uid=501 pid=3492866 pidfd=5] Activating service name='org.freedesktop.impl.portal.PermissionStore' requested by ':1.0' (uid=501 pid=3492871 comm="/usr/libexec/xdg-desktop-portal")
dbus-daemon[3492866]: [session uid=501 pid=3492866 pidfd=5] Successfully activated service 'org.freedesktop.impl.portal.PermissionStore'
dbus-daemon[3492866]: [session uid=501 pid=3492866 pidfd=5] Activating service name='org.freedesktop.portal.Documents' requested by ':1.0' (uid=501 pid=3492871 comm="/usr/libexec/xdg-desktop-portal")
dbus-daemon[3492866]: [session uid=501 pid=3492866 pidfd=5] Successfully activated service 'org.freedesktop.portal.Documents'
dbus-daemon[3492866]: [session uid=501 pid=3492866 pidfd=5] Activating service name='org.freedesktop.impl.portal.desktop.gtk' requested by ':1.0' (uid=501 pid=3492871 comm="/usr/libexec/xdg-desktop-portal")
dbus-daemon[3492866]: [session uid=501 pid=3492866 pidfd=5] Activating service name='org.a11y.Bus' requested by ':1.3' (uid=501 pid=3492870 comm="/usr/libexec/xdg-desktop-portal-gtk")
dbus-daemon[3492866]: [session uid=501 pid=3492866 pidfd=5] Successfully activated service 'org.a11y.Bus'
dbus-daemon[3492910]: Activating service name='org.a11y.atspi.Registry' requested by ':1.0' (uid=501 pid=3492870 comm="/usr/libexec/xdg-desktop-portal-gtk")
dbus-daemon[3492910]: Successfully activated service 'org.a11y.atspi.Registry'
SpiRegistry daemon is running with well-known name - org.a11y.atspi.Registry
dbus-daemon[3492866]: [session uid=501 pid=3492866 pidfd=5] Successfully activated service 'org.freedesktop.impl.portal.desktop.gtk'
dbus-daemon[3492866]: [session uid=501 pid=3492866 pidfd=5] Activating service name='ca.desrt.dconf' requested by ':1.6' (uid=501 pid=3492870 comm="/usr/libexec/xdg-desktop-portal-gtk")
dbus-daemon[3492866]: [session uid=501 pid=3492866 pidfd=5] Successfully activated service 'ca.desrt.dconf'
/home/ivmm/VERT/.desktop-local/packaged-all-20260914/diagnostic-gui
node:internal/modules/run_main:107
    triggerUncaughtException(
    ^

Error: spawn /home/ivmm/VERT/.desktop-local/packaged-all-20260914/intentionally-missing-xdotool ENOENT
    at ChildProcess._handle.onexit (node:internal/child_process:287:19)
    at onErrorNT (node:internal/child_process:508:16)
    at process.processTicksAndRejections (node:internal/process/task_queues:90:21) {
  errno: -2,
  code: 'ENOENT',
  syscall: 'spawn /home/ivmm/VERT/.desktop-local/packaged-all-20260914/intentionally-missing-xdotool',
  path: '/home/ivmm/VERT/.desktop-local/packaged-all-20260914/intentionally-missing-xdotool',
  spawnargs: [
    'search',
    '--onlyvisible',
    '--name',
    '^Z8.Work — Select input files$'
  ],
  cmd: '/home/ivmm/VERT/.desktop-local/packaged-all-20260914/intentionally-missing-xdotool search --onlyvisible --name ^Z8.Work — Select input files$',
  stdout: '',
  stderr: ''
}

Node.js v24.18.0
